Archive member included to satisfy reference by file (symbol)

c:/program files/microchip/xc32/v2.50/bin/bin/../../lib/gcc/pic32c/6.2.1/../../../../pic32c/lib/v7e-m/fpv4-sp/hard\libpic32c.a(data_init.o)
                              build/samd51_lan9253_evb/production/_ext/715110505/startup_xc32.o (__pic32c_data_initialization)
c:/program files/microchip/xc32/v2.50/bin/bin/../../lib/gcc/pic32c/6.2.1/v7e-m/fpv4-sp/hard\libgcc.a(_aeabi_uldivmod.o)
                              build/samd51_lan9253_evb/production/_ext/222858286/plib_sercom0_usart.o (__aeabi_uldivmod)
c:/program files/microchip/xc32/v2.50/bin/bin/../../lib/gcc/pic32c/6.2.1/v7e-m/fpv4-sp/hard\libgcc.a(_udivmoddi4.o)
                              c:/program files/microchip/xc32/v2.50/bin/bin/../../lib/gcc/pic32c/6.2.1/v7e-m/fpv4-sp/hard\libgcc.a(_aeabi_uldivmod.o) (__udivmoddi4)
c:/program files/microchip/xc32/v2.50/bin/bin/../../lib/gcc/pic32c/6.2.1/v7e-m/fpv4-sp/hard\libgcc.a(_dvmd_tls.o)
                              c:/program files/microchip/xc32/v2.50/bin/bin/../../lib/gcc/pic32c/6.2.1/v7e-m/fpv4-sp/hard\libgcc.a(_aeabi_uldivmod.o) (__aeabi_ldiv0)
c:/program files/microchip/xc32/v2.50/bin/bin/../../lib/gcc/pic32c/6.2.1/../../../../pic32c/lib/v7e-m/fpv4-sp/hard\libc_nano.a(lib_a-init.o)
                              build/samd51_lan9253_evb/production/_ext/715110505/startup_xc32.o (__libc_init_array)
c:/program files/microchip/xc32/v2.50/bin/bin/../../lib/gcc/pic32c/6.2.1/../../../../pic32c/lib/v7e-m/fpv4-sp/hard\libc_nano.a(lib_a-malloc.o)
                              build/samd51_lan9253_evb/production/_ext/1544482854/ecatcoe.o (malloc)
c:/program files/microchip/xc32/v2.50/bin/bin/../../lib/gcc/pic32c/6.2.1/../../../../pic32c/lib/v7e-m/fpv4-sp/hard\libc_nano.a(lib_a-memcpy-stub.o)
                              build/samd51_lan9253_evb/production/_ext/1689299083/plib_nvmctrl.o (memcpy)
c:/program files/microchip/xc32/v2.50/bin/bin/../../lib/gcc/pic32c/6.2.1/../../../../pic32c/lib/v7e-m/fpv4-sp/hard\libc_nano.a(lib_a-nano-freer.o)
                              c:/program files/microchip/xc32/v2.50/bin/bin/../../lib/gcc/pic32c/6.2.1/../../../../pic32c/lib/v7e-m/fpv4-sp/hard\libc_nano.a(lib_a-malloc.o) (_free_r)
c:/program files/microchip/xc32/v2.50/bin/bin/../../lib/gcc/pic32c/6.2.1/../../../../pic32c/lib/v7e-m/fpv4-sp/hard\libc_nano.a(lib_a-nano-mallocr.o)
                              c:/program files/microchip/xc32/v2.50/bin/bin/../../lib/gcc/pic32c/6.2.1/../../../../pic32c/lib/v7e-m/fpv4-sp/hard\libc_nano.a(lib_a-malloc.o) (_malloc_r)
c:/program files/microchip/xc32/v2.50/bin/bin/../../lib/gcc/pic32c/6.2.1/../../../../pic32c/lib/v7e-m/fpv4-sp/hard\libc_nano.a(_lib_a-printf.cdnopuxX.o)
                              (_printf_cdnopuxX)
c:/program files/microchip/xc32/v2.50/bin/bin/../../lib/gcc/pic32c/6.2.1/../../../../pic32c/lib/v7e-m/fpv4-sp/hard\libc_nano.a(lib_a-puts.o)
                              build/samd51_lan9253_evb/production/_ext/1360937237/main.o (puts)
c:/program files/microchip/xc32/v2.50/bin/bin/../../lib/gcc/pic32c/6.2.1/../../../../pic32c/lib/v7e-m/fpv4-sp/hard\libc_nano.a(lib_a-sbrkr.o)
                              c:/program files/microchip/xc32/v2.50/bin/bin/../../lib/gcc/pic32c/6.2.1/../../../../pic32c/lib/v7e-m/fpv4-sp/hard\libc_nano.a(lib_a-nano-mallocr.o) (_sbrk_r)
c:/program files/microchip/xc32/v2.50/bin/bin/../../lib/gcc/pic32c/6.2.1/../../../../pic32c/lib/v7e-m/fpv4-sp/hard\libc_nano.a(lib_a-strlen.o)
                              build/samd51_lan9253_evb/production/_ext/1544482854/objdef.o (strlen)
c:/program files/microchip/xc32/v2.50/bin/bin/../../lib/gcc/pic32c/6.2.1/../../../../pic32c/lib/v7e-m/fpv4-sp/hard\libc_nano.a(lib_a-wbuf.o)
                              c:/program files/microchip/xc32/v2.50/bin/bin/../../lib/gcc/pic32c/6.2.1/../../../../pic32c/lib/v7e-m/fpv4-sp/hard\libc_nano.a(lib_a-puts.o) (__swbuf_r)
c:/program files/microchip/xc32/v2.50/bin/bin/../../lib/gcc/pic32c/6.2.1/../../../../pic32c/lib/v7e-m/fpv4-sp/hard\libc_nano.a(lib_a-wsetup.o)
                              c:/program files/microchip/xc32/v2.50/bin/bin/../../lib/gcc/pic32c/6.2.1/../../../../pic32c/lib/v7e-m/fpv4-sp/hard\libc_nano.a(lib_a-puts.o) (__swsetup_r)
c:/program files/microchip/xc32/v2.50/bin/bin/../../lib/gcc/pic32c/6.2.1/../../../../pic32c/lib/v7e-m/fpv4-sp/hard\libc_nano.a(lib_a-fflush.o)
                              c:/program files/microchip/xc32/v2.50/bin/bin/../../lib/gcc/pic32c/6.2.1/../../../../pic32c/lib/v7e-m/fpv4-sp/hard\libc_nano.a(lib_a-wbuf.o) (_fflush_r)
c:/program files/microchip/xc32/v2.50/bin/bin/../../lib/gcc/pic32c/6.2.1/../../../../pic32c/lib/v7e-m/fpv4-sp/hard\libc_nano.a(lib_a-findfp.o)
                              c:/program files/microchip/xc32/v2.50/bin/bin/../../lib/gcc/pic32c/6.2.1/../../../../pic32c/lib/v7e-m/fpv4-sp/hard\libc_nano.a(lib_a-puts.o) (__sinit)
[...]
Memory Configuration

Name             Origin             Length             Attributes
rom              0x0000000000000000 0x0000000000080000 xrl
ram              0x0000000020000000 0x0000000000030000 xw !r
config_00804000  0x0000000000804000 0x0000000000000004
config_00804004  0x0000000000804004 0x0000000000000004
config_00804008  0x0000000000804008 0x0000000000000004
*default*        0x0000000000000000 0xffffffffffffffff

Linker script and memory map

LOAD c:/program files/microchip/xc32/v2.50/bin/bin/../../lib/gcc/pic32c/6.2.1/v7e-m/fpv4-sp/hard/crti.o
LOAD c:/program files/microchip/xc32/v2.50/bin/bin/../../lib/gcc/pic32c/6.2.1/v7e-m/fpv4-sp/hard/crtbegin.o
LOAD build/samd51_lan9253_evb/production/_ext/639329829/bme280.o
LOAD build/samd51_lan9253_evb/production/_ext/639329829/weather.o
LOAD build/samd51_lan9253_evb/production/_ext/639329829/weather_example.o
LOAD build/samd51_lan9253_evb/production/_ext/1884831521/drv_lan9253.o
LOAD build/samd51_lan9253_evb/production/_ext/1884831521/drv_lan9253_ecat_util.o
LOAD build/samd51_lan9253_evb/production/_ext/2063103749/plib_adc0.o
LOAD build/samd51_lan9253_evb/production/_ext/1630087885/plib_clock.o
LOAD build/samd51_lan9253_evb/production/_ext/468224891/plib_cmcc.o
LOAD build/samd51_lan9253_evb/production/_ext/2063107748/plib_eic.o
LOAD build/samd51_lan9253_evb/production/_ext/1627938399/plib_evsys.o
LOAD build/samd51_lan9253_evb/production/_ext/467888355/plib_nvic.o
LOAD build/samd51_lan9253_evb/production/_ext/1689299083/plib_nvmctrl.o
LOAD build/samd51_lan9253_evb/production/_ext/467835204/plib_port.o
LOAD build/samd51_lan9253_evb/production/_ext/467801642/plib_qspi_spi.o
LOAD build/samd51_lan9253_evb/production/_ext/1899521798/plib_sercom2_i2c_master.o
LOAD build/samd51_lan9253_evb/production/_ext/1454823985/plib_systick.o
LOAD build/samd51_lan9253_evb/production/_ext/626184342/plib_tc0.o
LOAD build/samd51_lan9253_evb/production/_ext/2063121977/plib_tcc0.o
LOAD build/samd51_lan9253_evb/production/_ext/1302688239/xc32_monitor.o
LOAD build/samd51_lan9253_evb/production/_ext/715110505/initialization.o
LOAD build/samd51_lan9253_evb/production/_ext/715110505/interrupts.o
LOAD build/samd51_lan9253_evb/production/_ext/715110505/exceptions.o
LOAD build/samd51_lan9253_evb/production/_ext/715110505/startup_xc32.o
LOAD build/samd51_lan9253_evb/production/_ext/715110505/libc_syscalls.o
LOAD build/samd51_lan9253_evb/production/_ext/1544482854/coeappl.o
LOAD build/samd51_lan9253_evb/production/_ext/1544482854/ecatappl.o
LOAD build/samd51_lan9253_evb/production/_ext/1544482854/ecatcoe.o
LOAD build/samd51_lan9253_evb/production/_ext/1544482854/ecatslv.o
LOAD build/samd51_lan9253_evb/production/_ext/1544482854/emcy.o
LOAD build/samd51_lan9253_evb/production/_ext/1544482854/mailbox.o
LOAD build/samd51_lan9253_evb/production/_ext/1544482854/objdef.o
LOAD build/samd51_lan9253_evb/production/_ext/1544482854/sample_app.o
LOAD build/samd51_lan9253_evb/production/_ext/1544482854/sdoserv.o
LOAD build/samd51_lan9253_evb/production/_ext/1360937237/app_lan9253.o
LOAD build/samd51_lan9253_evb/production/_ext/1360937237/main.o
LOAD build/samd51_lan9253_evb/production/_ext/222858286/plib_sercom0_usart.o
                0x0000000000000001                __MPLAB_BUILD = 0x1
                0x0000000000080000                __rom_end = (ORIGIN (rom) + LENGTH (rom))
                0x0000000020030000                __ram_end = (ORIGIN (ram) + LENGTH (ram))

.config_00804000
 *(.config_00804000)

.config_00804004
 *(.config_00804004)

.config_00804008
 *(.config_00804008)

.vectors        0x0000000000000000      0x260
                0x0000000000000000                . = ALIGN (0x4)
                0x0000000000000000                _sfixed = .
 *(.vectors .vectors.* .vectors_default .vectors_default.*)
 .vectors       0x0000000000000000      0x260 build/samd51_lan9253_evb/production/_ext/715110505/interrupts.o
                0x0000000000000000                exception_table
 *(.isr_vector)
 *(.reset*)
 *(.after_vectors)

.text           0x0000000000000260       0x20
                0x0000000000000260                . = ALIGN (0x4)
 *(.glue_7t)
 .glue_7t       0x0000000000000260        0x0 linker stubs
 *(.glue_7)
 .glue_7        0x0000000000000260        0x0 linker stubs
 *(.gnu.linkonce.r.*)
 *(.ARM.extab* .gnu.linkonce.armextab.*)
                0x0000000000000260                . = ALIGN (0x4)
 *(.init)
 .init          0x0000000000000260        0x4 c:/program files/microchip/xc32/v2.50/bin/bin/../../lib/gcc/pic32c/6.2.1/v7e-m/fpv4-sp/hard/crti.o
                0x0000000000000260                _init
 .init          0x0000000000000264        0x8 c:/program files/microchip/xc32/v2.50/bin/bin/../../lib/gcc/pic32c/6.2.1/v7e-m/fpv4-sp/hard/crtn.o
                0x000000000000026c                . = ALIGN (0x4)
                0x000000000000026c                __preinit_array_start = .
 *(.preinit_array)
                0x000000000000026c                __preinit_array_end = .
                0x000000000000026c                . = ALIGN (0x4)
                0x000000000000026c                __init_array_start = .
 *(SORT(.init_array.*))
 *(.init_array)
 .init_array    0x000000000000026c        0x4 c:/program files/microchip/xc32/v2.50/bin/bin/../../lib/gcc/pic32c/6.2.1/v7e-m/fpv4-sp/hard/crtbegin.o
                0x0000000000000270                __init_array_end = .
                0x0000000000000270                . = ALIGN (0x4)
 *crtbegin.o(.ctors)
 *(EXCLUDE_FILE(*crtend.o) .ctors)
 *(SORT(.ctors.*))
 *crtend.o(.ctors)
                0x0000000000000270                . = ALIGN (0x4)
 *(.fini)
 .fini          0x0000000000000270        0x4 c:/program files/microchip/xc32/v2.50/bin/bin/../../lib/gcc/pic32c/6.2.1/v7e-m/fpv4-sp/hard/crti.o
                0x0000000000000270                _fini
 .fini          0x0000000000000274        0x8 c:/program files/microchip/xc32/v2.50/bin/bin/../../lib/gcc/pic32c/6.2.1/v7e-m/fpv4-sp/hard/crtn.o
                0x000000000000027c                . = ALIGN (0x4)
                0x000000000000027c                __fini_array_start = .
 *(.fini_array)
 .fini_array    0x000000000000027c        0x4 c:/program files/microchip/xc32/v2.50/bin/bin/../../lib/gcc/pic32c/6.2.1/v7e-m/fpv4-sp/hard/crtbegin.o
 *(SORT(.fini_array.*))
                0x0000000000000280                __fini_array_end = .
 *crtbegin.o(.dtors)
 *(EXCLUDE_FILE(*crtend.o) .dtors)
 *(SORT(.dtors.*))
 *crtend.o(.dtors)
                0x0000000000000280                . = ALIGN (0x4)
                0x0000000000000280                _efixed = .
                [!provide]                        PROVIDE (__exidx_start, .)

.ARM.exidx
 *(.ARM.exidx* .gnu.linkonce.armexidx.*)
                [!provide]                        PROVIDE (__exidx_end, .)
                0x0000000000000280                . = ALIGN (0x4)
                0x0000000000000280                _etext = .

.bss            0x0000000020000000      0x2cc
                0x0000000020000000                . = ALIGN (0x4)
                0x0000000020000000                __bss_start__ = .
                0x0000000020000000                _sbss = .
                0x0000000020000000                _szero = .
 *(COMMON)
 COMMON         0x0000000020000000       0x64 build/samd51_lan9253_evb/production/_ext/639329829/bme280.o
                0x0000000020000000                bme280_status
                0x0000000020000004                adc_H
                0x0000000020000008                bme280_config
                0x0000000020000009                bme280_ctrl_hum
                0x000000002000000c                adc_P
                0x0000000020000010                adc_T
                0x0000000020000014                bme280_ctrl_meas
                0x0000000020000018                t_fine
                0x000000002000001c                calibParam
 COMMON         0x0000000020000064        0x2 build/samd51_lan9253_evb/production/_ext/1884831521/drv_lan9253.o
                0x0000000020000064                gEscALEvent
 *fill*         0x0000000020000066        0x2 
 COMMON         0x0000000020000068       0x28 build/samd51_lan9253_evb/production/_ext/467801642/plib_qspi_spi.o
                0x0000000020000068                qspiObj
 COMMON         0x0000000020000090        0x8 build/samd51_lan9253_evb/production/_ext/1544482854/coeappl.o
                0x0000000020000090                u32LastDc32Value
                0x0000000020000094                u32CheckForDcOverrunCnt
 COMMON         0x0000000020000098       0x35 build/samd51_lan9253_evb/production/_ext/1544482854/ecatappl.o
                0x0000000020000098                bMinCycleTimeMeasurementStarted
                0x000000002000009c                u32CycleTimeStartValue
                0x00000000200000a0                bRunApplication
                0x00000000200000a4                u32SystemTimeReadFailure
                0x00000000200000a8                bEcatWaitForInputUpdate
                0x00000000200000ac                u32MinCycleTimeValue
                0x00000000200000b0                aPdOutputData
                0x00000000200000b8                pAPPL_MainLoop
                0x00000000200000bc                bEtherCATErrorLed
                0x00000000200000c0                u32MinCycleTimeStartValue
                0x00000000200000c4                aPdInputData
                0x00000000200000cc                bEtherCATRunLed
 *fill*         0x00000000200000cd        0x3 
 COMMON         0x00000000200000d0        0x4 build/samd51_lan9253_evb/production/_ext/1544482854/ecatcoe.o
                0x00000000200000d0                pCoeSendStored
 COMMON         0x00000000200000d4       0x50 build/samd51_lan9253_evb/production/_ext/1544482854/ecatslv.o
                0x00000000200000d4                b3BufferMode
                0x00000000200000d6                nEcatStateTrans
                0x00000000200000d8                EcatWdCounter
                0x00000000200000da                bApplEsmPending
                0x00000000200000db                nAlStatus
                0x00000000200000dc                nPdOutputSize
                0x00000000200000de                u16LocalErrorCode
                0x00000000200000e0                Sync0WdCounter
                0x00000000200000e2                bLocalErrorFlag
                0x00000000200000e4                LatchInputSync0Counter
                0x00000000200000e6                i16WaitForPllRunningCnt
                0x00000000200000e8                nEscAddrOutputData
                0x00000000200000ea                Sync0WdValue
                0x00000000200000ec                u8EcatRunLed
                0x00000000200000ee                i16WaitForPllRunningTimeout
                0x00000000200000f0                Sync1WdValue
                0x00000000200000f2                u16ALEventMask
                0x00000000200000f4                bDcRunning
                0x00000000200000f8                u32dummy
                0x00000000200000fc                SyncManInfo
                0x0000000020000104                b32BitDc
                0x0000000020000106                LatchInputSync0Value
                0x0000000020000108                bEcatWaitForAlControlRes
                0x000000002000010a                nPdInputSize
                0x000000002000010c                u16SmSync0Value
                0x000000002000010e                nMaxEscAddress
                0x0000000020000110                bEcatFirstOutputsReceived
                0x0000000020000111                bSmSyncSequenceValid
                0x0000000020000112                EsmTimeoutCounter
                0x0000000020000114                bDcSyncActive
                0x0000000020000115                bEcatOutputUpdateRunning
                0x0000000020000116                Sync1WdCounter
                0x0000000020000118                EcatWdValue
                0x000000002000011a                bEcatInputUpdateRunning
                0x000000002000011b                bEscIntEnabled
                0x000000002000011c                bWdTrigger
                0x000000002000011e                u16SmSync0Counter
                0x0000000020000120                nMaxSyncMan
                0x0000000020000121                u8EcatErrorLed
                0x0000000020000122                nEscAddrInputData
 COMMON         0x0000000020000124       0x28 build/samd51_lan9253_evb/production/_ext/1544482854/emcy.o
                0x0000000020000124                sSendEmcyQueue
                0x0000000020000134                asEmcy
                0x000000002000013c                sEmptyEmcyQueue
 COMMON         0x000000002000014c       0x94 build/samd51_lan9253_evb/production/_ext/1544482854/mailbox.o
                0x000000002000014c                u8MbxReadCounter
                0x0000000020000150                sMbxSendQueue
                0x0000000020000184                sMbxReceiveQueue
                0x00000000200001b8                bNoMbxMemoryAvailable
                0x00000000200001b9                bSendMbxIsFull
                0x00000000200001ba                bMbxRunning
                0x00000000200001bc                u16EscAddrReceiveMbx
                0x00000000200001c0                psStoreMbx
                0x00000000200001c4                u16SendMbxSize
                0x00000000200001c8                psReadMbx
                0x00000000200001cc                bReceiveMbxIsLocked
                0x00000000200001ce                u16EscAddrSendMbx
                0x00000000200001d0                psWriteMbx
                0x00000000200001d4                u8MbxWriteCounter
                0x00000000200001d5                u8MailboxSendReqStored
                0x00000000200001d6                u16ReceiveMbxSize
                0x00000000200001d8                bMbxRepeatToggle
                0x00000000200001dc                psRepeatMbx
 COMMON         0x00000000200001e0       0x8e build/samd51_lan9253_evb/production/_ext/1544482854/objdef.o
                0x00000000200001e0                sSyncManInPar
                0x0000000020000224                sSyncManOutPar
                0x0000000020000268                bSyncSetByUser
                0x000000002000026c                sCycleDiag
 *fill*         0x000000002000026e        0x2 
 COMMON         0x0000000020000270        0x4 build/samd51_lan9253_evb/production/_ext/1544482854/sample_app.o
                0x0000000020000270                adc_val
 COMMON         0x0000000020000274       0x4d build/samd51_lan9253_evb/production/_ext/1544482854/sdoserv.o
                0x0000000020000274                nSdoInfoIndex
                0x0000000020000278                pStoreData
                0x000000002000027c                nSdoSegBytesToHandle
                0x0000000020000280                bSdoSegAccess
                0x0000000020000281                bSdoSegFollows
                0x0000000020000284                nSdoSegCompleteSize
                0x0000000020000288                pSdoPendFunc
                0x000000002000028c                u8PendingSdo
                0x000000002000028d                bStoreCompleteAccess
                0x000000002000028e                bSdoSegLastToggle
                0x000000002000028f                nSdoSegService
                0x0000000020000290                pSdoInfoObjEntry
                0x0000000020000294                nSdoInfoFragmentsLeft
                0x0000000020000298                pSdoResStored
                0x000000002000029c                u32StoreDataSize
                0x00000000200002a0                pSdoSegData
                0x00000000200002a4                nSdoSegIndex
                0x00000000200002a8                aSdoInfoHeader
                0x00000000200002b8                pSdoSegObjEntry
                0x00000000200002bc                nSdoSegSubindex
                0x00000000200002be                u16StoreIndex
                0x00000000200002c0                u8StoreSubindex
 *fill*         0x00000000200002c1        0x3 
 COMMON         0x00000000200002c4        0x1 build/samd51_lan9253_evb/production/_ext/1360937237/app_lan9253.o
                0x00000000200002c4                appData
 *fill*         0x00000000200002c5        0x3 
 COMMON         0x00000000200002c8        0x4 c:/program files/microchip/xc32/v2.50/bin/bin/../../lib/gcc/pic32c/6.2.1/../../../../pic32c/lib/v7e-m/fpv4-sp/hard\libc_nano.a(lib_a-reent.o)
                0x00000000200002c8                errno
                0x00000000200002cc                . = ALIGN (0x4)
                0x00000000200002cc                __bss_end__ = .
                0x00000000200002cc                _ebss = .
                0x00000000200002cc                _ezero = .
                0x00000000200002cc                . = ALIGN (0x4)
                0x00000000200002cc                _end = .
                0x000000002002ffff                _ram_end_ = ((ORIGIN (ram) + LENGTH (ram)) - 0x1)
                0x0000000000000200                _min_heap_size = 0x200
START GROUP
LOAD c:/program files/microchip/xc32/v2.50/bin/bin/../../lib/gcc/pic32c/6.2.1/../../../../pic32c/lib/v7e-m/fpv4-sp/hard\libpic32c.a
LOAD c:/program files/microchip/xc32/v2.50/bin/bin/../../lib/gcc/pic32c/6.2.1/v7e-m/fpv4-sp/hard\libgcc.a
LOAD c:/program files/microchip/xc32/v2.50/bin/bin/../../lib/gcc/pic32c/6.2.1/../../../../pic32c/lib/v7e-m/fpv4-sp/hard\libm_nano.a
LOAD c:/program files/microchip/xc32/v2.50/bin/bin/../../lib/gcc/pic32c/6.2.1/../../../../pic32c/lib/v7e-m/fpv4-sp/hard\libc_nano.a
END GROUP
LOAD c:/program files/microchip/xc32/v2.50/bin/bin/../../lib/gcc/pic32c/6.2.1/v7e-m/fpv4-sp/hard/crtend.o
LOAD c:/program files/microchip/xc32/v2.50/bin/bin/../../lib/gcc/pic32c/6.2.1/v7e-m/fpv4-sp/hard/crtn.o
OUTPUT(dist/samd51_lan9253_evb/production/samd51_lan9253_evb.X.production.elf elf32-littlearm)
LOAD stack
LOAD data_init

.ARM.attributes
                0x0000000000000000       0x30
 .ARM.attributes
                0x0000000000000000       0x22 c:/program files/microchip/xc32/v2.50/bin/bin/../../lib/gcc/pic32c/6.2.1/v7e-m/fpv4-sp/hard/crti.o
 .ARM.attributes
                0x0000000000000022       0x34 c:/program files/microchip/xc32/v2.50/bin/bin/../../lib/gcc/pic32c/6.2.1/v7e-m/fpv4-sp/hard/crtbegin.o
 .ARM.attributes
                0x0000000000000056       0x39 build/samd51_lan9253_evb/production/_ext/639329829/bme280.o
 .ARM.attributes
                0x000000000000008f       0x39 build/samd51_lan9253_evb/production/_ext/639329829/weather.o
 .ARM.attributes
                0x00000000000000c8       0x39 build/samd51_lan9253_evb/production/_ext/639329829/weather_example.o
 .ARM.attributes
                0x0000000000000101       0x39 build/samd51_lan9253_evb/production/_ext/1884831521/drv_lan9253.o
 .ARM.attributes
                0x000000000000013a       0x39 build/samd51_lan9253_evb/production/_ext/1884831521/drv_lan9253_ecat_util.o
 .ARM.attributes
                0x0000000000000173       0x39 build/samd51_lan9253_evb/production/_ext/2063103749/plib_adc0.o
 .ARM.attributes
                0x00000000000001ac       0x39 build/samd51_lan9253_evb/production/_ext/1630087885/plib_clock.o
 .ARM.attributes
                0x00000000000001e5       0x39 build/samd51_lan9253_evb/production/_ext/2063107748/plib_eic.o
 .ARM.attributes
                0x000000000000021e       0x39 build/samd51_lan9253_evb/production/_ext/1627938399/plib_evsys.o
 .ARM.attributes
                0x0000000000000257       0x39 build/samd51_lan9253_evb/production/_ext/467888355/plib_nvic.o
 .ARM.attributes
                0x0000000000000290       0x39 build/samd51_lan9253_evb/production/_ext/1689299083/plib_nvmctrl.o
 .ARM.attributes
                0x00000000000002c9       0x39 build/samd51_lan9253_evb/production/_ext/467835204/plib_port.o
 .ARM.attributes
                0x0000000000000302       0x39 build/samd51_lan9253_evb/production/_ext/467801642/plib_qspi_spi.o
 .ARM.attributes
                0x000000000000033b       0x39 build/samd51_lan9253_evb/production/_ext/1899521798/plib_sercom2_i2c_master.o
 .ARM.attributes
                0x0000000000000374       0x39 build/samd51_lan9253_evb/production/_ext/1454823985/plib_systick.o
 .ARM.attributes
                0x00000000000003ad       0x39 build/samd51_lan9253_evb/production/_ext/626184342/plib_tc0.o
 .ARM.attributes
                0x00000000000003e6       0x39 build/samd51_lan9253_evb/production/_ext/2063121977/plib_tcc0.o
 .ARM.attributes
                0x000000000000041f       0x39 build/samd51_lan9253_evb/production/_ext/1302688239/xc32_monitor.o
 .ARM.attributes
                0x0000000000000458       0x39 build/samd51_lan9253_evb/production/_ext/715110505/initialization.o
 .ARM.attributes
                0x0000000000000491       0x39 build/samd51_lan9253_evb/production/_ext/715110505/interrupts.o
 .ARM.attributes
                0x00000000000004ca       0x39 build/samd51_lan9253_evb/production/_ext/715110505/exceptions.o
 .ARM.attributes
                0x0000000000000503       0x39 build/samd51_lan9253_evb/production/_ext/715110505/startup_xc32.o
 .ARM.attributes
                0x000000000000053c       0x39 build/samd51_lan9253_evb/production/_ext/1544482854/coeappl.o
 .ARM.attributes
                0x0000000000000575       0x39 build/samd51_lan9253_evb/production/_ext/1544482854/ecatappl.o
 .ARM.attributes
                0x00000000000005ae       0x39 build/samd51_lan9253_evb/production/_ext/1544482854/ecatcoe.o
 .ARM.attributes
                0x00000000000005e7       0x39 build/samd51_lan9253_evb/production/_ext/1544482854/ecatslv.o
 .ARM.attributes
                0x0000000000000620       0x39 build/samd51_lan9253_evb/production/_ext/1544482854/emcy.o
 .ARM.attributes
                0x0000000000000659       0x39 build/samd51_lan9253_evb/production/_ext/1544482854/mailbox.o
 .ARM.attributes
                0x0000000000000692       0x39 build/samd51_lan9253_evb/production/_ext/1544482854/objdef.o
 .ARM.attributes
                0x00000000000006cb       0x39 build/samd51_lan9253_evb/production/_ext/1544482854/sample_app.o
 .ARM.attributes
                0x0000000000000704       0x39 build/samd51_lan9253_evb/production/_ext/1544482854/sdoserv.o
 .ARM.attributes
                0x000000000000073d       0x39 build/samd51_lan9253_evb/production/_ext/1360937237/app_lan9253.o
 .ARM.attributes
                0x0000000000000776       0x39 build/samd51_lan9253_evb/production/_ext/1360937237/main.o
 .ARM.attributes
                0x00000000000007af       0x39 build/samd51_lan9253_evb/production/_ext/222858286/plib_sercom0_usart.o
 .ARM.attributes
                0x00000000000007e8       0x34 c:/program files/microchip/xc32/v2.50/bin/bin/../../lib/gcc/pic32c/6.2.1/../../../../pic32c/lib/v7e-m/fpv4-sp/hard\libpic32c.a(data_init.o)
 .ARM.attributes
                0x000000000000081c       0x34 c:/program files/microchip/xc32/v2.50/bin/bin/../../lib/gcc/pic32c/6.2.1/../../../../pic32c/lib/v7e-m/fpv4-sp/hard\libc_nano.a(lib_a-init.o)
 .ARM.attributes
                0x0000000000000850       0x34 c:/program files/microchip/xc32/v2.50/bin/bin/../../lib/gcc/pic32c/6.2.1/../../../../pic32c/lib/v7e-m/fpv4-sp/hard\libc_nano.a(lib_a-malloc.o)
 .ARM.attributes
                0x0000000000000884       0x34 c:/program files/microchip/xc32/v2.50/bin/bin/../../lib/gcc/pic32c/6.2.1/../../../../pic32c/lib/v7e-m/fpv4-sp/hard\libc_nano.a(lib_a-memcpy-stub.o)
 .ARM.attributes
                0x00000000000008b8       0x34 c:/program files/microchip/xc32/v2.50/bin/bin/../../lib/gcc/pic32c/6.2.1/../../../../pic32c/lib/v7e-m/fpv4-sp/hard\libc_nano.a(lib_a-nano-freer.o)
 .ARM.attributes
                0x00000000000008ec       0x34 c:/program files/microchip/xc32/v2.50/bin/bin/../../lib/gcc/pic32c/6.2.1/../../../../pic32c/lib/v7e-m/fpv4-sp/hard\libc_nano.a(lib_a-nano-mallocr.o)
 .ARM.attributes
                0x0000000000000920       0x34 c:/program files/microchip/xc32/v2.50/bin/bin/../../lib/gcc/pic32c/6.2.1/../../../../pic32c/lib/v7e-m/fpv4-sp/hard\libc_nano.a(_lib_a-printf.cdnopuxX.o)
 .ARM.attributes
                0x0000000000000954       0x34 c:/program files/microchip/xc32/v2.50/bin/bin/../../lib/gcc/pic32c/6.2.1/../../../../pic32c/lib/v7e-m/fpv4-sp/hard\libc_nano.a(lib_a-puts.o)
 .ARM.attributes
                0x0000000000000988       0x34 c:/program files/microchip/xc32/v2.50/bin/bin/../../lib/gcc/pic32c/6.2.1/../../../../pic32c/lib/v7e-m/fpv4-sp/hard\libc_nano.a(lib_a-sbrkr.o)
 .ARM.attributes
                0x00000000000009bc       0x1b c:/program files/microchip/xc32/v2.50/bin/bin/../../lib/gcc/pic32c/6.2.1/../../../../pic32c/lib/v7e-m/fpv4-sp/hard\libc_nano.a(lib_a-strlen.o)
 .ARM.attributes
                0x00000000000009d7       0x34 c:/program files/microchip/xc32/v2.50/bin/bin/../../lib/gcc/pic32c/6.2.1/../../../../pic32c/lib/v7e-m/fpv4-sp/hard\libc_nano.a(lib_a-wbuf.o)
 .ARM.attributes
                0x0000000000000a0b       0x34 c:/program files/microchip/xc32/v2.50/bin/bin/../../lib/gcc/pic32c/6.2.1/../../../../pic32c/lib/v7e-m/fpv4-sp/hard\libc_nano.a(lib_a-wsetup.o)
 .ARM.attributes
                0x0000000000000a3f       0x34 c:/program files/microchip/xc32/v2.50/bin/bin/../../lib/gcc/pic32c/6.2.1/../../../../pic32c/lib/v7e-m/fpv4-sp/hard\libc_nano.a(lib_a-fflush.o)
 .ARM.attributes
                0x0000000000000a73       0x34 c:/program files/microchip/xc32/v2.50/bin/bin/../../lib/gcc/pic32c/6.2.1/../../../../pic32c/lib/v7e-m/fpv4-sp/hard\libc_nano.a(lib_a-findfp.o)
 .ARM.attributes
                0x0000000000000aa7       0x34 c:/program files/microchip/xc32/v2.50/bin/bin/../../lib/gcc/pic32c/6.2.1/../../../../pic32c/lib/v7e-m/fpv4-sp/hard\libc_nano.a(lib_a-fwalk.o)
 .ARM.attributes
                0x0000000000000adb       0x34 c:/program files/microchip/xc32/v2.50/bin/bin/../../lib/gcc/pic32c/6.2.1/../../../../pic32c/lib/v7e-m/fpv4-sp/hard\libc_nano.a(lib_a-impure.o)
 .ARM.attributes
                0x0000000000000b0f       0x34 c:/program files/microchip/xc32/v2.50/bin/bin/../../lib/gcc/pic32c/6.2.1/../../../../pic32c/lib/v7e-m/fpv4-sp/hard\libc_nano.a(lib_a-makebuf.o)
 .ARM.attributes
                0x0000000000000b43       0x34 c:/program files/microchip/xc32/v2.50/bin/bin/../../lib/gcc/pic32c/6.2.1/../../../../pic32c/lib/v7e-m/fpv4-sp/hard\libc_nano.a(lib_a-memset.o)
 .ARM.attributes
                0x0000000000000b77       0x34 c:/program files/microchip/xc32/v2.50/bin/bin/../../lib/gcc/pic32c/6.2.1/../../../../pic32c/lib/v7e-m/fpv4-sp/hard\libc_nano.a(lib_a-mlock.o)
 .ARM.attributes
                0x0000000000000bab       0x34 c:/program files/microchip/xc32/v2.50/bin/bin/../../lib/gcc/pic32c/6.2.1/../../../../pic32c/lib/v7e-m/fpv4-sp/hard\libc_nano.a(_lib_a-nano-vfprintf.cdnopuxX.o)
 .ARM.attributes
                0x0000000000000bdf       0x34 c:/program files/microchip/xc32/v2.50/bin/bin/../../lib/gcc/pic32c/6.2.1/../../../../pic32c/lib/v7e-m/fpv4-sp/hard\libc_nano.a(lib_a-nano-vfprintf_i.o)
 .ARM.attributes
                0x0000000000000c13       0x34 c:/program files/microchip/xc32/v2.50/bin/bin/../../lib/gcc/pic32c/6.2.1/../../../../pic32c/lib/v7e-m/fpv4-sp/hard\libc_nano.a(lib_a-reent.o)
 .ARM.attributes
                0x0000000000000c47       0x34 c:/program files/microchip/xc32/v2.50/bin/bin/../../lib/gcc/pic32c/6.2.1/../../../../pic32c/lib/v7e-m/fpv4-sp/hard\libc_nano.a(lib_a-__ssfputs.o)
 .ARM.attributes
                0x0000000000000c7b       0x34 c:/program files/microchip/xc32/v2.50/bin/bin/../../lib/gcc/pic32c/6.2.1/../../../../pic32c/lib/v7e-m/fpv4-sp/hard\libc_nano.a(lib_a-stdio.o)
 .ARM.attributes
                0x0000000000000caf       0x34 c:/program files/microchip/xc32/v2.50/bin/bin/../../lib/gcc/pic32c/6.2.1/../../../../pic32c/lib/v7e-m/fpv4-sp/hard\libc_nano.a(lib_a-writer.o)
 .ARM.attributes
                0x0000000000000ce3       0x34 c:/program files/microchip/xc32/v2.50/bin/bin/../../lib/gcc/pic32c/6.2.1/../../../../pic32c/lib/v7e-m/fpv4-sp/hard\libc_nano.a(lib_a-closer.o)
 .ARM.attributes
                0x0000000000000d17       0x34 c:/program files/microchip/xc32/v2.50/bin/bin/../../lib/gcc/pic32c/6.2.1/../../../../pic32c/lib/v7e-m/fpv4-sp/hard\libc_nano.a(lib_a-fputwc.o)
 .ARM.attributes
                0x0000000000000d4b       0x34 c:/program files/microchip/xc32/v2.50/bin/bin/../../lib/gcc/pic32c/6.2.1/../../../../pic32c/lib/v7e-m/fpv4-sp/hard\libc_nano.a(lib_a-fstatr.o)
 .ARM.attributes
                0x0000000000000d7f       0x34 c:/program files/microchip/xc32/v2.50/bin/bin/../../lib/gcc/pic32c/6.2.1/../../../../pic32c/lib/v7e-m/fpv4-sp/hard\libc_nano.a(lib_a-isattyr.o)
 .ARM.attributes
                0x0000000000000db3       0x34 c:/program files/microchip/xc32/v2.50/bin/bin/../../lib/gcc/pic32c/6.2.1/../../../../pic32c/lib/v7e-m/fpv4-sp/hard\libc_nano.a(lib_a-locale.o)
 .ARM.attributes
                0x0000000000000de7       0x34 c:/program files/microchip/xc32/v2.50/bin/bin/../../lib/gcc/pic32c/6.2.1/../../../../pic32c/lib/v7e-m/fpv4-sp/hard\libc_nano.a(lib_a-lseekr.o)
 .ARM.attributes
                0x0000000000000e1b       0x34 c:/program files/microchip/xc32/v2.50/bin/bin/../../lib/gcc/pic32c/6.2.1/../../../../pic32c/lib/v7e-m/fpv4-sp/hard\libc_nano.a(lib_a-mbtowc_r.o)
 .ARM.attributes
                0x0000000000000e4f       0x20 c:/program files/microchip/xc32/v2.50/bin/bin/../../lib/gcc/pic32c/6.2.1/../../../../pic32c/lib/v7e-m/fpv4-sp/hard\libc_nano.a(lib_a-memchr.o)
 .ARM.attributes
                0x0000000000000e6f       0x34 c:/program files/microchip/xc32/v2.50/bin/bin/../../lib/gcc/pic32c/6.2.1/../../../../pic32c/lib/v7e-m/fpv4-sp/hard\libc_nano.a(lib_a-readr.o)
 .ARM.attributes
                0x0000000000000ea3       0x34 c:/program files/microchip/xc32/v2.50/bin/bin/../../lib/gcc/pic32c/6.2.1/../../../../pic32c/lib/v7e-m/fpv4-sp/hard\libc_nano.a(lib_a-wcrtomb.o)
 .ARM.attributes
                0x0000000000000ed7       0x34 c:/program files/microchip/xc32/v2.50/bin/bin/../../lib/gcc/pic32c/6.2.1/../../../../pic32c/lib/v7e-m/fpv4-sp/hard\libc_nano.a(lib_a-wctomb_r.o)
 .ARM.attributes
                0x0000000000000f0b       0x34 c:/program files/microchip/xc32/v2.50/bin/bin/../../lib/gcc/pic32c/6.2.1/../../../../pic32c/lib/v7e-m/fpv4-sp/hard\libc_nano.a(lib_a-ctype_.o)
 .ARM.attributes
                0x0000000000000f3f       0x34 c:/program files/microchip/xc32/v2.50/bin/bin/../../lib/gcc/pic32c/6.2.1/../../../../pic32c/lib/v7e-m/fpv4-sp/hard\libpic32c.a(_close.o)
 .ARM.attributes
                0x0000000000000f73       0x34 c:/program files/microchip/xc32/v2.50/bin/bin/../../lib/gcc/pic32c/6.2.1/../../../../pic32c/lib/v7e-m/fpv4-sp/hard\libpic32c.a(_fstat.o)
 .ARM.attributes
                0x0000000000000fa7       0x34 c:/program files/microchip/xc32/v2.50/bin/bin/../../lib/gcc/pic32c/6.2.1/../../../../pic32c/lib/v7e-m/fpv4-sp/hard\libpic32c.a(_isatty.o)
 .ARM.attributes
                0x0000000000000fdb       0x34 c:/program files/microchip/xc32/v2.50/bin/bin/../../lib/gcc/pic32c/6.2.1/../../../../pic32c/lib/v7e-m/fpv4-sp/hard\libpic32c.a(_lseek.o)
 .ARM.attributes
                0x000000000000100f       0x34 c:/program files/microchip/xc32/v2.50/bin/bin/../../lib/gcc/pic32c/6.2.1/../../../../pic32c/lib/v7e-m/fpv4-sp/hard\libpic32c.a(_read.o)
 .ARM.attributes
                0x0000000000001043       0x34 c:/program files/microchip/xc32/v2.50/bin/bin/../../lib/gcc/pic32c/6.2.1/../../../../pic32c/lib/v7e-m/fpv4-sp/hard\libpic32c.a(sbrk.o)
 .ARM.attributes
                0x0000000000001077       0x34 c:/program files/microchip/xc32/v2.50/bin/bin/../../lib/gcc/pic32c/6.2.1/../../../../pic32c/lib/v7e-m/fpv4-sp/hard\libpic32c.a(_write.o)
 .ARM.attributes
                0x00000000000010ab       0x34 c:/program files/microchip/xc32/v2.50/bin/bin/../../lib/gcc/pic32c/6.2.1/../../../../pic32c/lib/v7e-m/fpv4-sp/hard\libpic32c.a(close.o)
 .ARM.attributes
                0x00000000000010df       0x34 c:/program files/microchip/xc32/v2.50/bin/bin/../../lib/gcc/pic32c/6.2.1/../../../../pic32c/lib/v7e-m/fpv4-sp/hard\libpic32c.a(fstat.o)
 .ARM.attributes
                0x0000000000001113       0x34 c:/program files/microchip/xc32/v2.50/bin/bin/../../lib/gcc/pic32c/6.2.1/../../../../pic32c/lib/v7e-m/fpv4-sp/hard\libpic32c.a(isatty.o)
 .ARM.attributes
                0x0000000000001147       0x34 c:/program files/microchip/xc32/v2.50/bin/bin/../../lib/gcc/pic32c/6.2.1/../../../../pic32c/lib/v7e-m/fpv4-sp/hard\libpic32c.a(lseek.o)
 .ARM.attributes
                0x000000000000117b       0x34 c:/program files/microchip/xc32/v2.50/bin/bin/../../lib/gcc/pic32c/6.2.1/../../../../pic32c/lib/v7e-m/fpv4-sp/hard\libpic32c.a(read.o)
 .ARM.attributes
                0x00000000000011af       0x34 c:/program files/microchip/xc32/v2.50/bin/bin/../../lib/gcc/pic32c/6.2.1/../../../../pic32c/lib/v7e-m/fpv4-sp/hard\libpic32c.a(write.o)
 .ARM.attributes
                0x00000000000011e3       0x22 c:/program files/microchip/xc32/v2.50/bin/bin/../../lib/gcc/pic32c/6.2.1/v7e-m/fpv4-sp/hard/crtn.o

.comment        0x0000000000000000       0x7c
 .comment       0x0000000000000000       0x3c c:/program files/microchip/xc32/v2.50/bin/bin/../../lib/gcc/pic32c/6.2.1/v7e-m/fpv4-sp/hard/crtbegin.o
                                         0x3d (size before relaxing)
 .comment       0x000000000000003c       0x3d build/samd51_lan9253_evb/production/_ext/639329829/bme280.o
 .comment       0x000000000000003c       0x3d build/samd51_lan9253_evb/production/_ext/639329829/weather.o
 .comment       0x000000000000003c       0x3d build/samd51_lan9253_evb/production/_ext/639329829/weather_example.o
 .comment       0x000000000000003c       0x3d build/samd51_lan9253_evb/production/_ext/1884831521/drv_lan9253.o
 .comment       0x000000000000003c       0x3d build/samd51_lan9253_evb/production/_ext/1884831521/drv_lan9253_ecat_util.o
 .comment       0x000000000000003c       0x3d build/samd51_lan9253_evb/production/_ext/2063103749/plib_adc0.o
 .comment       0x000000000000003c       0x3d build/samd51_lan9253_evb/production/_ext/1630087885/plib_clock.o
 .comment       0x000000000000003c       0x3d build/samd51_lan9253_evb/production/_ext/2063107748/plib_eic.o
 .comment       0x000000000000003c       0x3d build/samd51_lan9253_evb/production/_ext/1627938399/plib_evsys.o
 .comment       0x000000000000003c       0x3d build/samd51_lan9253_evb/production/_ext/467888355/plib_nvic.o
 .comment       0x000000000000003c       0x3d build/samd51_lan9253_evb/production/_ext/1689299083/plib_nvmctrl.o
 .comment       0x000000000000003c       0x3d build/samd51_lan9253_evb/production/_ext/467835204/plib_port.o
 .comment       0x000000000000003c       0x3d build/samd51_lan9253_evb/production/_ext/467801642/plib_qspi_spi.o
 .comment       0x000000000000003c       0x3d build/samd51_lan9253_evb/production/_ext/1899521798/plib_sercom2_i2c_master.o
 .comment       0x000000000000003c       0x3d build/samd51_lan9253_evb/production/_ext/1454823985/plib_systick.o
 .comment       0x000000000000003c       0x3d build/samd51_lan9253_evb/production/_ext/626184342/plib_tc0.o
 .comment       0x000000000000003c       0x3d build/samd51_lan9253_evb/production/_ext/2063121977/plib_tcc0.o
 .comment       0x000000000000003c       0x3d build/samd51_lan9253_evb/production/_ext/1302688239/xc32_monitor.o
 .comment       0x000000000000003c       0x3d build/samd51_lan9253_evb/production/_ext/715110505/initialization.o
 .comment       0x000000000000003c       0x3d build/samd51_lan9253_evb/production/_ext/715110505/interrupts.o
 .comment       0x000000000000003c       0x3d build/samd51_lan9253_evb/production/_ext/715110505/exceptions.o
 .comment       0x000000000000003c       0x3d build/samd51_lan9253_evb/production/_ext/715110505/startup_xc32.o
 .comment       0x000000000000003c       0x3d build/samd51_lan9253_evb/production/_ext/1544482854/coeappl.o
 .comment       0x000000000000003c       0x3d build/samd51_lan9253_evb/production/_ext/1544482854/ecatappl.o
 .comment       0x000000000000003c       0x3d build/samd51_lan9253_evb/production/_ext/1544482854/ecatcoe.o
 .comment       0x000000000000003c       0x3d build/samd51_lan9253_evb/production/_ext/1544482854/ecatslv.o
 .comment       0x000000000000003c       0x3d build/samd51_lan9253_evb/production/_ext/1544482854/emcy.o
 .comment       0x000000000000003c       0x3d build/samd51_lan9253_evb/production/_ext/1544482854/mailbox.o
 .comment       0x000000000000003c       0x3d build/samd51_lan9253_evb/production/_ext/1544482854/objdef.o
 .comment       0x000000000000003c       0x3d build/samd51_lan9253_evb/production/_ext/1544482854/sample_app.o
 .comment       0x000000000000003c       0x3d build/samd51_lan9253_evb/production/_ext/1544482854/sdoserv.o
 .comment       0x000000000000003c       0x3d build/samd51_lan9253_evb/production/_ext/1360937237/app_lan9253.o
 .comment       0x000000000000003c       0x3d build/samd51_lan9253_evb/production/_ext/1360937237/main.o
 .comment       0x000000000000003c       0x3d build/samd51_lan9253_evb/production/_ext/222858286/plib_sercom0_usart.o
 .comment       0x000000000000003c       0x3d c:/program files/microchip/xc32/v2.50/bin/bin/../../lib/gcc/pic32c/6.2.1/../../../../pic32c/lib/v7e-m/fpv4-sp/hard\libpic32c.a(data_init.o)
 .comment       0x000000000000003c       0x3d c:/program files/microchip/xc32/v2.50/bin/bin/../../lib/gcc/pic32c/6.2.1/../../../../pic32c/lib/v7e-m/fpv4-sp/hard\libc_nano.a(lib_a-init.o)
 .comment       0x000000000000003c       0x3d c:/program files/microchip/xc32/v2.50/bin/bin/../../lib/gcc/pic32c/6.2.1/../../../../pic32c/lib/v7e-m/fpv4-sp/hard\libc_nano.a(lib_a-malloc.o)
 .comment       0x000000000000003c       0x3d c:/program files/microchip/xc32/v2.50/bin/bin/../../lib/gcc/pic32c/6.2.1/../../../../pic32c/lib/v7e-m/fpv4-sp/hard\libc_nano.a(lib_a-memcpy-stub.o)
 .comment       0x000000000000003c       0x3d c:/program files/microchip/xc32/v2.50/bin/bin/../../lib/gcc/pic32c/6.2.1/../../../../pic32c/lib/v7e-m/fpv4-sp/hard\libc_nano.a(lib_a-nano-freer.o)
 .comment       0x000000000000003c       0x3d c:/program files/microchip/xc32/v2.50/bin/bin/../../lib/gcc/pic32c/6.2.1/../../../../pic32c/lib/v7e-m/fpv4-sp/hard\libc_nano.a(lib_a-nano-mallocr.o)
 .comment       0x000000000000003c       0x40 c:/program files/microchip/xc32/v2.50/bin/bin/../../lib/gcc/pic32c/6.2.1/../../../../pic32c/lib/v7e-m/fpv4-sp/hard\libc_nano.a(_lib_a-printf.cdnopuxX.o)
                                         0x41 (size before relaxing)
 .comment       0x000000000000007c       0x3d c:/program files/microchip/xc32/v2.50/bin/bin/../../lib/gcc/pic32c/6.2.1/../../../../pic32c/lib/v7e-m/fpv4-sp/hard\libc_nano.a(lib_a-puts.o)
 .comment       0x000000000000007c       0x3d c:/program files/microchip/xc32/v2.50/bin/bin/../../lib/gcc/pic32c/6.2.1/../../../../pic32c/lib/v7e-m/fpv4-sp/hard\libc_nano.a(lib_a-sbrkr.o)
 .comment       0x000000000000007c       0x3d c:/program files/microchip/xc32/v2.50/bin/bin/../../lib/gcc/pic32c/6.2.1/../../../../pic32c/lib/v7e-m/fpv4-sp/hard\libc_nano.a(lib_a-wbuf.o)
 .comment       0x000000000000007c       0x3d c:/program files/microchip/xc32/v2.50/bin/bin/../../lib/gcc/pic32c/6.2.1/../../../../pic32c/lib/v7e-m/fpv4-sp/hard\libc_nano.a(lib_a-wsetup.o)
 .comment       0x000000000000007c       0x3d c:/program files/microchip/xc32/v2.50/bin/bin/../../lib/gcc/pic32c/6.2.1/../../../../pic32c/lib/v7e-m/fpv4-sp/hard\libc_nano.a(lib_a-fflush.o)
 .comment       0x000000000000007c       0x3d c:/program files/microchip/xc32/v2.50/bin/bin/../../lib/gcc/pic32c/6.2.1/../../../../pic32c/lib/v7e-m/fpv4-sp/hard\libc_nano.a(lib_a-findfp.o)
 .comment       0x000000000000007c       0x3d c:/program files/microchip/xc32/v2.50/bin/bin/../../lib/gcc/pic32c/6.2.1/../../../../pic32c/lib/v7e-m/fpv4-sp/hard\libc_nano.a(lib_a-fwalk.o)
 .comment       0x000000000000007c       0x3d c:/program files/microchip/xc32/v2.50/bin/bin/../../lib/gcc/pic32c/6.2.1/../../../../pic32c/lib/v7e-m/fpv4-sp/hard\libc_nano.a(lib_a-impure.o)
 .comment       0x000000000000007c       0x3d c:/program files/microchip/xc32/v2.50/bin/bin/../../lib/gcc/pic32c/6.2.1/../../../../pic32c/lib/v7e-m/fpv4-sp/hard\libc_nano.a(lib_a-makebuf.o)
 .comment       0x000000000000007c       0x3d c:/program files/microchip/xc32/v2.50/bin/bin/../../lib/gcc/pic32c/6.2.1/../../../../pic32c/lib/v7e-m/fpv4-sp/hard\libc_nano.a(lib_a-memset.o)
 .comment       0x000000000000007c       0x3d c:/program files/microchip/xc32/v2.50/bin/bin/../../lib/gcc/pic32c/6.2.1/../../../../pic32c/lib/v7e-m/fpv4-sp/hard\libc_nano.a(lib_a-mlock.o)
 .comment       0x000000000000007c       0x41 c:/program files/microchip/xc32/v2.50/bin/bin/../../lib/gcc/pic32c/6.2.1/../../../../pic32c/lib/v7e-m/fpv4-sp/hard\libc_nano.a(_lib_a-nano-vfprintf.cdnopuxX.o)
 .comment       0x000000000000007c       0x3d c:/program files/microchip/xc32/v2.50/bin/bin/../../lib/gcc/pic32c/6.2.1/../../../../pic32c/lib/v7e-m/fpv4-sp/hard\libc_nano.a(lib_a-nano-vfprintf_i.o)
 .comment       0x000000000000007c       0x3d c:/program files/microchip/xc32/v2.50/bin/bin/../../lib/gcc/pic32c/6.2.1/../../../../pic32c/lib/v7e-m/fpv4-sp/hard\libc_nano.a(lib_a-reent.o)
 .comment       0x000000000000007c       0x3d c:/program files/microchip/xc32/v2.50/bin/bin/../../lib/gcc/pic32c/6.2.1/../../../../pic32c/lib/v7e-m/fpv4-sp/hard\libc_nano.a(lib_a-__ssfputs.o)
 .comment       0x000000000000007c       0x3d c:/program files/microchip/xc32/v2.50/bin/bin/../../lib/gcc/pic32c/6.2.1/../../../../pic32c/lib/v7e-m/fpv4-sp/hard\libc_nano.a(lib_a-stdio.o)
 .comment       0x000000000000007c       0x3d c:/program files/microchip/xc32/v2.50/bin/bin/../../lib/gcc/pic32c/6.2.1/../../../../pic32c/lib/v7e-m/fpv4-sp/hard\libc_nano.a(lib_a-writer.o)
 .comment       0x000000000000007c       0x3d c:/program files/microchip/xc32/v2.50/bin/bin/../../lib/gcc/pic32c/6.2.1/../../../../pic32c/lib/v7e-m/fpv4-sp/hard\libc_nano.a(lib_a-closer.o)
 .comment       0x000000000000007c       0x3d c:/program files/microchip/xc32/v2.50/bin/bin/../../lib/gcc/pic32c/6.2.1/../../../../pic32c/lib/v7e-m/fpv4-sp/hard\libc_nano.a(lib_a-fputwc.o)
 .comment       0x000000000000007c       0x3d c:/program files/microchip/xc32/v2.50/bin/bin/../../lib/gcc/pic32c/6.2.1/../../../../pic32c/lib/v7e-m/fpv4-sp/hard\libc_nano.a(lib_a-fstatr.o)
 .comment       0x000000000000007c       0x3d c:/program files/microchip/xc32/v2.50/bin/bin/../../lib/gcc/pic32c/6.2.1/../../../../pic32c/lib/v7e-m/fpv4-sp/hard\libc_nano.a(lib_a-isattyr.o)
 .comment       0x000000000000007c       0x3d c:/program files/microchip/xc32/v2.50/bin/bin/../../lib/gcc/pic32c/6.2.1/../../../../pic32c/lib/v7e-m/fpv4-sp/hard\libc_nano.a(lib_a-locale.o)
 .comment       0x000000000000007c       0x3d c:/program files/microchip/xc32/v2.50/bin/bin/../../lib/gcc/pic32c/6.2.1/../../../../pic32c/lib/v7e-m/fpv4-sp/hard\libc_nano.a(lib_a-lseekr.o)
 .comment       0x000000000000007c       0x3d c:/program files/microchip/xc32/v2.50/bin/bin/../../lib/gcc/pic32c/6.2.1/../../../../pic32c/lib/v7e-m/fpv4-sp/hard\libc_nano.a(lib_a-mbtowc_r.o)
 .comment       0x000000000000007c       0x3d c:/program files/microchip/xc32/v2.50/bin/bin/../../lib/gcc/pic32c/6.2.1/../../../../pic32c/lib/v7e-m/fpv4-sp/hard\libc_nano.a(lib_a-readr.o)
 .comment       0x000000000000007c       0x3d c:/program files/microchip/xc32/v2.50/bin/bin/../../lib/gcc/pic32c/6.2.1/../../../../pic32c/lib/v7e-m/fpv4-sp/hard\libc_nano.a(lib_a-wcrtomb.o)
 .comment       0x000000000000007c       0x3d c:/program files/microchip/xc32/v2.50/bin/bin/../../lib/gcc/pic32c/6.2.1/../../../../pic32c/lib/v7e-m/fpv4-sp/hard\libc_nano.a(lib_a-wctomb_r.o)
 .comment       0x000000000000007c       0x3d c:/program files/microchip/xc32/v2.50/bin/bin/../../lib/gcc/pic32c/6.2.1/../../../../pic32c/lib/v7e-m/fpv4-sp/hard\libc_nano.a(lib_a-ctype_.o)
 .comment       0x000000000000007c       0x3d c:/program files/microchip/xc32/v2.50/bin/bin/../../lib/gcc/pic32c/6.2.1/../../../../pic32c/lib/v7e-m/fpv4-sp/hard\libpic32c.a(_close.o)
 .comment       0x000000000000007c       0x3d c:/program files/microchip/xc32/v2.50/bin/bin/../../lib/gcc/pic32c/6.2.1/../../../../pic32c/lib/v7e-m/fpv4-sp/hard\libpic32c.a(_fstat.o)
 .comment       0x000000000000007c       0x3d c:/program files/microchip/xc32/v2.50/bin/bin/../../lib/gcc/pic32c/6.2.1/../../../../pic32c/lib/v7e-m/fpv4-sp/hard\libpic32c.a(_isatty.o)
 .comment       0x000000000000007c       0x3d c:/program files/microchip/xc32/v2.50/bin/bin/../../lib/gcc/pic32c/6.2.1/../../../../pic32c/lib/v7e-m/fpv4-sp/hard\libpic32c.a(_lseek.o)
 .comment       0x000000000000007c       0x3d c:/program files/microchip/xc32/v2.50/bin/bin/../../lib/gcc/pic32c/6.2.1/../../../../pic32c/lib/v7e-m/fpv4-sp/hard\libpic32c.a(_read.o)
 .comment       0x000000000000007c       0x3d c:/program files/microchip/xc32/v2.50/bin/bin/../../lib/gcc/pic32c/6.2.1/../../../../pic32c/lib/v7e-m/fpv4-sp/hard\libpic32c.a(sbrk.o)
 .comment       0x000000000000007c       0x3d c:/program files/microchip/xc32/v2.50/bin/bin/../../lib/gcc/pic32c/6.2.1/../../../../pic32c/lib/v7e-m/fpv4-sp/hard\libpic32c.a(_write.o)
 .comment       0x000000000000007c       0x3d c:/program files/microchip/xc32/v2.50/bin/bin/../../lib/gcc/pic32c/6.2.1/../../../../pic32c/lib/v7e-m/fpv4-sp/hard\libpic32c.a(close.o)
 .comment       0x000000000000007c       0x3d c:/program files/microchip/xc32/v2.50/bin/bin/../../lib/gcc/pic32c/6.2.1/../../../../pic32c/lib/v7e-m/fpv4-sp/hard\libpic32c.a(fstat.o)
 .comment       0x000000000000007c       0x3d c:/program files/microchip/xc32/v2.50/bin/bin/../../lib/gcc/pic32c/6.2.1/../../../../pic32c/lib/v7e-m/fpv4-sp/hard\libpic32c.a(isatty.o)
 .comment       0x000000000000007c       0x3d c:/program files/microchip/xc32/v2.50/bin/bin/../../lib/gcc/pic32c/6.2.1/../../../../pic32c/lib/v7e-m/fpv4-sp/hard\libpic32c.a(lseek.o)
 .comment       0x000000000000007c       0x3d c:/program files/microchip/xc32/v2.50/bin/bin/../../lib/gcc/pic32c/6.2.1/../../../../pic32c/lib/v7e-m/fpv4-sp/hard\libpic32c.a(read.o)
 .comment       0x000000000000007c       0x3d c:/program files/microchip/xc32/v2.50/bin/bin/../../lib/gcc/pic32c/6.2.1/../../../../pic32c/lib/v7e-m/fpv4-sp/hard\libpic32c.a(write.o)

.debug_info     0x0000000000000000    0x5de9d
 .debug_info    0x0000000000000000     0x1b83 build/samd51_lan9253_evb/production/_ext/639329829/bme280.o
 .debug_info    0x0000000000001b83     0x1186 build/samd51_lan9253_evb/production/_ext/639329829/weather.o
 .debug_info    0x0000000000002d09      0xf08 build/samd51_lan9253_evb/production/_ext/639329829/weather_example.o
 .debug_info    0x0000000000003c11     0x1ed0 build/samd51_lan9253_evb/production/_ext/1884831521/drv_lan9253.o
 .debug_info    0x0000000000005ae1     0x3b8f build/samd51_lan9253_evb/production/_ext/1884831521/drv_lan9253_ecat_util.o
 .debug_info    0x0000000000009670      0xdda build/samd51_lan9253_evb/production/_ext/2063103749/plib_adc0.o
 .debug_info    0x000000000000a44a      0xb57 build/samd51_lan9253_evb/production/_ext/1630087885/plib_clock.o
 .debug_info    0x000000000000afa1      0x7c7 build/samd51_lan9253_evb/production/_ext/2063107748/plib_eic.o
 .debug_info    0x000000000000b768      0x346 build/samd51_lan9253_evb/production/_ext/1627938399/plib_evsys.o
 .debug_info    0x000000000000baae     0x14fa build/samd51_lan9253_evb/production/_ext/467888355/plib_nvic.o
 .debug_info    0x000000000000cfa8     0x17d3 build/samd51_lan9253_evb/production/_ext/1689299083/plib_nvmctrl.o
 .debug_info    0x000000000000e77b      0xdb1 build/samd51_lan9253_evb/production/_ext/467835204/plib_port.o
 .debug_info    0x000000000000f52c     0x172a build/samd51_lan9253_evb/production/_ext/467801642/plib_qspi_spi.o
 .debug_info    0x0000000000010c56     0x171d build/samd51_lan9253_evb/production/_ext/1899521798/plib_sercom2_i2c_master.o
 .debug_info    0x0000000000012373      0x774 build/samd51_lan9253_evb/production/_ext/1454823985/plib_systick.o
 .debug_info    0x0000000000012ae7      0xc87 build/samd51_lan9253_evb/production/_ext/626184342/plib_tc0.o
 .debug_info    0x000000000001376e      0xa6b build/samd51_lan9253_evb/production/_ext/2063121977/plib_tcc0.o
 .debug_info    0x00000000000141d9      0xf31 build/samd51_lan9253_evb/production/_ext/1302688239/xc32_monitor.o
 .debug_info    0x000000000001510a     0x13ec build/samd51_lan9253_evb/production/_ext/715110505/initialization.o
 .debug_info    0x00000000000164f6     0x213a build/samd51_lan9253_evb/production/_ext/715110505/interrupts.o
 .debug_info    0x0000000000018630      0xf31 build/samd51_lan9253_evb/production/_ext/715110505/exceptions.o
 .debug_info    0x0000000000019561      0x8d1 build/samd51_lan9253_evb/production/_ext/715110505/startup_xc32.o
 .debug_info    0x0000000000019e32     0x2bae build/samd51_lan9253_evb/production/_ext/1544482854/coeappl.o
 .debug_info    0x000000000001c9e0     0x2550 build/samd51_lan9253_evb/production/_ext/1544482854/ecatappl.o
 .debug_info    0x000000000001ef30     0x16ca build/samd51_lan9253_evb/production/_ext/1544482854/ecatcoe.o
 .debug_info    0x00000000000205fa     0x3349 build/samd51_lan9253_evb/production/_ext/1544482854/ecatslv.o
 .debug_info    0x0000000000023943     0x1ad4 build/samd51_lan9253_evb/production/_ext/1544482854/emcy.o
 .debug_info    0x0000000000025417     0x2452 build/samd51_lan9253_evb/production/_ext/1544482854/mailbox.o
 .debug_info    0x0000000000027869     0x2a04 build/samd51_lan9253_evb/production/_ext/1544482854/objdef.o
 .debug_info    0x000000000002a26d     0x279b build/samd51_lan9253_evb/production/_ext/1544482854/sample_app.o
 .debug_info    0x000000000002ca08     0x2ef0 build/samd51_lan9253_evb/production/_ext/1544482854/sdoserv.o
 .debug_info    0x000000000002f8f8     0x1e9a build/samd51_lan9253_evb/production/_ext/1360937237/app_lan9253.o
 .debug_info    0x0000000000031792      0xf45 build/samd51_lan9253_evb/production/_ext/1360937237/main.o
 .debug_info    0x00000000000326d7     0x1468 build/samd51_lan9253_evb/production/_ext/222858286/plib_sercom0_usart.o
 .debug_info    0x0000000000033b3f      0x2a2 c:/program files/microchip/xc32/v2.50/bin/bin/../../lib/gcc/pic32c/6.2.1/../../../../pic32c/lib/v7e-m/fpv4-sp/hard\libpic32c.a(data_init.o)
 .debug_info    0x0000000000033de1      0x430 c:/program files/microchip/xc32/v2.50/bin/bin/../../lib/gcc/pic32c/6.2.1/../../../../pic32c/lib/v7e-m/fpv4-sp/hard\libc_nano.a(lib_a-init.o)
 .debug_info    0x0000000000034211      0xea3 c:/program files/microchip/xc32/v2.50/bin/bin/../../lib/gcc/pic32c/6.2.1/../../../../pic32c/lib/v7e-m/fpv4-sp/hard\libc_nano.a(lib_a-malloc.o)
 .debug_info    0x00000000000350b4      0xe79 c:/program files/microchip/xc32/v2.50/bin/bin/../../lib/gcc/pic32c/6.2.1/../../../../pic32c/lib/v7e-m/fpv4-sp/hard\libc_nano.a(lib_a-memcpy-stub.o)
 .debug_info    0x0000000000035f2d     0x11d2 c:/program files/microchip/xc32/v2.50/bin/bin/../../lib/gcc/pic32c/6.2.1/../../../../pic32c/lib/v7e-m/fpv4-sp/hard\libc_nano.a(lib_a-nano-freer.o)
 .debug_info    0x00000000000370ff     0x126a c:/program files/microchip/xc32/v2.50/bin/bin/../../lib/gcc/pic32c/6.2.1/../../../../pic32c/lib/v7e-m/fpv4-sp/hard\libc_nano.a(lib_a-nano-mallocr.o)
 .debug_info    0x0000000000038369      0xf1b c:/program files/microchip/xc32/v2.50/bin/bin/../../lib/gcc/pic32c/6.2.1/../../../../pic32c/lib/v7e-m/fpv4-sp/hard\libc_nano.a(_lib_a-printf.cdnopuxX.o)
 .debug_info    0x0000000000039284     0x12f6 c:/program files/microchip/xc32/v2.50/bin/bin/../../lib/gcc/pic32c/6.2.1/../../../../pic32c/lib/v7e-m/fpv4-sp/hard\libc_nano.a(lib_a-puts.o)
 .debug_info    0x000000000003a57a      0xef0 c:/program files/microchip/xc32/v2.50/bin/bin/../../lib/gcc/pic32c/6.2.1/../../../../pic32c/lib/v7e-m/fpv4-sp/hard\libc_nano.a(lib_a-sbrkr.o)
 .debug_info    0x000000000003b46a      0x12a c:/program files/microchip/xc32/v2.50/bin/bin/../../lib/gcc/pic32c/6.2.1/../../../../pic32c/lib/v7e-m/fpv4-sp/hard\libc_nano.a(lib_a-strlen.o)
 .debug_info    0x000000000003b594     0x128a c:/program files/microchip/xc32/v2.50/bin/bin/../../lib/gcc/pic32c/6.2.1/../../../../pic32c/lib/v7e-m/fpv4-sp/hard\libc_nano.a(lib_a-wbuf.o)
 .debug_info    0x000000000003c81e     0x1205 c:/program files/microchip/xc32/v2.50/bin/bin/../../lib/gcc/pic32c/6.2.1/../../../../pic32c/lib/v7e-m/fpv4-sp/hard\libc_nano.a(lib_a-wsetup.o)
 .debug_info    0x000000000003da23     0x136b c:/program files/microchip/xc32/v2.50/bin/bin/../../lib/gcc/pic32c/6.2.1/../../../../pic32c/lib/v7e-m/fpv4-sp/hard\libc_nano.a(lib_a-fflush.o)
 .debug_info    0x000000000003ed8e     0x1545 c:/program files/microchip/xc32/v2.50/bin/bin/../../lib/gcc/pic32c/6.2.1/../../../../pic32c/lib/v7e-m/fpv4-sp/hard\libc_nano.a(lib_a-findfp.o)
 .debug_info    0x00000000000402d3     0x1274 c:/program files/microchip/xc32/v2.50/bin/bin/../../lib/gcc/pic32c/6.2.1/../../../../pic32c/lib/v7e-m/fpv4-sp/hard\libc_nano.a(lib_a-fwalk.o)
 .debug_info    0x0000000000041547      0xe00 c:/program files/microchip/xc32/v2.50/bin/bin/../../lib/gcc/pic32c/6.2.1/../../../../pic32c/lib/v7e-m/fpv4-sp/hard\libc_nano.a(lib_a-impure.o)
 .debug_info    0x0000000000042347     0x15bc c:/program files/microchip/xc32/v2.50/bin/bin/../../lib/gcc/pic32c/6.2.1/../../../../pic32c/lib/v7e-m/fpv4-sp/hard\libc_nano.a(lib_a-makebuf.o)
 .debug_info    0x0000000000043903     0x15bf c:/program files/microchip/xc32/v2.50/bin/bin/../../lib/gcc/pic32c/6.2.1/../../../../pic32c/lib/v7e-m/fpv4-sp/hard\libc_nano.a(lib_a-memset.o)
 .debug_info    0x0000000000044ec2      0xe3d c:/program files/microchip/xc32/v2.50/bin/bin/../../lib/gcc/pic32c/6.2.1/../../../../pic32c/lib/v7e-m/fpv4-sp/hard\libc_nano.a(lib_a-mlock.o)
 .debug_info    0x0000000000045cff     0x1fa1 c:/program files/microchip/xc32/v2.50/bin/bin/../../lib/gcc/pic32c/6.2.1/../../../../pic32c/lib/v7e-m/fpv4-sp/hard\libc_nano.a(_lib_a-nano-vfprintf.cdnopuxX.o)
 .debug_info    0x0000000000047ca0     0x1dc9 c:/program files/microchip/xc32/v2.50/bin/bin/../../lib/gcc/pic32c/6.2.1/../../../../pic32c/lib/v7e-m/fpv4-sp/hard\libc_nano.a(lib_a-nano-vfprintf_i.o)
 .debug_info    0x0000000000049a69      0xff8 c:/program files/microchip/xc32/v2.50/bin/bin/../../lib/gcc/pic32c/6.2.1/../../../../pic32c/lib/v7e-m/fpv4-sp/hard\libc_nano.a(lib_a-reent.o)
 .debug_info    0x000000000004aa61     0x1965 c:/program files/microchip/xc32/v2.50/bin/bin/../../lib/gcc/pic32c/6.2.1/../../../../pic32c/lib/v7e-m/fpv4-sp/hard\libc_nano.a(lib_a-__ssfputs.o)
 .debug_info    0x000000000004c3c6     0x1433 c:/program files/microchip/xc32/v2.50/bin/bin/../../lib/gcc/pic32c/6.2.1/../../../../pic32c/lib/v7e-m/fpv4-sp/hard\libc_nano.a(lib_a-stdio.o)
 .debug_info    0x000000000004d7f9      0xf0f c:/program files/microchip/xc32/v2.50/bin/bin/../../lib/gcc/pic32c/6.2.1/../../../../pic32c/lib/v7e-m/fpv4-sp/hard\libc_nano.a(lib_a-writer.o)
 .debug_info    0x000000000004e708      0xebe c:/program files/microchip/xc32/v2.50/bin/bin/../../lib/gcc/pic32c/6.2.1/../../../../pic32c/lib/v7e-m/fpv4-sp/hard\libc_nano.a(lib_a-closer.o)
 .debug_info    0x000000000004f5c6     0x13af c:/program files/microchip/xc32/v2.50/bin/bin/../../lib/gcc/pic32c/6.2.1/../../../../pic32c/lib/v7e-m/fpv4-sp/hard\libc_nano.a(lib_a-fputwc.o)
 .debug_info    0x0000000000050975     0x11b9 c:/program files/microchip/xc32/v2.50/bin/bin/../../lib/gcc/pic32c/6.2.1/../../../../pic32c/lib/v7e-m/fpv4-sp/hard\libc_nano.a(lib_a-fstatr.o)
 .debug_info    0x0000000000051b2e      0xecb c:/program files/microchip/xc32/v2.50/bin/bin/../../lib/gcc/pic32c/6.2.1/../../../../pic32c/lib/v7e-m/fpv4-sp/hard\libc_nano.a(lib_a-isattyr.o)
 .debug_info    0x00000000000529f9     0x18af c:/program files/microchip/xc32/v2.50/bin/bin/../../lib/gcc/pic32c/6.2.1/../../../../pic32c/lib/v7e-m/fpv4-sp/hard\libc_nano.a(lib_a-locale.o)
 .debug_info    0x00000000000542a8      0xef6 c:/program files/microchip/xc32/v2.50/bin/bin/../../lib/gcc/pic32c/6.2.1/../../../../pic32c/lib/v7e-m/fpv4-sp/hard\libc_nano.a(lib_a-lseekr.o)
 .debug_info    0x000000000005519e     0x1793 c:/program files/microchip/xc32/v2.50/bin/bin/../../lib/gcc/pic32c/6.2.1/../../../../pic32c/lib/v7e-m/fpv4-sp/hard\libc_nano.a(lib_a-mbtowc_r.o)
 .debug_info    0x0000000000056931      0x120 c:/program files/microchip/xc32/v2.50/bin/bin/../../lib/gcc/pic32c/6.2.1/../../../../pic32c/lib/v7e-m/fpv4-sp/hard\libc_nano.a(lib_a-memchr.o)
 .debug_info    0x0000000000056a51      0xf0d c:/program files/microchip/xc32/v2.50/bin/bin/../../lib/gcc/pic32c/6.2.1/../../../../pic32c/lib/v7e-m/fpv4-sp/hard\libc_nano.a(lib_a-readr.o)
 .debug_info    0x000000000005795e     0x176f c:/program files/microchip/xc32/v2.50/bin/bin/../../lib/gcc/pic32c/6.2.1/../../../../pic32c/lib/v7e-m/fpv4-sp/hard\libc_nano.a(lib_a-wcrtomb.o)
 .debug_info    0x00000000000590cd     0x175e c:/program files/microchip/xc32/v2.50/bin/bin/../../lib/gcc/pic32c/6.2.1/../../../../pic32c/lib/v7e-m/fpv4-sp/hard\libc_nano.a(lib_a-wctomb_r.o)
 .debug_info    0x000000000005a82b     0x1590 c:/program files/microchip/xc32/v2.50/bin/bin/../../lib/gcc/pic32c/6.2.1/../../../../pic32c/lib/v7e-m/fpv4-sp/hard\libc_nano.a(lib_a-ctype_.o)
 .debug_info    0x000000000005bdbb      0x288 c:/program files/microchip/xc32/v2.50/bin/bin/../../lib/gcc/pic32c/6.2.1/../../../../pic32c/lib/v7e-m/fpv4-sp/hard\libpic32c.a(_close.o)
 .debug_info    0x000000000005c043      0x288 c:/program files/microchip/xc32/v2.50/bin/bin/../../lib/gcc/pic32c/6.2.1/../../../../pic32c/lib/v7e-m/fpv4-sp/hard\libpic32c.a(_fstat.o)
 .debug_info    0x000000000005c2cb      0x28a c:/program files/microchip/xc32/v2.50/bin/bin/../../lib/gcc/pic32c/6.2.1/../../../../pic32c/lib/v7e-m/fpv4-sp/hard\libpic32c.a(_isatty.o)
 .debug_info    0x000000000005c555      0x288 c:/program files/microchip/xc32/v2.50/bin/bin/../../lib/gcc/pic32c/6.2.1/../../../../pic32c/lib/v7e-m/fpv4-sp/hard\libpic32c.a(_lseek.o)
 .debug_info    0x000000000005c7dd      0x286 c:/program files/microchip/xc32/v2.50/bin/bin/../../lib/gcc/pic32c/6.2.1/../../../../pic32c/lib/v7e-m/fpv4-sp/hard\libpic32c.a(_read.o)
 .debug_info    0x000000000005ca63      0x286 c:/program files/microchip/xc32/v2.50/bin/bin/../../lib/gcc/pic32c/6.2.1/../../../../pic32c/lib/v7e-m/fpv4-sp/hard\libpic32c.a(sbrk.o)
 .debug_info    0x000000000005cce9      0x288 c:/program files/microchip/xc32/v2.50/bin/bin/../../lib/gcc/pic32c/6.2.1/../../../../pic32c/lib/v7e-m/fpv4-sp/hard\libpic32c.a(_write.o)
 .debug_info    0x000000000005cf71      0x287 c:/program files/microchip/xc32/v2.50/bin/bin/../../lib/gcc/pic32c/6.2.1/../../../../pic32c/lib/v7e-m/fpv4-sp/hard\libpic32c.a(close.o)
 .debug_info    0x000000000005d1f8      0x287 c:/program files/microchip/xc32/v2.50/bin/bin/../../lib/gcc/pic32c/6.2.1/../../../../pic32c/lib/v7e-m/fpv4-sp/hard\libpic32c.a(fstat.o)
 .debug_info    0x000000000005d47f      0x289 c:/program files/microchip/xc32/v2.50/bin/bin/../../lib/gcc/pic32c/6.2.1/../../../../pic32c/lib/v7e-m/fpv4-sp/hard\libpic32c.a(isatty.o)
 .debug_info    0x000000000005d708      0x287 c:/program files/microchip/xc32/v2.50/bin/bin/../../lib/gcc/pic32c/6.2.1/../../../../pic32c/lib/v7e-m/fpv4-sp/hard\libpic32c.a(lseek.o)
 .debug_info    0x000000000005d98f      0x286 c:/program files/microchip/xc32/v2.50/bin/bin/../../lib/gcc/pic32c/6.2.1/../../../../pic32c/lib/v7e-m/fpv4-sp/hard\libpic32c.a(read.o)
 .debug_info    0x000000000005dc15      0x288 c:/program files/microchip/xc32/v2.50/bin/bin/../../lib/gcc/pic32c/6.2.1/../../../../pic32c/lib/v7e-m/fpv4-sp/hard\libpic32c.a(write.o)

.debug_abbrev   0x0000000000000000     0x945c
 .debug_abbrev  0x0000000000000000      0x355 build/samd51_lan9253_evb/production/_ext/639329829/bme280.o
 .debug_abbrev  0x0000000000000355      0x1f9 build/samd51_lan9253_evb/production/_ext/639329829/weather.o
 .debug_abbrev  0x000000000000054e      0x1d6 build/samd51_lan9253_evb/production/_ext/639329829/weather_example.o
 .debug_abbrev  0x0000000000000724      0x29b build/samd51_lan9253_evb/production/_ext/1884831521/drv_lan9253.o
 .debug_abbrev  0x00000000000009bf      0x572 build/samd51_lan9253_evb/production/_ext/1884831521/drv_lan9253_ecat_util.o
 .debug_abbrev  0x0000000000000f31      0x181 build/samd51_lan9253_evb/production/_ext/2063103749/plib_adc0.o
 .debug_abbrev  0x00000000000010b2      0x114 build/samd51_lan9253_evb/production/_ext/1630087885/plib_clock.o
 .debug_abbrev  0x00000000000011c6      0x184 build/samd51_lan9253_evb/production/_ext/2063107748/plib_eic.o
 .debug_abbrev  0x000000000000134a       0x5e build/samd51_lan9253_evb/production/_ext/1627938399/plib_evsys.o
 .debug_abbrev  0x00000000000013a8      0x1cb build/samd51_lan9253_evb/production/_ext/467888355/plib_nvic.o
 .debug_abbrev  0x0000000000001573      0x2fd build/samd51_lan9253_evb/production/_ext/1689299083/plib_nvmctrl.o
 .debug_abbrev  0x0000000000001870      0x1bf build/samd51_lan9253_evb/production/_ext/467835204/plib_port.o
 .debug_abbrev  0x0000000000001a2f      0x2d3 build/samd51_lan9253_evb/production/_ext/467801642/plib_qspi_spi.o
 .debug_abbrev  0x0000000000001d02      0x370 build/samd51_lan9253_evb/production/_ext/1899521798/plib_sercom2_i2c_master.o
 .debug_abbrev  0x0000000000002072      0x194 build/samd51_lan9253_evb/production/_ext/1454823985/plib_systick.o
 .debug_abbrev  0x0000000000002206      0x1c7 build/samd51_lan9253_evb/production/_ext/626184342/plib_tc0.o
 .debug_abbrev  0x00000000000023cd      0x17b build/samd51_lan9253_evb/production/_ext/2063121977/plib_tcc0.o
 .debug_abbrev  0x0000000000002548      0x20a build/samd51_lan9253_evb/production/_ext/1302688239/xc32_monitor.o
 .debug_abbrev  0x0000000000002752      0x209 build/samd51_lan9253_evb/production/_ext/715110505/initialization.o
 .debug_abbrev  0x000000000000295b      0x1a4 build/samd51_lan9253_evb/production/_ext/715110505/interrupts.o
 .debug_abbrev  0x0000000000002aff      0x199 build/samd51_lan9253_evb/production/_ext/715110505/exceptions.o
 .debug_abbrev  0x0000000000002c98      0x1cd build/samd51_lan9253_evb/production/_ext/715110505/startup_xc32.o
 .debug_abbrev  0x0000000000002e65      0x32e build/samd51_lan9253_evb/production/_ext/1544482854/coeappl.o
 .debug_abbrev  0x0000000000003193      0x307 build/samd51_lan9253_evb/production/_ext/1544482854/ecatappl.o
 .debug_abbrev  0x000000000000349a      0x253 build/samd51_lan9253_evb/production/_ext/1544482854/ecatcoe.o
 .debug_abbrev  0x00000000000036ed      0x372 build/samd51_lan9253_evb/production/_ext/1544482854/ecatslv.o
 .debug_abbrev  0x0000000000003a5f      0x2e5 build/samd51_lan9253_evb/production/_ext/1544482854/emcy.o
 .debug_abbrev  0x0000000000003d44      0x35e build/samd51_lan9253_evb/production/_ext/1544482854/mailbox.o
 .debug_abbrev  0x00000000000040a2      0x365 build/samd51_lan9253_evb/production/_ext/1544482854/objdef.o
 .debug_abbrev  0x0000000000004407      0x386 build/samd51_lan9253_evb/production/_ext/1544482854/sample_app.o
 .debug_abbrev  0x000000000000478d      0x3bd build/samd51_lan9253_evb/production/_ext/1544482854/sdoserv.o
 .debug_abbrev  0x0000000000004b4a      0x24a build/samd51_lan9253_evb/production/_ext/1360937237/app_lan9253.o
 .debug_abbrev  0x0000000000004d94      0x1e5 build/samd51_lan9253_evb/production/_ext/1360937237/main.o
 .debug_abbrev  0x0000000000004f79      0x28a build/samd51_lan9253_evb/production/_ext/222858286/plib_sercom0_usart.o
 .debug_abbrev  0x0000000000005203       0x2a c:/program files/microchip/xc32/v2.50/bin/bin/../../lib/gcc/pic32c/6.2.1/../../../../pic32c/lib/v7e-m/fpv4-sp/hard\libpic32c.a(data_init.o)
 .debug_abbrev  0x000000000000522d       0xa3 c:/program files/microchip/xc32/v2.50/bin/bin/../../lib/gcc/pic32c/6.2.1/../../../../pic32c/lib/v7e-m/fpv4-sp/hard\libc_nano.a(lib_a-init.o)
 .debug_abbrev  0x00000000000052d0      0x1b3 c:/program files/microchip/xc32/v2.50/bin/bin/../../lib/gcc/pic32c/6.2.1/../../../../pic32c/lib/v7e-m/fpv4-sp/hard\libc_nano.a(lib_a-malloc.o)
 .debug_abbrev  0x0000000000005483      0x17c c:/program files/microchip/xc32/v2.50/bin/bin/../../lib/gcc/pic32c/6.2.1/../../../../pic32c/lib/v7e-m/fpv4-sp/hard\libc_nano.a(lib_a-memcpy-stub.o)
 .debug_abbrev  0x00000000000055ff      0x242 c:/program files/microchip/xc32/v2.50/bin/bin/../../lib/gcc/pic32c/6.2.1/../../../../pic32c/lib/v7e-m/fpv4-sp/hard\libc_nano.a(lib_a-nano-freer.o)
 .debug_abbrev  0x0000000000005841      0x281 c:/program files/microchip/xc32/v2.50/bin/bin/../../lib/gcc/pic32c/6.2.1/../../../../pic32c/lib/v7e-m/fpv4-sp/hard\libc_nano.a(lib_a-nano-mallocr.o)
 .debug_abbrev  0x0000000000005ac2      0x196 c:/program files/microchip/xc32/v2.50/bin/bin/../../lib/gcc/pic32c/6.2.1/../../../../pic32c/lib/v7e-m/fpv4-sp/hard\libc_nano.a(_lib_a-printf.cdnopuxX.o)
 .debug_abbrev  0x0000000000005c58      0x25f c:/program files/microchip/xc32/v2.50/bin/bin/../../lib/gcc/pic32c/6.2.1/../../../../pic32c/lib/v7e-m/fpv4-sp/hard\libc_nano.a(lib_a-puts.o)
 .debug_abbrev  0x0000000000005eb7      0x1a8 c:/program files/microchip/xc32/v2.50/bin/bin/../../lib/gcc/pic32c/6.2.1/../../../../pic32c/lib/v7e-m/fpv4-sp/hard\libc_nano.a(lib_a-sbrkr.o)
 .debug_abbrev  0x000000000000605f       0x14 c:/program files/microchip/xc32/v2.50/bin/bin/../../lib/gcc/pic32c/6.2.1/../../../../pic32c/lib/v7e-m/fpv4-sp/hard\libc_nano.a(lib_a-strlen.o)
 .debug_abbrev  0x0000000000006073      0x216 c:/program files/microchip/xc32/v2.50/bin/bin/../../lib/gcc/pic32c/6.2.1/../../../../pic32c/lib/v7e-m/fpv4-sp/hard\libc_nano.a(lib_a-wbuf.o)
 .debug_abbrev  0x0000000000006289      0x1ec c:/program files/microchip/xc32/v2.50/bin/bin/../../lib/gcc/pic32c/6.2.1/../../../../pic32c/lib/v7e-m/fpv4-sp/hard\libc_nano.a(lib_a-wsetup.o)
 .debug_abbrev  0x0000000000006475      0x29e c:/program files/microchip/xc32/v2.50/bin/bin/../../lib/gcc/pic32c/6.2.1/../../../../pic32c/lib/v7e-m/fpv4-sp/hard\libc_nano.a(lib_a-fflush.o)
 .debug_abbrev  0x0000000000006713      0x2b5 c:/program files/microchip/xc32/v2.50/bin/bin/../../lib/gcc/pic32c/6.2.1/../../../../pic32c/lib/v7e-m/fpv4-sp/hard\libc_nano.a(lib_a-findfp.o)
 .debug_abbrev  0x00000000000069c8      0x1ad c:/program files/microchip/xc32/v2.50/bin/bin/../../lib/gcc/pic32c/6.2.1/../../../../pic32c/lib/v7e-m/fpv4-sp/hard\libc_nano.a(lib_a-fwalk.o)
 .debug_abbrev  0x0000000000006b75      0x131 c:/program files/microchip/xc32/v2.50/bin/bin/../../lib/gcc/pic32c/6.2.1/../../../../pic32c/lib/v7e-m/fpv4-sp/hard\libc_nano.a(lib_a-impure.o)
 .debug_abbrev  0x0000000000006ca6      0x268 c:/program files/microchip/xc32/v2.50/bin/bin/../../lib/gcc/pic32c/6.2.1/../../../../pic32c/lib/v7e-m/fpv4-sp/hard\libc_nano.a(lib_a-makebuf.o)
 .debug_abbrev  0x0000000000006f0e      0x170 c:/program files/microchip/xc32/v2.50/bin/bin/../../lib/gcc/pic32c/6.2.1/../../../../pic32c/lib/v7e-m/fpv4-sp/hard\libc_nano.a(lib_a-memset.o)
 .debug_abbrev  0x000000000000707e      0x165 c:/program files/microchip/xc32/v2.50/bin/bin/../../lib/gcc/pic32c/6.2.1/../../../../pic32c/lib/v7e-m/fpv4-sp/hard\libc_nano.a(lib_a-mlock.o)
 .debug_abbrev  0x00000000000071e3      0x30f c:/program files/microchip/xc32/v2.50/bin/bin/../../lib/gcc/pic32c/6.2.1/../../../../pic32c/lib/v7e-m/fpv4-sp/hard\libc_nano.a(_lib_a-nano-vfprintf.cdnopuxX.o)
 .debug_abbrev  0x00000000000074f2      0x225 c:/program files/microchip/xc32/v2.50/bin/bin/../../lib/gcc/pic32c/6.2.1/../../../../pic32c/lib/v7e-m/fpv4-sp/hard\libc_nano.a(lib_a-nano-vfprintf_i.o)
 .debug_abbrev  0x0000000000007717      0x1f8 c:/program files/microchip/xc32/v2.50/bin/bin/../../lib/gcc/pic32c/6.2.1/../../../../pic32c/lib/v7e-m/fpv4-sp/hard\libc_nano.a(lib_a-reent.o)
 .debug_abbrev  0x000000000000790f      0x1f9 c:/program files/microchip/xc32/v2.50/bin/bin/../../lib/gcc/pic32c/6.2.1/../../../../pic32c/lib/v7e-m/fpv4-sp/hard\libc_nano.a(lib_a-__ssfputs.o)
 .debug_abbrev  0x0000000000007b08      0x23f c:/program files/microchip/xc32/v2.50/bin/bin/../../lib/gcc/pic32c/6.2.1/../../../../pic32c/lib/v7e-m/fpv4-sp/hard\libc_nano.a(lib_a-stdio.o)
 .debug_abbrev  0x0000000000007d47      0x198 c:/program files/microchip/xc32/v2.50/bin/bin/../../lib/gcc/pic32c/6.2.1/../../../../pic32c/lib/v7e-m/fpv4-sp/hard\libc_nano.a(lib_a-writer.o)
 .debug_abbrev  0x0000000000007edf      0x193 c:/program files/microchip/xc32/v2.50/bin/bin/../../lib/gcc/pic32c/6.2.1/../../../../pic32c/lib/v7e-m/fpv4-sp/hard\libc_nano.a(lib_a-closer.o)
 .debug_abbrev  0x0000000000008072      0x27f c:/program files/microchip/xc32/v2.50/bin/bin/../../lib/gcc/pic32c/6.2.1/../../../../pic32c/lib/v7e-m/fpv4-sp/hard\libc_nano.a(lib_a-fputwc.o)
 .debug_abbrev  0x00000000000082f1      0x193 c:/program files/microchip/xc32/v2.50/bin/bin/../../lib/gcc/pic32c/6.2.1/../../../../pic32c/lib/v7e-m/fpv4-sp/hard\libc_nano.a(lib_a-fstatr.o)
 .debug_abbrev  0x0000000000008484      0x193 c:/program files/microchip/xc32/v2.50/bin/bin/../../lib/gcc/pic32c/6.2.1/../../../../pic32c/lib/v7e-m/fpv4-sp/hard\libc_nano.a(lib_a-isattyr.o)
 .debug_abbrev  0x0000000000008617      0x256 c:/program files/microchip/xc32/v2.50/bin/bin/../../lib/gcc/pic32c/6.2.1/../../../../pic32c/lib/v7e-m/fpv4-sp/hard\libc_nano.a(lib_a-locale.o)
 .debug_abbrev  0x000000000000886d      0x193 c:/program files/microchip/xc32/v2.50/bin/bin/../../lib/gcc/pic32c/6.2.1/../../../../pic32c/lib/v7e-m/fpv4-sp/hard\libc_nano.a(lib_a-lseekr.o)
 .debug_abbrev  0x0000000000008a00      0x1be c:/program files/microchip/xc32/v2.50/bin/bin/../../lib/gcc/pic32c/6.2.1/../../../../pic32c/lib/v7e-m/fpv4-sp/hard\libc_nano.a(lib_a-mbtowc_r.o)
 .debug_abbrev  0x0000000000008bbe       0x14 c:/program files/microchip/xc32/v2.50/bin/bin/../../lib/gcc/pic32c/6.2.1/../../../../pic32c/lib/v7e-m/fpv4-sp/hard\libc_nano.a(lib_a-memchr.o)
 .debug_abbrev  0x0000000000008bd2      0x193 c:/program files/microchip/xc32/v2.50/bin/bin/../../lib/gcc/pic32c/6.2.1/../../../../pic32c/lib/v7e-m/fpv4-sp/hard\libc_nano.a(lib_a-readr.o)
 .debug_abbrev  0x0000000000008d65      0x1dc c:/program files/microchip/xc32/v2.50/bin/bin/../../lib/gcc/pic32c/6.2.1/../../../../pic32c/lib/v7e-m/fpv4-sp/hard\libc_nano.a(lib_a-wcrtomb.o)
 .debug_abbrev  0x0000000000008f41      0x1da c:/program files/microchip/xc32/v2.50/bin/bin/../../lib/gcc/pic32c/6.2.1/../../../../pic32c/lib/v7e-m/fpv4-sp/hard\libc_nano.a(lib_a-wctomb_r.o)
 .debug_abbrev  0x000000000000911b      0x131 c:/program files/microchip/xc32/v2.50/bin/bin/../../lib/gcc/pic32c/6.2.1/../../../../pic32c/lib/v7e-m/fpv4-sp/hard\libc_nano.a(lib_a-ctype_.o)
 .debug_abbrev  0x000000000000924c       0x27 c:/program files/microchip/xc32/v2.50/bin/bin/../../lib/gcc/pic32c/6.2.1/../../../../pic32c/lib/v7e-m/fpv4-sp/hard\libpic32c.a(_close.o)
 .debug_abbrev  0x0000000000009273       0x27 c:/program files/microchip/xc32/v2.50/bin/bin/../../lib/gcc/pic32c/6.2.1/../../../../pic32c/lib/v7e-m/fpv4-sp/hard\libpic32c.a(_fstat.o)
 .debug_abbrev  0x000000000000929a       0x27 c:/program files/microchip/xc32/v2.50/bin/bin/../../lib/gcc/pic32c/6.2.1/../../../../pic32c/lib/v7e-m/fpv4-sp/hard\libpic32c.a(_isatty.o)
 .debug_abbrev  0x00000000000092c1       0x27 c:/program files/microchip/xc32/v2.50/bin/bin/../../lib/gcc/pic32c/6.2.1/../../../../pic32c/lib/v7e-m/fpv4-sp/hard\libpic32c.a(_lseek.o)
 .debug_abbrev  0x00000000000092e8       0x27 c:/program files/microchip/xc32/v2.50/bin/bin/../../lib/gcc/pic32c/6.2.1/../../../../pic32c/lib/v7e-m/fpv4-sp/hard\libpic32c.a(_read.o)
 .debug_abbrev  0x000000000000930f       0x2a c:/program files/microchip/xc32/v2.50/bin/bin/../../lib/gcc/pic32c/6.2.1/../../../../pic32c/lib/v7e-m/fpv4-sp/hard\libpic32c.a(sbrk.o)
 .debug_abbrev  0x0000000000009339       0x27 c:/program files/microchip/xc32/v2.50/bin/bin/../../lib/gcc/pic32c/6.2.1/../../../../pic32c/lib/v7e-m/fpv4-sp/hard\libpic32c.a(_write.o)
 .debug_abbrev  0x0000000000009360       0x2a c:/program files/microchip/xc32/v2.50/bin/bin/../../lib/gcc/pic32c/6.2.1/../../../../pic32c/lib/v7e-m/fpv4-sp/hard\libpic32c.a(close.o)
 .debug_abbrev  0x000000000000938a       0x2a c:/program files/microchip/xc32/v2.50/bin/bin/../../lib/gcc/pic32c/6.2.1/../../../../pic32c/lib/v7e-m/fpv4-sp/hard\libpic32c.a(fstat.o)
 .debug_abbrev  0x00000000000093b4       0x2a c:/program files/microchip/xc32/v2.50/bin/bin/../../lib/gcc/pic32c/6.2.1/../../../../pic32c/lib/v7e-m/fpv4-sp/hard\libpic32c.a(isatty.o)
 .debug_abbrev  0x00000000000093de       0x2a c:/program files/microchip/xc32/v2.50/bin/bin/../../lib/gcc/pic32c/6.2.1/../../../../pic32c/lib/v7e-m/fpv4-sp/hard\libpic32c.a(lseek.o)
 .debug_abbrev  0x0000000000009408       0x2a c:/program files/microchip/xc32/v2.50/bin/bin/../../lib/gcc/pic32c/6.2.1/../../../../pic32c/lib/v7e-m/fpv4-sp/hard\libpic32c.a(read.o)
 .debug_abbrev  0x0000000000009432       0x2a c:/program files/microchip/xc32/v2.50/bin/bin/../../lib/gcc/pic32c/6.2.1/../../../../pic32c/lib/v7e-m/fpv4-sp/hard\libpic32c.a(write.o)

.debug_loc      0x0000000000000000     0xe0bf
 .debug_loc     0x0000000000000000      0x88e build/samd51_lan9253_evb/production/_ext/639329829/bme280.o
 .debug_loc     0x000000000000088e       0xc0 build/samd51_lan9253_evb/production/_ext/639329829/weather.o
 .debug_loc     0x000000000000094e       0x20 build/samd51_lan9253_evb/production/_ext/639329829/weather_example.o
 .debug_loc     0x000000000000096e      0xae2 build/samd51_lan9253_evb/production/_ext/1884831521/drv_lan9253.o
 .debug_loc     0x0000000000001450     0x131d build/samd51_lan9253_evb/production/_ext/1884831521/drv_lan9253_ecat_util.o
 .debug_loc     0x000000000000276d       0xed build/samd51_lan9253_evb/production/_ext/2063103749/plib_adc0.o
 .debug_loc     0x000000000000285a       0xda build/samd51_lan9253_evb/production/_ext/2063107748/plib_eic.o
 .debug_loc     0x0000000000002934      0x2ba build/samd51_lan9253_evb/production/_ext/467888355/plib_nvic.o
 .debug_loc     0x0000000000002bee      0x4f3 build/samd51_lan9253_evb/production/_ext/1689299083/plib_nvmctrl.o
 .debug_loc     0x00000000000030e1      0x174 build/samd51_lan9253_evb/production/_ext/467835204/plib_port.o
 .debug_loc     0x0000000000003255      0x472 build/samd51_lan9253_evb/production/_ext/467801642/plib_qspi_spi.o
 .debug_loc     0x00000000000036c7      0xb62 build/samd51_lan9253_evb/production/_ext/1899521798/plib_sercom2_i2c_master.o
 .debug_loc     0x0000000000004229      0x263 build/samd51_lan9253_evb/production/_ext/1454823985/plib_systick.o
 .debug_loc     0x000000000000448c       0x59 build/samd51_lan9253_evb/production/_ext/626184342/plib_tc0.o
 .debug_loc     0x00000000000044e5      0x189 build/samd51_lan9253_evb/production/_ext/2063121977/plib_tcc0.o
 .debug_loc     0x000000000000466e       0xe2 build/samd51_lan9253_evb/production/_ext/1302688239/xc32_monitor.o
 .debug_loc     0x0000000000004750       0x41 build/samd51_lan9253_evb/production/_ext/715110505/initialization.o
 .debug_loc     0x0000000000004791       0x34 build/samd51_lan9253_evb/production/_ext/715110505/startup_xc32.o
 .debug_loc     0x00000000000047c5      0x54d build/samd51_lan9253_evb/production/_ext/1544482854/coeappl.o
 .debug_loc     0x0000000000004d12      0x2fe build/samd51_lan9253_evb/production/_ext/1544482854/ecatappl.o
 .debug_loc     0x0000000000005010      0x151 build/samd51_lan9253_evb/production/_ext/1544482854/ecatcoe.o
 .debug_loc     0x0000000000005161     0x1885 build/samd51_lan9253_evb/production/_ext/1544482854/ecatslv.o
 .debug_loc     0x00000000000069e6      0x218 build/samd51_lan9253_evb/production/_ext/1544482854/emcy.o
 .debug_loc     0x0000000000006bfe      0x73f build/samd51_lan9253_evb/production/_ext/1544482854/mailbox.o
 .debug_loc     0x000000000000733d     0x1ce5 build/samd51_lan9253_evb/production/_ext/1544482854/objdef.o
 .debug_loc     0x0000000000009022      0x48e build/samd51_lan9253_evb/production/_ext/1544482854/sample_app.o
 .debug_loc     0x00000000000094b0     0x11f9 build/samd51_lan9253_evb/production/_ext/1544482854/sdoserv.o
 .debug_loc     0x000000000000a6a9       0x34 build/samd51_lan9253_evb/production/_ext/1360937237/app_lan9253.o
 .debug_loc     0x000000000000a6dd       0x20 build/samd51_lan9253_evb/production/_ext/1360937237/main.o
 .debug_loc     0x000000000000a6fd      0x601 build/samd51_lan9253_evb/production/_ext/222858286/plib_sercom0_usart.o
 .debug_loc     0x000000000000acfe       0x74 c:/program files/microchip/xc32/v2.50/bin/bin/../../lib/gcc/pic32c/6.2.1/../../../../pic32c/lib/v7e-m/fpv4-sp/hard\libc_nano.a(lib_a-init.o)
 .debug_loc     0x000000000000ad72       0x58 c:/program files/microchip/xc32/v2.50/bin/bin/../../lib/gcc/pic32c/6.2.1/../../../../pic32c/lib/v7e-m/fpv4-sp/hard\libc_nano.a(lib_a-malloc.o)
 .debug_loc     0x000000000000adca       0xb2 c:/program files/microchip/xc32/v2.50/bin/bin/../../lib/gcc/pic32c/6.2.1/../../../../pic32c/lib/v7e-m/fpv4-sp/hard\libc_nano.a(lib_a-memcpy-stub.o)
 .debug_loc     0x000000000000ae7c      0x141 c:/program files/microchip/xc32/v2.50/bin/bin/../../lib/gcc/pic32c/6.2.1/../../../../pic32c/lib/v7e-m/fpv4-sp/hard\libc_nano.a(lib_a-nano-freer.o)
 .debug_loc     0x000000000000afbd      0x326 c:/program files/microchip/xc32/v2.50/bin/bin/../../lib/gcc/pic32c/6.2.1/../../../../pic32c/lib/v7e-m/fpv4-sp/hard\libc_nano.a(lib_a-nano-mallocr.o)
 .debug_loc     0x000000000000b2e3       0x50 c:/program files/microchip/xc32/v2.50/bin/bin/../../lib/gcc/pic32c/6.2.1/../../../../pic32c/lib/v7e-m/fpv4-sp/hard\libc_nano.a(_lib_a-printf.cdnopuxX.o)
 .debug_loc     0x000000000000b333      0x202 c:/program files/microchip/xc32/v2.50/bin/bin/../../lib/gcc/pic32c/6.2.1/../../../../pic32c/lib/v7e-m/fpv4-sp/hard\libc_nano.a(lib_a-puts.o)
 .debug_loc     0x000000000000b535       0x6d c:/program files/microchip/xc32/v2.50/bin/bin/../../lib/gcc/pic32c/6.2.1/../../../../pic32c/lib/v7e-m/fpv4-sp/hard\libc_nano.a(lib_a-sbrkr.o)
 .debug_loc     0x000000000000b5a2      0x133 c:/program files/microchip/xc32/v2.50/bin/bin/../../lib/gcc/pic32c/6.2.1/../../../../pic32c/lib/v7e-m/fpv4-sp/hard\libc_nano.a(lib_a-wbuf.o)
 .debug_loc     0x000000000000b6d5       0x7a c:/program files/microchip/xc32/v2.50/bin/bin/../../lib/gcc/pic32c/6.2.1/../../../../pic32c/lib/v7e-m/fpv4-sp/hard\libc_nano.a(lib_a-wsetup.o)
 .debug_loc     0x000000000000b74f      0x2f4 c:/program files/microchip/xc32/v2.50/bin/bin/../../lib/gcc/pic32c/6.2.1/../../../../pic32c/lib/v7e-m/fpv4-sp/hard\libc_nano.a(lib_a-fflush.o)
 .debug_loc     0x000000000000ba43      0x228 c:/program files/microchip/xc32/v2.50/bin/bin/../../lib/gcc/pic32c/6.2.1/../../../../pic32c/lib/v7e-m/fpv4-sp/hard\libc_nano.a(lib_a-findfp.o)
 .debug_loc     0x000000000000bc6b      0x139 c:/program files/microchip/xc32/v2.50/bin/bin/../../lib/gcc/pic32c/6.2.1/../../../../pic32c/lib/v7e-m/fpv4-sp/hard\libc_nano.a(lib_a-fwalk.o)
 .debug_loc     0x000000000000bda4      0x254 c:/program files/microchip/xc32/v2.50/bin/bin/../../lib/gcc/pic32c/6.2.1/../../../../pic32c/lib/v7e-m/fpv4-sp/hard\libc_nano.a(lib_a-makebuf.o)
 .debug_loc     0x000000000000bff8       0x4c c:/program files/microchip/xc32/v2.50/bin/bin/../../lib/gcc/pic32c/6.2.1/../../../../pic32c/lib/v7e-m/fpv4-sp/hard\libc_nano.a(lib_a-memset.o)
 .debug_loc     0x000000000000c044      0x781 c:/program files/microchip/xc32/v2.50/bin/bin/../../lib/gcc/pic32c/6.2.1/../../../../pic32c/lib/v7e-m/fpv4-sp/hard\libc_nano.a(_lib_a-nano-vfprintf.cdnopuxX.o)
 .debug_loc     0x000000000000c7c5      0x5d7 c:/program files/microchip/xc32/v2.50/bin/bin/../../lib/gcc/pic32c/6.2.1/../../../../pic32c/lib/v7e-m/fpv4-sp/hard\libc_nano.a(lib_a-nano-vfprintf_i.o)
 .debug_loc     0x000000000000cd9c      0x15e c:/program files/microchip/xc32/v2.50/bin/bin/../../lib/gcc/pic32c/6.2.1/../../../../pic32c/lib/v7e-m/fpv4-sp/hard\libc_nano.a(lib_a-reent.o)
 .debug_loc     0x000000000000cefa      0x1f2 c:/program files/microchip/xc32/v2.50/bin/bin/../../lib/gcc/pic32c/6.2.1/../../../../pic32c/lib/v7e-m/fpv4-sp/hard\libc_nano.a(lib_a-__ssfputs.o)
 .debug_loc     0x000000000000d0ec      0x2ef c:/program files/microchip/xc32/v2.50/bin/bin/../../lib/gcc/pic32c/6.2.1/../../../../pic32c/lib/v7e-m/fpv4-sp/hard\libc_nano.a(lib_a-stdio.o)
 .debug_loc     0x000000000000d3db       0xc5 c:/program files/microchip/xc32/v2.50/bin/bin/../../lib/gcc/pic32c/6.2.1/../../../../pic32c/lib/v7e-m/fpv4-sp/hard\libc_nano.a(lib_a-writer.o)
 .debug_loc     0x000000000000d4a0       0x6d c:/program files/microchip/xc32/v2.50/bin/bin/../../lib/gcc/pic32c/6.2.1/../../../../pic32c/lib/v7e-m/fpv4-sp/hard\libc_nano.a(lib_a-closer.o)
 .debug_loc     0x000000000000d50d      0x298 c:/program files/microchip/xc32/v2.50/bin/bin/../../lib/gcc/pic32c/6.2.1/../../../../pic32c/lib/v7e-m/fpv4-sp/hard\libc_nano.a(lib_a-fputwc.o)
 .debug_loc     0x000000000000d7a5       0x99 c:/program files/microchip/xc32/v2.50/bin/bin/../../lib/gcc/pic32c/6.2.1/../../../../pic32c/lib/v7e-m/fpv4-sp/hard\libc_nano.a(lib_a-fstatr.o)
 .debug_loc     0x000000000000d83e       0x6d c:/program files/microchip/xc32/v2.50/bin/bin/../../lib/gcc/pic32c/6.2.1/../../../../pic32c/lib/v7e-m/fpv4-sp/hard\libc_nano.a(lib_a-isattyr.o)
 .debug_loc     0x000000000000d8ab      0x17b c:/program files/microchip/xc32/v2.50/bin/bin/../../lib/gcc/pic32c/6.2.1/../../../../pic32c/lib/v7e-m/fpv4-sp/hard\libc_nano.a(lib_a-locale.o)
 .debug_loc     0x000000000000da26       0xc5 c:/program files/microchip/xc32/v2.50/bin/bin/../../lib/gcc/pic32c/6.2.1/../../../../pic32c/lib/v7e-m/fpv4-sp/hard\libc_nano.a(lib_a-lseekr.o)
 .debug_loc     0x000000000000daeb      0x229 c:/program files/microchip/xc32/v2.50/bin/bin/../../lib/gcc/pic32c/6.2.1/../../../../pic32c/lib/v7e-m/fpv4-sp/hard\libc_nano.a(lib_a-mbtowc_r.o)
 .debug_loc     0x000000000000dd14       0xc5 c:/program files/microchip/xc32/v2.50/bin/bin/../../lib/gcc/pic32c/6.2.1/../../../../pic32c/lib/v7e-m/fpv4-sp/hard\libc_nano.a(lib_a-readr.o)
 .debug_loc     0x000000000000ddd9      0x1a8 c:/program files/microchip/xc32/v2.50/bin/bin/../../lib/gcc/pic32c/6.2.1/../../../../pic32c/lib/v7e-m/fpv4-sp/hard\libc_nano.a(lib_a-wcrtomb.o)
 .debug_loc     0x000000000000df81      0x116 c:/program files/microchip/xc32/v2.50/bin/bin/../../lib/gcc/pic32c/6.2.1/../../../../pic32c/lib/v7e-m/fpv4-sp/hard\libc_nano.a(lib_a-wctomb_r.o)
 .debug_loc     0x000000000000e097       0x14 c:/program files/microchip/xc32/v2.50/bin/bin/../../lib/gcc/pic32c/6.2.1/../../../../pic32c/lib/v7e-m/fpv4-sp/hard\libpic32c.a(read.o)
 .debug_loc     0x000000000000e0ab       0x14 c:/program files/microchip/xc32/v2.50/bin/bin/../../lib/gcc/pic32c/6.2.1/../../../../pic32c/lib/v7e-m/fpv4-sp/hard\libpic32c.a(write.o)

.debug_aranges  0x0000000000000000     0x1420
 .debug_aranges
                0x0000000000000000       0xc8 build/samd51_lan9253_evb/production/_ext/639329829/bme280.o
 .debug_aranges
                0x00000000000000c8       0x48 build/samd51_lan9253_evb/production/_ext/639329829/weather.o
 .debug_aranges
                0x0000000000000110       0x20 build/samd51_lan9253_evb/production/_ext/639329829/weather_example.o
 .debug_aranges
                0x0000000000000130       0x88 build/samd51_lan9253_evb/production/_ext/1884831521/drv_lan9253.o
 .debug_aranges
                0x00000000000001b8      0x108 build/samd51_lan9253_evb/production/_ext/1884831521/drv_lan9253_ecat_util.o
 .debug_aranges
                0x00000000000002c0       0x80 build/samd51_lan9253_evb/production/_ext/2063103749/plib_adc0.o
 .debug_aranges
                0x0000000000000340       0x20 build/samd51_lan9253_evb/production/_ext/1630087885/plib_clock.o
 .debug_aranges
                0x0000000000000360       0x50 build/samd51_lan9253_evb/production/_ext/2063107748/plib_eic.o
 .debug_aranges
                0x00000000000003b0       0x20 build/samd51_lan9253_evb/production/_ext/1627938399/plib_evsys.o
 .debug_aranges
                0x00000000000003d0       0x38 build/samd51_lan9253_evb/production/_ext/467888355/plib_nvic.o
 .debug_aranges
                0x0000000000000408       0xc0 build/samd51_lan9253_evb/production/_ext/1689299083/plib_nvmctrl.o
 .debug_aranges
                0x00000000000004c8       0x70 build/samd51_lan9253_evb/production/_ext/467835204/plib_port.o
 .debug_aranges
                0x0000000000000538       0x58 build/samd51_lan9253_evb/production/_ext/467801642/plib_qspi_spi.o
 .debug_aranges
                0x0000000000000590       0x68 build/samd51_lan9253_evb/production/_ext/1899521798/plib_sercom2_i2c_master.o
 .debug_aranges
                0x00000000000005f8       0x78 build/samd51_lan9253_evb/production/_ext/1454823985/plib_systick.o
 .debug_aranges
                0x0000000000000670       0x78 build/samd51_lan9253_evb/production/_ext/626184342/plib_tc0.o
 .debug_aranges
                0x00000000000006e8       0x80 build/samd51_lan9253_evb/production/_ext/2063121977/plib_tcc0.o
 .debug_aranges
                0x0000000000000768       0x28 build/samd51_lan9253_evb/production/_ext/1302688239/xc32_monitor.o
 .debug_aranges
                0x0000000000000790       0x20 build/samd51_lan9253_evb/production/_ext/715110505/initialization.o
 .debug_aranges
                0x00000000000007b0       0x20 build/samd51_lan9253_evb/production/_ext/715110505/interrupts.o
 .debug_aranges
                0x00000000000007d0       0x48 build/samd51_lan9253_evb/production/_ext/715110505/exceptions.o
 .debug_aranges
                0x0000000000000818       0x28 build/samd51_lan9253_evb/production/_ext/715110505/startup_xc32.o
 .debug_aranges
                0x0000000000000840       0x70 build/samd51_lan9253_evb/production/_ext/1544482854/coeappl.o
 .debug_aranges
                0x00000000000008b0       0x70 build/samd51_lan9253_evb/production/_ext/1544482854/ecatappl.o
 .debug_aranges
                0x0000000000000920       0x30 build/samd51_lan9253_evb/production/_ext/1544482854/ecatcoe.o
 .debug_aranges
                0x0000000000000950       0xc8 build/samd51_lan9253_evb/production/_ext/1544482854/ecatslv.o
 .debug_aranges
                0x0000000000000a18       0x60 build/samd51_lan9253_evb/production/_ext/1544482854/emcy.o
 .debug_aranges
                0x0000000000000a78       0x80 build/samd51_lan9253_evb/production/_ext/1544482854/mailbox.o
 .debug_aranges
                0x0000000000000af8       0x78 build/samd51_lan9253_evb/production/_ext/1544482854/objdef.o
 .debug_aranges
                0x0000000000000b70       0x70 build/samd51_lan9253_evb/production/_ext/1544482854/sample_app.o
 .debug_aranges
                0x0000000000000be0       0x40 build/samd51_lan9253_evb/production/_ext/1544482854/sdoserv.o
 .debug_aranges
                0x0000000000000c20       0x28 build/samd51_lan9253_evb/production/_ext/1360937237/app_lan9253.o
 .debug_aranges
                0x0000000000000c48       0x20 build/samd51_lan9253_evb/production/_ext/1360937237/main.o
 .debug_aranges
                0x0000000000000c68       0x98 build/samd51_lan9253_evb/production/_ext/222858286/plib_sercom0_usart.o
 .debug_aranges
                0x0000000000000d00       0x20 c:/program files/microchip/xc32/v2.50/bin/bin/../../lib/gcc/pic32c/6.2.1/../../../../pic32c/lib/v7e-m/fpv4-sp/hard\libpic32c.a(data_init.o)
 .debug_aranges
                0x0000000000000d20       0x20 c:/program files/microchip/xc32/v2.50/bin/bin/../../lib/gcc/pic32c/6.2.1/../../../../pic32c/lib/v7e-m/fpv4-sp/hard\libc_nano.a(lib_a-init.o)
 .debug_aranges
                0x0000000000000d40       0x28 c:/program files/microchip/xc32/v2.50/bin/bin/../../lib/gcc/pic32c/6.2.1/../../../../pic32c/lib/v7e-m/fpv4-sp/hard\libc_nano.a(lib_a-malloc.o)
 .debug_aranges
                0x0000000000000d68       0x20 c:/program files/microchip/xc32/v2.50/bin/bin/../../lib/gcc/pic32c/6.2.1/../../../../pic32c/lib/v7e-m/fpv4-sp/hard\libc_nano.a(lib_a-memcpy-stub.o)
 .debug_aranges
                0x0000000000000d88       0x20 c:/program files/microchip/xc32/v2.50/bin/bin/../../lib/gcc/pic32c/6.2.1/../../../../pic32c/lib/v7e-m/fpv4-sp/hard\libc_nano.a(lib_a-nano-freer.o)
 .debug_aranges
                0x0000000000000da8       0x20 c:/program files/microchip/xc32/v2.50/bin/bin/../../lib/gcc/pic32c/6.2.1/../../../../pic32c/lib/v7e-m/fpv4-sp/hard\libc_nano.a(lib_a-nano-mallocr.o)
 .debug_aranges
                0x0000000000000dc8       0x20 c:/program files/microchip/xc32/v2.50/bin/bin/../../lib/gcc/pic32c/6.2.1/../../../../pic32c/lib/v7e-m/fpv4-sp/hard\libc_nano.a(_lib_a-printf.cdnopuxX.o)
 .debug_aranges
                0x0000000000000de8       0x28 c:/program files/microchip/xc32/v2.50/bin/bin/../../lib/gcc/pic32c/6.2.1/../../../../pic32c/lib/v7e-m/fpv4-sp/hard\libc_nano.a(lib_a-puts.o)
 .debug_aranges
                0x0000000000000e10       0x20 c:/program files/microchip/xc32/v2.50/bin/bin/../../lib/gcc/pic32c/6.2.1/../../../../pic32c/lib/v7e-m/fpv4-sp/hard\libc_nano.a(lib_a-sbrkr.o)
 .debug_aranges
                0x0000000000000e30       0x20 c:/program files/microchip/xc32/v2.50/bin/bin/../../lib/gcc/pic32c/6.2.1/../../../../pic32c/lib/v7e-m/fpv4-sp/hard\libc_nano.a(lib_a-strlen.o)
 .debug_aranges
                0x0000000000000e50       0x28 c:/program files/microchip/xc32/v2.50/bin/bin/../../lib/gcc/pic32c/6.2.1/../../../../pic32c/lib/v7e-m/fpv4-sp/hard\libc_nano.a(lib_a-wbuf.o)
 .debug_aranges
                0x0000000000000e78       0x20 c:/program files/microchip/xc32/v2.50/bin/bin/../../lib/gcc/pic32c/6.2.1/../../../../pic32c/lib/v7e-m/fpv4-sp/hard\libc_nano.a(lib_a-wsetup.o)
 .debug_aranges
                0x0000000000000e98       0x30 c:/program files/microchip/xc32/v2.50/bin/bin/../../lib/gcc/pic32c/6.2.1/../../../../pic32c/lib/v7e-m/fpv4-sp/hard\libc_nano.a(lib_a-fflush.o)
 .debug_aranges
                0x0000000000000ec8       0x48 c:/program files/microchip/xc32/v2.50/bin/bin/../../lib/gcc/pic32c/6.2.1/../../../../pic32c/lib/v7e-m/fpv4-sp/hard\libc_nano.a(lib_a-findfp.o)
 .debug_aranges
                0x0000000000000f10       0x28 c:/program files/microchip/xc32/v2.50/bin/bin/../../lib/gcc/pic32c/6.2.1/../../../../pic32c/lib/v7e-m/fpv4-sp/hard\libc_nano.a(lib_a-fwalk.o)
 .debug_aranges
                0x0000000000000f38       0x18 c:/program files/microchip/xc32/v2.50/bin/bin/../../lib/gcc/pic32c/6.2.1/../../../../pic32c/lib/v7e-m/fpv4-sp/hard\libc_nano.a(lib_a-impure.o)
 .debug_aranges
                0x0000000000000f50       0x28 c:/program files/microchip/xc32/v2.50/bin/bin/../../lib/gcc/pic32c/6.2.1/../../../../pic32c/lib/v7e-m/fpv4-sp/hard\libc_nano.a(lib_a-makebuf.o)
 .debug_aranges
                0x0000000000000f78       0x20 c:/program files/microchip/xc32/v2.50/bin/bin/../../lib/gcc/pic32c/6.2.1/../../../../pic32c/lib/v7e-m/fpv4-sp/hard\libc_nano.a(lib_a-memset.o)
 .debug_aranges
                0x0000000000000f98       0x20 c:/program files/microchip/xc32/v2.50/bin/bin/../../lib/gcc/pic32c/6.2.1/../../../../pic32c/lib/v7e-m/fpv4-sp/hard\libc_nano.a(lib_a-mlock.o)
 .debug_aranges
                0x0000000000000fb8       0x30 c:/program files/microchip/xc32/v2.50/bin/bin/../../lib/gcc/pic32c/6.2.1/../../../../pic32c/lib/v7e-m/fpv4-sp/hard\libc_nano.a(_lib_a-nano-vfprintf.cdnopuxX.o)
 .debug_aranges
                0x0000000000000fe8       0x28 c:/program files/microchip/xc32/v2.50/bin/bin/../../lib/gcc/pic32c/6.2.1/../../../../pic32c/lib/v7e-m/fpv4-sp/hard\libc_nano.a(lib_a-nano-vfprintf_i.o)
 .debug_aranges
                0x0000000000001010       0x28 c:/program files/microchip/xc32/v2.50/bin/bin/../../lib/gcc/pic32c/6.2.1/../../../../pic32c/lib/v7e-m/fpv4-sp/hard\libc_nano.a(lib_a-reent.o)
 .debug_aranges
                0x0000000000001038       0x28 c:/program files/microchip/xc32/v2.50/bin/bin/../../lib/gcc/pic32c/6.2.1/../../../../pic32c/lib/v7e-m/fpv4-sp/hard\libc_nano.a(lib_a-__ssfputs.o)
 .debug_aranges
                0x0000000000001060       0x40 c:/program files/microchip/xc32/v2.50/bin/bin/../../lib/gcc/pic32c/6.2.1/../../../../pic32c/lib/v7e-m/fpv4-sp/hard\libc_nano.a(lib_a-stdio.o)
 .debug_aranges
                0x00000000000010a0       0x20 c:/program files/microchip/xc32/v2.50/bin/bin/../../lib/gcc/pic32c/6.2.1/../../../../pic32c/lib/v7e-m/fpv4-sp/hard\libc_nano.a(lib_a-writer.o)
 .debug_aranges
                0x00000000000010c0       0x20 c:/program files/microchip/xc32/v2.50/bin/bin/../../lib/gcc/pic32c/6.2.1/../../../../pic32c/lib/v7e-m/fpv4-sp/hard\libc_nano.a(lib_a-closer.o)
 .debug_aranges
                0x00000000000010e0       0x30 c:/program files/microchip/xc32/v2.50/bin/bin/../../lib/gcc/pic32c/6.2.1/../../../../pic32c/lib/v7e-m/fpv4-sp/hard\libc_nano.a(lib_a-fputwc.o)
 .debug_aranges
                0x0000000000001110       0x20 c:/program files/microchip/xc32/v2.50/bin/bin/../../lib/gcc/pic32c/6.2.1/../../../../pic32c/lib/v7e-m/fpv4-sp/hard\libc_nano.a(lib_a-fstatr.o)
 .debug_aranges
                0x0000000000001130       0x20 c:/program files/microchip/xc32/v2.50/bin/bin/../../lib/gcc/pic32c/6.2.1/../../../../pic32c/lib/v7e-m/fpv4-sp/hard\libc_nano.a(lib_a-isattyr.o)
 .debug_aranges
                0x0000000000001150       0x40 c:/program files/microchip/xc32/v2.50/bin/bin/../../lib/gcc/pic32c/6.2.1/../../../../pic32c/lib/v7e-m/fpv4-sp/hard\libc_nano.a(lib_a-locale.o)
 .debug_aranges
                0x0000000000001190       0x20 c:/program files/microchip/xc32/v2.50/bin/bin/../../lib/gcc/pic32c/6.2.1/../../../../pic32c/lib/v7e-m/fpv4-sp/hard\libc_nano.a(lib_a-lseekr.o)
 .debug_aranges
                0x00000000000011b0       0x28 c:/program files/microchip/xc32/v2.50/bin/bin/../../lib/gcc/pic32c/6.2.1/../../../../pic32c/lib/v7e-m/fpv4-sp/hard\libc_nano.a(lib_a-mbtowc_r.o)
 .debug_aranges
                0x00000000000011d8       0x20 c:/program files/microchip/xc32/v2.50/bin/bin/../../lib/gcc/pic32c/6.2.1/../../../../pic32c/lib/v7e-m/fpv4-sp/hard\libc_nano.a(lib_a-memchr.o)
 .debug_aranges
                0x00000000000011f8       0x20 c:/program files/microchip/xc32/v2.50/bin/bin/../../lib/gcc/pic32c/6.2.1/../../../../pic32c/lib/v7e-m/fpv4-sp/hard\libc_nano.a(lib_a-readr.o)
 .debug_aranges
                0x0000000000001218       0x28 c:/program files/microchip/xc32/v2.50/bin/bin/../../lib/gcc/pic32c/6.2.1/../../../../pic32c/lib/v7e-m/fpv4-sp/hard\libc_nano.a(lib_a-wcrtomb.o)