Archive member included to satisfy reference by file (symbol)

c:/program files/microchip/xc32/v2.50/bin/bin/../../lib/gcc/pic32c/6.2.1/../../../../pic32c/lib/v7e-m/fpv4-sp/hard\libpic32c.a(data_init.o)
                              build/samd51_lan9253_evb/production/_ext/715110505/startup_xc32.o (__pic32c_data_initialization)
c:/program files/microchip/xc32/v2.50/bin/bin/../../lib/gcc/pic32c/6.2.1/../../../../pic32c/lib/v7e-m/fpv4-sp/hard\libc_nano.a(lib_a-init.o)
                              build/samd51_lan9253_evb/production/_ext/715110505/startup_xc32.o (__libc_init_array)
c:/program files/microchip/xc32/v2.50/bin/bin/../../lib/gcc/pic32c/6.2.1/../../../../pic32c/lib/v7e-m/fpv4-sp/hard\libc_nano.a(lib_a-malloc.o)
                              build/samd51_lan9253_evb/production/_ext/1544482854/ecatcoe.o (malloc)
c:/program files/microchip/xc32/v2.50/bin/bin/../../lib/gcc/pic32c/6.2.1/../../../../pic32c/lib/v7e-m/fpv4-sp/hard\libc_nano.a(lib_a-memcpy-stub.o)
                              build/samd51_lan9253_evb/production/_ext/1689299083/plib_nvmctrl.o (memcpy)
c:/program files/microchip/xc32/v2.50/bin/bin/../../lib/gcc/pic32c/6.2.1/../../../../pic32c/lib/v7e-m/fpv4-sp/hard\libc_nano.a(lib_a-nano-freer.o)
                              c:/program files/microchip/xc32/v2.50/bin/bin/../../lib/gcc/pic32c/6.2.1/../../../../pic32c/lib/v7e-m/fpv4-sp/hard\libc_nano.a(lib_a-malloc.o) (_free_r)
c:/program files/microchip/xc32/v2.50/bin/bin/../../lib/gcc/pic32c/6.2.1/../../../../pic32c/lib/v7e-m/fpv4-sp/hard\libc_nano.a(lib_a-nano-mallocr.o)
                              c:/program files/microchip/xc32/v2.50/bin/bin/../../lib/gcc/pic32c/6.2.1/../../../../pic32c/lib/v7e-m/fpv4-sp/hard\libc_nano.a(lib_a-malloc.o) (_malloc_r)
c:/program files/microchip/xc32/v2.50/bin/bin/../../lib/gcc/pic32c/6.2.1/../../../../pic32c/lib/v7e-m/fpv4-sp/hard\libc_nano.a(lib_a-sbrkr.o)
                              c:/program files/microchip/xc32/v2.50/bin/bin/../../lib/gcc/pic32c/6.2.1/../../../../pic32c/lib/v7e-m/fpv4-sp/hard\libc_nano.a(lib_a-nano-mallocr.o) (_sbrk_r)
c:/program files/microchip/xc32/v2.50/bin/bin/../../lib/gcc/pic32c/6.2.1/../../../../pic32c/lib/v7e-m/fpv4-sp/hard\libc_nano.a(lib_a-strlen.o)
                              build/samd51_lan9253_evb/production/_ext/1544482854/objdef.o (strlen)
c:/program files/microchip/xc32/v2.50/bin/bin/../../lib/gcc/pic32c/6.2.1/../../../../pic32c/lib/v7e-m/fpv4-sp/hard\libc_nano.a(lib_a-impure.o)
                              c:/program files/microchip/xc32/v2.50/bin/bin/../../lib/gcc/pic32c/6.2.1/../../../../pic32c/lib/v7e-m/fpv4-sp/hard\libc_nano.a(lib_a-malloc.o) (_impure_ptr)
c:/program files/microchip/xc32/v2.50/bin/bin/../../lib/gcc/pic32c/6.2.1/../../../../pic32c/lib/v7e-m/fpv4-sp/hard\libc_nano.a(lib_a-mlock.o)
                              c:/program files/microchip/xc32/v2.50/bin/bin/../../lib/gcc/pic32c/6.2.1/../../../../pic32c/lib/v7e-m/fpv4-sp/hard\libc_nano.a(lib_a-nano-freer.o) (__malloc_lock)
c:/program files/microchip/xc32/v2.50/bin/bin/../../lib/gcc/pic32c/6.2.1/../../../../pic32c/lib/v7e-m/fpv4-sp/hard\libc_nano.a(lib_a-reent.o)
                              c:/program files/microchip/xc32/v2.50/bin/bin/../../lib/gcc/pic32c/6.2.1/../../../../pic32c/lib/v7e-m/fpv4-sp/hard\libc_nano.a(lib_a-sbrkr.o) (errno)
c:/program files/microchip/xc32/v2.50/bin/bin/../../lib/gcc/pic32c/6.2.1/../../../../pic32c/lib/v7e-m/fpv4-sp/hard\libpic32c.a(sbrk.o)
                              c:/program files/microchip/xc32/v2.50/bin/bin/../../lib/gcc/pic32c/6.2.1/../../../../pic32c/lib/v7e-m/fpv4-sp/hard\libc_nano.a(lib_a-sbrkr.o) (_sbrk)

Allocating common symbols
Common symbol       size              file

b3BufferMode        0x1               build/samd51_lan9253_evb/production/_ext/1544482854/ecatslv.o
nEcatStateTrans     0x2               build/samd51_lan9253_evb/production/_ext/1544482854/ecatslv.o
adc_val             0x4               build/samd51_lan9253_evb/production/_ext/1544482854/sample_app.o
EcatWdCounter       0x2               build/samd51_lan9253_evb/production/_ext/1544482854/ecatslv.o
sSendEmcyQueue      0x10              build/samd51_lan9253_evb/production/_ext/1544482854/emcy.o
bApplEsmPending     0x1               build/samd51_lan9253_evb/production/_ext/1544482854/ecatslv.o
pCoeSendStored      0x4               build/samd51_lan9253_evb/production/_ext/1544482854/ecatcoe.o
nSdoInfoIndex       0x2               build/samd51_lan9253_evb/production/_ext/1544482854/sdoserv.o
pStoreData          0x4               build/samd51_lan9253_evb/production/_ext/1544482854/sdoserv.o
u8MbxReadCounter    0x1               build/samd51_lan9253_evb/production/_ext/1544482854/mailbox.o
nAlStatus           0x1               build/samd51_lan9253_evb/production/_ext/1544482854/ecatslv.o
nPdOutputSize       0x2               build/samd51_lan9253_evb/production/_ext/1544482854/ecatslv.o
[...]
Memory Configuration

Name             Origin             Length             Attributes
rom              0x0000000000000000 0x0000000000080000 xrl
ram              0x0000000020000000 0x0000000000030000 xw !r
config_00804000  0x0000000000804000 0x0000000000000004
config_00804004  0x0000000000804004 0x0000000000000004
config_00804008  0x0000000000804008 0x0000000000000004
*default*        0x0000000000000000 0xffffffffffffffff

Linker script and memory map

LOAD c:/program files/microchip/xc32/v2.50/bin/bin/../../lib/gcc/pic32c/6.2.1/v7e-m/fpv4-sp/hard/crti.o
LOAD c:/program files/microchip/xc32/v2.50/bin/bin/../../lib/gcc/pic32c/6.2.1/v7e-m/fpv4-sp/hard/crtbegin.o
LOAD build/samd51_lan9253_evb/production/_ext/1884831521/drv_lan9253.o
LOAD build/samd51_lan9253_evb/production/_ext/1884831521/drv_lan9253_ecat_util.o
LOAD build/samd51_lan9253_evb/production/_ext/2063103749/plib_adc0.o
LOAD build/samd51_lan9253_evb/production/_ext/1630087885/plib_clock.o
LOAD build/samd51_lan9253_evb/production/_ext/468224891/plib_cmcc.o
LOAD build/samd51_lan9253_evb/production/_ext/2063107748/plib_eic.o
LOAD build/samd51_lan9253_evb/production/_ext/1627938399/plib_evsys.o
LOAD build/samd51_lan9253_evb/production/_ext/467888355/plib_nvic.o
LOAD build/samd51_lan9253_evb/production/_ext/1689299083/plib_nvmctrl.o
LOAD build/samd51_lan9253_evb/production/_ext/467835204/plib_port.o
LOAD build/samd51_lan9253_evb/production/_ext/467801642/plib_qspi_spi.o
LOAD build/samd51_lan9253_evb/production/_ext/626184342/plib_tc0.o
LOAD build/samd51_lan9253_evb/production/_ext/2063121977/plib_tcc0.o
LOAD build/samd51_lan9253_evb/production/_ext/1302688239/xc32_monitor.o
LOAD build/samd51_lan9253_evb/production/_ext/715110505/initialization.o
LOAD build/samd51_lan9253_evb/production/_ext/715110505/interrupts.o
LOAD build/samd51_lan9253_evb/production/_ext/715110505/exceptions.o
LOAD build/samd51_lan9253_evb/production/_ext/715110505/startup_xc32.o
LOAD build/samd51_lan9253_evb/production/_ext/715110505/libc_syscalls.o
LOAD build/samd51_lan9253_evb/production/_ext/1360937237/app_lan9253.o
LOAD build/samd51_lan9253_evb/production/_ext/1360937237/main.o
LOAD build/samd51_lan9253_evb/production/_ext/1899521798/plib_sercom2_i2c_master.o
LOAD build/samd51_lan9253_evb/production/_ext/1454823985/plib_systick.o
LOAD build/samd51_lan9253_evb/production/_ext/1544482854/coeappl.o
LOAD build/samd51_lan9253_evb/production/_ext/1544482854/ecatappl.o
LOAD build/samd51_lan9253_evb/production/_ext/1544482854/ecatcoe.o
LOAD build/samd51_lan9253_evb/production/_ext/1544482854/ecatslv.o
LOAD build/samd51_lan9253_evb/production/_ext/1544482854/emcy.o
LOAD build/samd51_lan9253_evb/production/_ext/1544482854/mailbox.o
LOAD build/samd51_lan9253_evb/production/_ext/1544482854/objdef.o
LOAD build/samd51_lan9253_evb/production/_ext/1544482854/sample_app.o
LOAD build/samd51_lan9253_evb/production/_ext/1544482854/sdoserv.o
                0x0000000000000001                __MPLAB_BUILD = 0x1
                0x0000000000080000                __rom_end = (ORIGIN (rom) + LENGTH (rom))
                0x0000000020030000                __ram_end = (ORIGIN (ram) + LENGTH (ram))

.config_00804000
 *(.config_00804000)

.config_00804004
 *(.config_00804004)

.config_00804008
 *(.config_00804008)

.vectors        0x0000000000000000      0x260
                0x0000000000000000                . = ALIGN (0x4)
                0x0000000000000000                _sfixed = .
 *(.vectors .vectors.* .vectors_default .vectors_default.*)
 .vectors       0x0000000000000000      0x260 build/samd51_lan9253_evb/production/_ext/715110505/interrupts.o
                0x0000000000000000                exception_table
 *(.isr_vector)
 *(.reset*)
 *(.after_vectors)

.text           0x0000000000000260       0x20
                0x0000000000000260                . = ALIGN (0x4)
 *(.glue_7t)
 .glue_7t       0x0000000000000260        0x0 linker stubs
 *(.glue_7)
 .glue_7        0x0000000000000260        0x0 linker stubs
 *(.gnu.linkonce.r.*)
 *(.ARM.extab* .gnu.linkonce.armextab.*)
                0x0000000000000260                . = ALIGN (0x4)
 *(.init)
 .init          0x0000000000000260        0x4 c:/program files/microchip/xc32/v2.50/bin/bin/../../lib/gcc/pic32c/6.2.1/v7e-m/fpv4-sp/hard/crti.o
                0x0000000000000260                _init
 .init          0x0000000000000264        0x8 c:/program files/microchip/xc32/v2.50/bin/bin/../../lib/gcc/pic32c/6.2.1/v7e-m/fpv4-sp/hard/crtn.o
                0x000000000000026c                . = ALIGN (0x4)
                0x000000000000026c                __preinit_array_start = .
 *(.preinit_array)
                0x000000000000026c                __preinit_array_end = .
                0x000000000000026c                . = ALIGN (0x4)
                0x000000000000026c                __init_array_start = .
 *(SORT(.init_array.*))
 *(.init_array)
 .init_array    0x000000000000026c        0x4 c:/program files/microchip/xc32/v2.50/bin/bin/../../lib/gcc/pic32c/6.2.1/v7e-m/fpv4-sp/hard/crtbegin.o
                0x0000000000000270                __init_array_end = .
                0x0000000000000270                . = ALIGN (0x4)
 *crtbegin.o(.ctors)
 *(EXCLUDE_FILE(*crtend.o) .ctors)
 *(SORT(.ctors.*))
 *crtend.o(.ctors)
                0x0000000000000270                . = ALIGN (0x4)
 *(.fini)
 .fini          0x0000000000000270        0x4 c:/program files/microchip/xc32/v2.50/bin/bin/../../lib/gcc/pic32c/6.2.1/v7e-m/fpv4-sp/hard/crti.o
                0x0000000000000270                _fini
 .fini          0x0000000000000274        0x8 c:/program files/microchip/xc32/v2.50/bin/bin/../../lib/gcc/pic32c/6.2.1/v7e-m/fpv4-sp/hard/crtn.o
                0x000000000000027c                . = ALIGN (0x4)
                0x000000000000027c                __fini_array_start = .
 *(.fini_array)
 .fini_array    0x000000000000027c        0x4 c:/program files/microchip/xc32/v2.50/bin/bin/../../lib/gcc/pic32c/6.2.1/v7e-m/fpv4-sp/hard/crtbegin.o
 *(SORT(.fini_array.*))
                0x0000000000000280                __fini_array_end = .
 *crtbegin.o(.dtors)
 *(EXCLUDE_FILE(*crtend.o) .dtors)
 *(SORT(.dtors.*))
 *crtend.o(.dtors)
                0x0000000000000280                . = ALIGN (0x4)
                0x0000000000000280                _efixed = .
                [!provide]                        PROVIDE (__exidx_start, .)

.ARM.exidx
 *(.ARM.exidx* .gnu.linkonce.armexidx.*)
                [!provide]                        PROVIDE (__exidx_end, .)
                0x0000000000000280                . = ALIGN (0x4)
                0x0000000000000280                _etext = .

.bss            0x0000000020000000      0x268
                0x0000000020000000                . = ALIGN (0x4)
                0x0000000020000000                __bss_start__ = .
                0x0000000020000000                _sbss = .
                0x0000000020000000                _szero = .
 *(COMMON)
 COMMON         0x0000000020000000        0x2 build/samd51_lan9253_evb/production/_ext/1884831521/drv_lan9253.o
                0x0000000020000000                gEscALEvent
 *fill*         0x0000000020000002        0x2 
 COMMON         0x0000000020000004       0x28 build/samd51_lan9253_evb/production/_ext/467801642/plib_qspi_spi.o
                0x0000000020000004                qspiObj
 COMMON         0x000000002000002c        0x1 build/samd51_lan9253_evb/production/_ext/1360937237/app_lan9253.o
                0x000000002000002c                appData
 *fill*         0x000000002000002d        0x3 
 COMMON         0x0000000020000030        0x8 build/samd51_lan9253_evb/production/_ext/1544482854/coeappl.o
                0x0000000020000030                u32LastDc32Value
                0x0000000020000034                u32CheckForDcOverrunCnt
 COMMON         0x0000000020000038       0x35 build/samd51_lan9253_evb/production/_ext/1544482854/ecatappl.o
                0x0000000020000038                bMinCycleTimeMeasurementStarted
                0x000000002000003c                u32CycleTimeStartValue
                0x0000000020000040                bRunApplication
                0x0000000020000044                u32SystemTimeReadFailure
                0x0000000020000048                bEcatWaitForInputUpdate
                0x000000002000004c                u32MinCycleTimeValue
                0x0000000020000050                aPdOutputData
                0x0000000020000058                pAPPL_MainLoop
                0x000000002000005c                bEtherCATErrorLed
                0x0000000020000060                u32MinCycleTimeStartValue
                0x0000000020000064                aPdInputData
                0x000000002000006c                bEtherCATRunLed
 *fill*         0x000000002000006d        0x3 
 COMMON         0x0000000020000070        0x4 build/samd51_lan9253_evb/production/_ext/1544482854/ecatcoe.o
                0x0000000020000070                pCoeSendStored
 COMMON         0x0000000020000074       0x50 build/samd51_lan9253_evb/production/_ext/1544482854/ecatslv.o
                0x0000000020000074                b3BufferMode
                0x0000000020000076                nEcatStateTrans
                0x0000000020000078                EcatWdCounter
                0x000000002000007a                bApplEsmPending
                0x000000002000007b                nAlStatus
                0x000000002000007c                nPdOutputSize
                0x000000002000007e                u16LocalErrorCode
                0x0000000020000080                Sync0WdCounter
                0x0000000020000082                bLocalErrorFlag
                0x0000000020000084                LatchInputSync0Counter
                0x0000000020000086                i16WaitForPllRunningCnt
                0x0000000020000088                nEscAddrOutputData
                0x000000002000008a                Sync0WdValue
                0x000000002000008c                u8EcatRunLed
                0x000000002000008e                i16WaitForPllRunningTimeout
                0x0000000020000090                Sync1WdValue
                0x0000000020000092                u16ALEventMask
                0x0000000020000094                bDcRunning
                0x0000000020000098                u32dummy
                0x000000002000009c                SyncManInfo
                0x00000000200000a4                b32BitDc
                0x00000000200000a6                LatchInputSync0Value
                0x00000000200000a8                bEcatWaitForAlControlRes
                0x00000000200000aa                nPdInputSize
                0x00000000200000ac                u16SmSync0Value
                0x00000000200000ae                nMaxEscAddress
                0x00000000200000b0                bEcatFirstOutputsReceived
                0x00000000200000b1                bSmSyncSequenceValid
                0x00000000200000b2                EsmTimeoutCounter
                0x00000000200000b4                bDcSyncActive
                0x00000000200000b5                bEcatOutputUpdateRunning
                0x00000000200000b6                Sync1WdCounter
                0x00000000200000b8                EcatWdValue
                0x00000000200000ba                bEcatInputUpdateRunning
                0x00000000200000bb                bEscIntEnabled
                0x00000000200000bc                bWdTrigger
                0x00000000200000be                u16SmSync0Counter
                0x00000000200000c0                nMaxSyncMan
                0x00000000200000c1                u8EcatErrorLed
                0x00000000200000c2                nEscAddrInputData
 COMMON         0x00000000200000c4       0x28 build/samd51_lan9253_evb/production/_ext/1544482854/emcy.o
                0x00000000200000c4                sSendEmcyQueue
                0x00000000200000d4                asEmcy
                0x00000000200000dc                sEmptyEmcyQueue
 COMMON         0x00000000200000ec       0x94 build/samd51_lan9253_evb/production/_ext/1544482854/mailbox.o
                0x00000000200000ec                u8MbxReadCounter
                0x00000000200000f0                sMbxSendQueue
                0x0000000020000124                sMbxReceiveQueue
                0x0000000020000158                bNoMbxMemoryAvailable
                0x0000000020000159                bSendMbxIsFull
                0x000000002000015a                bMbxRunning
                0x000000002000015c                u16EscAddrReceiveMbx
                0x0000000020000160                psStoreMbx
                0x0000000020000164                u16SendMbxSize
                0x0000000020000168                psReadMbx
                0x000000002000016c                bReceiveMbxIsLocked
                0x000000002000016e                u16EscAddrSendMbx
                0x0000000020000170                psWriteMbx
                0x0000000020000174                u8MbxWriteCounter
                0x0000000020000175                u8MailboxSendReqStored
                0x0000000020000176                u16ReceiveMbxSize
                0x0000000020000178                bMbxRepeatToggle
                0x000000002000017c                psRepeatMbx
 COMMON         0x0000000020000180       0x8e build/samd51_lan9253_evb/production/_ext/1544482854/objdef.o
                0x0000000020000180                sSyncManInPar
                0x00000000200001c4                sSyncManOutPar
                0x0000000020000208                bSyncSetByUser
                0x000000002000020c                sCycleDiag
 *fill*         0x000000002000020e        0x2 
 COMMON         0x0000000020000210        0x4 build/samd51_lan9253_evb/production/_ext/1544482854/sample_app.o
                0x0000000020000210                adc_val
 COMMON         0x0000000020000214       0x4d build/samd51_lan9253_evb/production/_ext/1544482854/sdoserv.o
                0x0000000020000214                nSdoInfoIndex
                0x0000000020000218                pStoreData
                0x000000002000021c                nSdoSegBytesToHandle
                0x0000000020000220                bSdoSegAccess
                0x0000000020000221                bSdoSegFollows
                0x0000000020000224                nSdoSegCompleteSize
                0x0000000020000228                pSdoPendFunc
                0x000000002000022c                u8PendingSdo
                0x000000002000022d                bStoreCompleteAccess
                0x000000002000022e                bSdoSegLastToggle
                0x000000002000022f                nSdoSegService
                0x0000000020000230                pSdoInfoObjEntry
                0x0000000020000234                nSdoInfoFragmentsLeft
                0x0000000020000238                pSdoResStored
                0x000000002000023c                u32StoreDataSize
                0x0000000020000240                pSdoSegData
                0x0000000020000244                nSdoSegIndex
                0x0000000020000248                aSdoInfoHeader
                0x0000000020000258                pSdoSegObjEntry
                0x000000002000025c                nSdoSegSubindex
                0x000000002000025e                u16StoreIndex
                0x0000000020000260                u8StoreSubindex
 *fill*         0x0000000020000261        0x3 
 COMMON         0x0000000020000264        0x4 c:/program files/microchip/xc32/v2.50/bin/bin/../../lib/gcc/pic32c/6.2.1/../../../../pic32c/lib/v7e-m/fpv4-sp/hard\libc_nano.a(lib_a-reent.o)
                0x0000000020000264                errno
                0x0000000020000268                . = ALIGN (0x4)
                0x0000000020000268                __bss_end__ = .
                0x0000000020000268                _ebss = .
                0x0000000020000268                _ezero = .
                0x0000000020000268                . = ALIGN (0x4)
                0x0000000020000268                _end = .
                0x000000002002ffff                _ram_end_ = ((ORIGIN (ram) + LENGTH (ram)) - 0x1)
                0x0000000000000200                _min_heap_size = 0x200
START GROUP
LOAD c:/program files/microchip/xc32/v2.50/bin/bin/../../lib/gcc/pic32c/6.2.1/../../../../pic32c/lib/v7e-m/fpv4-sp/hard\libpic32c.a
LOAD c:/program files/microchip/xc32/v2.50/bin/bin/../../lib/gcc/pic32c/6.2.1/v7e-m/fpv4-sp/hard\libgcc.a
LOAD c:/program files/microchip/xc32/v2.50/bin/bin/../../lib/gcc/pic32c/6.2.1/../../../../pic32c/lib/v7e-m/fpv4-sp/hard\libm_nano.a
LOAD c:/program files/microchip/xc32/v2.50/bin/bin/../../lib/gcc/pic32c/6.2.1/../../../../pic32c/lib/v7e-m/fpv4-sp/hard\libc_nano.a
END GROUP
LOAD c:/program files/microchip/xc32/v2.50/bin/bin/../../lib/gcc/pic32c/6.2.1/v7e-m/fpv4-sp/hard/crtend.o
LOAD c:/program files/microchip/xc32/v2.50/bin/bin/../../lib/gcc/pic32c/6.2.1/v7e-m/fpv4-sp/hard/crtn.o
OUTPUT(dist/samd51_lan9253_evb/production/samd51_lan9253_evb.X.production.elf elf32-littlearm)
LOAD stack
LOAD data_init

.ARM.attributes
                0x0000000000000000       0x30
 .ARM.attributes
                0x0000000000000000       0x22 c:/program files/microchip/xc32/v2.50/bin/bin/../../lib/gcc/pic32c/6.2.1/v7e-m/fpv4-sp/hard/crti.o
 .ARM.attributes
                0x0000000000000022       0x34 c:/program files/microchip/xc32/v2.50/bin/bin/../../lib/gcc/pic32c/6.2.1/v7e-m/fpv4-sp/hard/crtbegin.o
 .ARM.attributes
                0x0000000000000056       0x39 build/samd51_lan9253_evb/production/_ext/1884831521/drv_lan9253.o
 .ARM.attributes
                0x000000000000008f       0x39 build/samd51_lan9253_evb/production/_ext/1884831521/drv_lan9253_ecat_util.o
 .ARM.attributes
                0x00000000000000c8       0x39 build/samd51_lan9253_evb/production/_ext/2063103749/plib_adc0.o
 .ARM.attributes
                0x0000000000000101       0x39 build/samd51_lan9253_evb/production/_ext/1630087885/plib_clock.o
 .ARM.attributes
                0x000000000000013a       0x39 build/samd51_lan9253_evb/production/_ext/2063107748/plib_eic.o
 .ARM.attributes
                0x0000000000000173       0x39 build/samd51_lan9253_evb/production/_ext/1627938399/plib_evsys.o
 .ARM.attributes
                0x00000000000001ac       0x39 build/samd51_lan9253_evb/production/_ext/467888355/plib_nvic.o
 .ARM.attributes
                0x00000000000001e5       0x39 build/samd51_lan9253_evb/production/_ext/1689299083/plib_nvmctrl.o
 .ARM.attributes
                0x000000000000021e       0x39 build/samd51_lan9253_evb/production/_ext/467835204/plib_port.o
 .ARM.attributes
                0x0000000000000257       0x39 build/samd51_lan9253_evb/production/_ext/467801642/plib_qspi_spi.o
 .ARM.attributes
                0x0000000000000290       0x39 build/samd51_lan9253_evb/production/_ext/626184342/plib_tc0.o
 .ARM.attributes
                0x00000000000002c9       0x39 build/samd51_lan9253_evb/production/_ext/2063121977/plib_tcc0.o
 .ARM.attributes
                0x0000000000000302       0x39 build/samd51_lan9253_evb/production/_ext/715110505/initialization.o
 .ARM.attributes
                0x000000000000033b       0x39 build/samd51_lan9253_evb/production/_ext/715110505/interrupts.o
 .ARM.attributes
                0x0000000000000374       0x39 build/samd51_lan9253_evb/production/_ext/715110505/exceptions.o
 .ARM.attributes
                0x00000000000003ad       0x39 build/samd51_lan9253_evb/production/_ext/715110505/startup_xc32.o
 .ARM.attributes
                0x00000000000003e6       0x39 build/samd51_lan9253_evb/production/_ext/1360937237/app_lan9253.o
 .ARM.attributes
                0x000000000000041f       0x39 build/samd51_lan9253_evb/production/_ext/1360937237/main.o
 .ARM.attributes
                0x0000000000000458       0x39 build/samd51_lan9253_evb/production/_ext/1899521798/plib_sercom2_i2c_master.o
 .ARM.attributes
                0x0000000000000491       0x39 build/samd51_lan9253_evb/production/_ext/1454823985/plib_systick.o
 .ARM.attributes
                0x00000000000004ca       0x39 build/samd51_lan9253_evb/production/_ext/1544482854/coeappl.o
 .ARM.attributes
                0x0000000000000503       0x39 build/samd51_lan9253_evb/production/_ext/1544482854/ecatappl.o
 .ARM.attributes
                0x000000000000053c       0x39 build/samd51_lan9253_evb/production/_ext/1544482854/ecatcoe.o
 .ARM.attributes
                0x0000000000000575       0x39 build/samd51_lan9253_evb/production/_ext/1544482854/ecatslv.o
 .ARM.attributes
                0x00000000000005ae       0x39 build/samd51_lan9253_evb/production/_ext/1544482854/emcy.o
 .ARM.attributes
                0x00000000000005e7       0x39 build/samd51_lan9253_evb/production/_ext/1544482854/mailbox.o
 .ARM.attributes
                0x0000000000000620       0x39 build/samd51_lan9253_evb/production/_ext/1544482854/objdef.o
 .ARM.attributes
                0x0000000000000659       0x39 build/samd51_lan9253_evb/production/_ext/1544482854/sample_app.o
 .ARM.attributes
                0x0000000000000692       0x39 build/samd51_lan9253_evb/production/_ext/1544482854/sdoserv.o
 .ARM.attributes
                0x00000000000006cb       0x34 c:/program files/microchip/xc32/v2.50/bin/bin/../../lib/gcc/pic32c/6.2.1/../../../../pic32c/lib/v7e-m/fpv4-sp/hard\libpic32c.a(data_init.o)
 .ARM.attributes
                0x00000000000006ff       0x34 c:/program files/microchip/xc32/v2.50/bin/bin/../../lib/gcc/pic32c/6.2.1/../../../../pic32c/lib/v7e-m/fpv4-sp/hard\libc_nano.a(lib_a-init.o)
 .ARM.attributes
                0x0000000000000733       0x34 c:/program files/microchip/xc32/v2.50/bin/bin/../../lib/gcc/pic32c/6.2.1/../../../../pic32c/lib/v7e-m/fpv4-sp/hard\libc_nano.a(lib_a-malloc.o)
 .ARM.attributes
                0x0000000000000767       0x34 c:/program files/microchip/xc32/v2.50/bin/bin/../../lib/gcc/pic32c/6.2.1/../../../../pic32c/lib/v7e-m/fpv4-sp/hard\libc_nano.a(lib_a-memcpy-stub.o)
 .ARM.attributes
                0x000000000000079b       0x34 c:/program files/microchip/xc32/v2.50/bin/bin/../../lib/gcc/pic32c/6.2.1/../../../../pic32c/lib/v7e-m/fpv4-sp/hard\libc_nano.a(lib_a-nano-freer.o)
 .ARM.attributes
                0x00000000000007cf       0x34 c:/program files/microchip/xc32/v2.50/bin/bin/../../lib/gcc/pic32c/6.2.1/../../../../pic32c/lib/v7e-m/fpv4-sp/hard\libc_nano.a(lib_a-nano-mallocr.o)
 .ARM.attributes
                0x0000000000000803       0x34 c:/program files/microchip/xc32/v2.50/bin/bin/../../lib/gcc/pic32c/6.2.1/../../../../pic32c/lib/v7e-m/fpv4-sp/hard\libc_nano.a(lib_a-sbrkr.o)
 .ARM.attributes
                0x0000000000000837       0x1b c:/program files/microchip/xc32/v2.50/bin/bin/../../lib/gcc/pic32c/6.2.1/../../../../pic32c/lib/v7e-m/fpv4-sp/hard\libc_nano.a(lib_a-strlen.o)
 .ARM.attributes
                0x0000000000000852       0x34 c:/program files/microchip/xc32/v2.50/bin/bin/../../lib/gcc/pic32c/6.2.1/../../../../pic32c/lib/v7e-m/fpv4-sp/hard\libc_nano.a(lib_a-impure.o)
 .ARM.attributes
                0x0000000000000886       0x34 c:/program files/microchip/xc32/v2.50/bin/bin/../../lib/gcc/pic32c/6.2.1/../../../../pic32c/lib/v7e-m/fpv4-sp/hard\libc_nano.a(lib_a-mlock.o)
 .ARM.attributes
                0x00000000000008ba       0x34 c:/program files/microchip/xc32/v2.50/bin/bin/../../lib/gcc/pic32c/6.2.1/../../../../pic32c/lib/v7e-m/fpv4-sp/hard\libc_nano.a(lib_a-reent.o)
 .ARM.attributes
                0x00000000000008ee       0x34 c:/program files/microchip/xc32/v2.50/bin/bin/../../lib/gcc/pic32c/6.2.1/../../../../pic32c/lib/v7e-m/fpv4-sp/hard\libpic32c.a(sbrk.o)
 .ARM.attributes
                0x0000000000000922       0x22 c:/program files/microchip/xc32/v2.50/bin/bin/../../lib/gcc/pic32c/6.2.1/v7e-m/fpv4-sp/hard/crtn.o

.comment        0x0000000000000000       0x3c
 .comment       0x0000000000000000       0x3c c:/program files/microchip/xc32/v2.50/bin/bin/../../lib/gcc/pic32c/6.2.1/v7e-m/fpv4-sp/hard/crtbegin.o
                                         0x3d (size before relaxing)
 .comment       0x000000000000003c       0x3d build/samd51_lan9253_evb/production/_ext/1884831521/drv_lan9253.o
 .comment       0x000000000000003c       0x3d build/samd51_lan9253_evb/production/_ext/1884831521/drv_lan9253_ecat_util.o
 .comment       0x000000000000003c       0x3d build/samd51_lan9253_evb/production/_ext/2063103749/plib_adc0.o
 .comment       0x000000000000003c       0x3d build/samd51_lan9253_evb/production/_ext/1630087885/plib_clock.o
 .comment       0x000000000000003c       0x3d build/samd51_lan9253_evb/production/_ext/2063107748/plib_eic.o
 .comment       0x000000000000003c       0x3d build/samd51_lan9253_evb/production/_ext/1627938399/plib_evsys.o
 .comment       0x000000000000003c       0x3d build/samd51_lan9253_evb/production/_ext/467888355/plib_nvic.o
 .comment       0x000000000000003c       0x3d build/samd51_lan9253_evb/production/_ext/1689299083/plib_nvmctrl.o
 .comment       0x000000000000003c       0x3d build/samd51_lan9253_evb/production/_ext/467835204/plib_port.o
 .comment       0x000000000000003c       0x3d build/samd51_lan9253_evb/production/_ext/467801642/plib_qspi_spi.o
 .comment       0x000000000000003c       0x3d build/samd51_lan9253_evb/production/_ext/626184342/plib_tc0.o
 .comment       0x000000000000003c       0x3d build/samd51_lan9253_evb/production/_ext/2063121977/plib_tcc0.o
 .comment       0x000000000000003c       0x3d build/samd51_lan9253_evb/production/_ext/715110505/initialization.o
 .comment       0x000000000000003c       0x3d build/samd51_lan9253_evb/production/_ext/715110505/interrupts.o
 .comment       0x000000000000003c       0x3d build/samd51_lan9253_evb/production/_ext/715110505/exceptions.o
 .comment       0x000000000000003c       0x3d build/samd51_lan9253_evb/production/_ext/715110505/startup_xc32.o
 .comment       0x000000000000003c       0x3d build/samd51_lan9253_evb/production/_ext/1360937237/app_lan9253.o
 .comment       0x000000000000003c       0x3d build/samd51_lan9253_evb/production/_ext/1360937237/main.o
 .comment       0x000000000000003c       0x3d build/samd51_lan9253_evb/production/_ext/1899521798/plib_sercom2_i2c_master.o
 .comment       0x000000000000003c       0x3d build/samd51_lan9253_evb/production/_ext/1454823985/plib_systick.o
 .comment       0x000000000000003c       0x3d build/samd51_lan9253_evb/production/_ext/1544482854/coeappl.o
 .comment       0x000000000000003c       0x3d build/samd51_lan9253_evb/production/_ext/1544482854/ecatappl.o
 .comment       0x000000000000003c       0x3d build/samd51_lan9253_evb/production/_ext/1544482854/ecatcoe.o
 .comment       0x000000000000003c       0x3d build/samd51_lan9253_evb/production/_ext/1544482854/ecatslv.o
 .comment       0x000000000000003c       0x3d build/samd51_lan9253_evb/production/_ext/1544482854/emcy.o
 .comment       0x000000000000003c       0x3d build/samd51_lan9253_evb/production/_ext/1544482854/mailbox.o
 .comment       0x000000000000003c       0x3d build/samd51_lan9253_evb/production/_ext/1544482854/objdef.o
 .comment       0x000000000000003c       0x3d build/samd51_lan9253_evb/production/_ext/1544482854/sample_app.o
 .comment       0x000000000000003c       0x3d build/samd51_lan9253_evb/production/_ext/1544482854/sdoserv.o
 .comment       0x000000000000003c       0x3d c:/program files/microchip/xc32/v2.50/bin/bin/../../lib/gcc/pic32c/6.2.1/../../../../pic32c/lib/v7e-m/fpv4-sp/hard\libpic32c.a(data_init.o)
 .comment       0x000000000000003c       0x3d c:/program files/microchip/xc32/v2.50/bin/bin/../../lib/gcc/pic32c/6.2.1/../../../../pic32c/lib/v7e-m/fpv4-sp/hard\libc_nano.a(lib_a-init.o)
 .comment       0x000000000000003c       0x3d c:/program files/microchip/xc32/v2.50/bin/bin/../../lib/gcc/pic32c/6.2.1/../../../../pic32c/lib/v7e-m/fpv4-sp/hard\libc_nano.a(lib_a-malloc.o)
 .comment       0x000000000000003c       0x3d c:/program files/microchip/xc32/v2.50/bin/bin/../../lib/gcc/pic32c/6.2.1/../../../../pic32c/lib/v7e-m/fpv4-sp/hard\libc_nano.a(lib_a-memcpy-stub.o)
 .comment       0x000000000000003c       0x3d c:/program files/microchip/xc32/v2.50/bin/bin/../../lib/gcc/pic32c/6.2.1/../../../../pic32c/lib/v7e-m/fpv4-sp/hard\libc_nano.a(lib_a-nano-freer.o)
 .comment       0x000000000000003c       0x3d c:/program files/microchip/xc32/v2.50/bin/bin/../../lib/gcc/pic32c/6.2.1/../../../../pic32c/lib/v7e-m/fpv4-sp/hard\libc_nano.a(lib_a-nano-mallocr.o)
 .comment       0x000000000000003c       0x3d c:/program files/microchip/xc32/v2.50/bin/bin/../../lib/gcc/pic32c/6.2.1/../../../../pic32c/lib/v7e-m/fpv4-sp/hard\libc_nano.a(lib_a-sbrkr.o)
 .comment       0x000000000000003c       0x3d c:/program files/microchip/xc32/v2.50/bin/bin/../../lib/gcc/pic32c/6.2.1/../../../../pic32c/lib/v7e-m/fpv4-sp/hard\libc_nano.a(lib_a-impure.o)
 .comment       0x000000000000003c       0x3d c:/program files/microchip/xc32/v2.50/bin/bin/../../lib/gcc/pic32c/6.2.1/../../../../pic32c/lib/v7e-m/fpv4-sp/hard\libc_nano.a(lib_a-mlock.o)
 .comment       0x000000000000003c       0x3d c:/program files/microchip/xc32/v2.50/bin/bin/../../lib/gcc/pic32c/6.2.1/../../../../pic32c/lib/v7e-m/fpv4-sp/hard\libc_nano.a(lib_a-reent.o)
 .comment       0x000000000000003c       0x3d c:/program files/microchip/xc32/v2.50/bin/bin/../../lib/gcc/pic32c/6.2.1/../../../../pic32c/lib/v7e-m/fpv4-sp/hard\libpic32c.a(sbrk.o)

.debug_info     0x0000000000000000    0x36211
 .debug_info    0x0000000000000000     0x1ed0 build/samd51_lan9253_evb/production/_ext/1884831521/drv_lan9253.o
 .debug_info    0x0000000000001ed0     0x3b8f build/samd51_lan9253_evb/production/_ext/1884831521/drv_lan9253_ecat_util.o
 .debug_info    0x0000000000005a5f      0xdda build/samd51_lan9253_evb/production/_ext/2063103749/plib_adc0.o
 .debug_info    0x0000000000006839      0xb57 build/samd51_lan9253_evb/production/_ext/1630087885/plib_clock.o
 .debug_info    0x0000000000007390      0x7c7 build/samd51_lan9253_evb/production/_ext/2063107748/plib_eic.o
 .debug_info    0x0000000000007b57      0x346 build/samd51_lan9253_evb/production/_ext/1627938399/plib_evsys.o
 .debug_info    0x0000000000007e9d     0x14fa build/samd51_lan9253_evb/production/_ext/467888355/plib_nvic.o
 .debug_info    0x0000000000009397     0x17d3 build/samd51_lan9253_evb/production/_ext/1689299083/plib_nvmctrl.o
 .debug_info    0x000000000000ab6a      0xdb1 build/samd51_lan9253_evb/production/_ext/467835204/plib_port.o
 .debug_info    0x000000000000b91b     0x172a build/samd51_lan9253_evb/production/_ext/467801642/plib_qspi_spi.o
 .debug_info    0x000000000000d045      0xc87 build/samd51_lan9253_evb/production/_ext/626184342/plib_tc0.o
 .debug_info    0x000000000000dccc      0xa6b build/samd51_lan9253_evb/production/_ext/2063121977/plib_tcc0.o
 .debug_info    0x000000000000e737     0x13d6 build/samd51_lan9253_evb/production/_ext/715110505/initialization.o
 .debug_info    0x000000000000fb0d     0x213a build/samd51_lan9253_evb/production/_ext/715110505/interrupts.o
 .debug_info    0x0000000000011c47      0xf31 build/samd51_lan9253_evb/production/_ext/715110505/exceptions.o
 .debug_info    0x0000000000012b78      0x8d1 build/samd51_lan9253_evb/production/_ext/715110505/startup_xc32.o
 .debug_info    0x0000000000013449     0x1e9a build/samd51_lan9253_evb/production/_ext/1360937237/app_lan9253.o
 .debug_info    0x00000000000152e3      0xed8 build/samd51_lan9253_evb/production/_ext/1360937237/main.o
 .debug_info    0x00000000000161bb     0x171d build/samd51_lan9253_evb/production/_ext/1899521798/plib_sercom2_i2c_master.o
 .debug_info    0x00000000000178d8      0x774 build/samd51_lan9253_evb/production/_ext/1454823985/plib_systick.o
 .debug_info    0x000000000001804c     0x2bae build/samd51_lan9253_evb/production/_ext/1544482854/coeappl.o
 .debug_info    0x000000000001abfa     0x2550 build/samd51_lan9253_evb/production/_ext/1544482854/ecatappl.o
 .debug_info    0x000000000001d14a     0x16ca build/samd51_lan9253_evb/production/_ext/1544482854/ecatcoe.o
 .debug_info    0x000000000001e814     0x3349 build/samd51_lan9253_evb/production/_ext/1544482854/ecatslv.o
 .debug_info    0x0000000000021b5d     0x1ad4 build/samd51_lan9253_evb/production/_ext/1544482854/emcy.o
 .debug_info    0x0000000000023631     0x2452 build/samd51_lan9253_evb/production/_ext/1544482854/mailbox.o
 .debug_info    0x0000000000025a83     0x2a04 build/samd51_lan9253_evb/production/_ext/1544482854/objdef.o
 .debug_info    0x0000000000028487     0x279b build/samd51_lan9253_evb/production/_ext/1544482854/sample_app.o
 .debug_info    0x000000000002ac22     0x2ef0 build/samd51_lan9253_evb/production/_ext/1544482854/sdoserv.o
 .debug_info    0x000000000002db12      0x2a2 c:/program files/microchip/xc32/v2.50/bin/bin/../../lib/gcc/pic32c/6.2.1/../../../../pic32c/lib/v7e-m/fpv4-sp/hard\libpic32c.a(data_init.o)
 .debug_info    0x000000000002ddb4      0x430 c:/program files/microchip/xc32/v2.50/bin/bin/../../lib/gcc/pic32c/6.2.1/../../../../pic32c/lib/v7e-m/fpv4-sp/hard\libc_nano.a(lib_a-init.o)
 .debug_info    0x000000000002e1e4      0xea3 c:/program files/microchip/xc32/v2.50/bin/bin/../../lib/gcc/pic32c/6.2.1/../../../../pic32c/lib/v7e-m/fpv4-sp/hard\libc_nano.a(lib_a-malloc.o)
 .debug_info    0x000000000002f087      0xe79 c:/program files/microchip/xc32/v2.50/bin/bin/../../lib/gcc/pic32c/6.2.1/../../../../pic32c/lib/v7e-m/fpv4-sp/hard\libc_nano.a(lib_a-memcpy-stub.o)
 .debug_info    0x000000000002ff00     0x11d2 c:/program files/microchip/xc32/v2.50/bin/bin/../../lib/gcc/pic32c/6.2.1/../../../../pic32c/lib/v7e-m/fpv4-sp/hard\libc_nano.a(lib_a-nano-freer.o)
 .debug_info    0x00000000000310d2     0x126a c:/program files/microchip/xc32/v2.50/bin/bin/../../lib/gcc/pic32c/6.2.1/../../../../pic32c/lib/v7e-m/fpv4-sp/hard\libc_nano.a(lib_a-nano-mallocr.o)
 .debug_info    0x000000000003233c      0xef0 c:/program files/microchip/xc32/v2.50/bin/bin/../../lib/gcc/pic32c/6.2.1/../../../../pic32c/lib/v7e-m/fpv4-sp/hard\libc_nano.a(lib_a-sbrkr.o)
 .debug_info    0x000000000003322c      0x12a c:/program files/microchip/xc32/v2.50/bin/bin/../../lib/gcc/pic32c/6.2.1/../../../../pic32c/lib/v7e-m/fpv4-sp/hard\libc_nano.a(lib_a-strlen.o)
 .debug_info    0x0000000000033356      0xe00 c:/program files/microchip/xc32/v2.50/bin/bin/../../lib/gcc/pic32c/6.2.1/../../../../pic32c/lib/v7e-m/fpv4-sp/hard\libc_nano.a(lib_a-impure.o)
 .debug_info    0x0000000000034156      0xe3d c:/program files/microchip/xc32/v2.50/bin/bin/../../lib/gcc/pic32c/6.2.1/../../../../pic32c/lib/v7e-m/fpv4-sp/hard\libc_nano.a(lib_a-mlock.o)
 .debug_info    0x0000000000034f93      0xff8 c:/program files/microchip/xc32/v2.50/bin/bin/../../lib/gcc/pic32c/6.2.1/../../../../pic32c/lib/v7e-m/fpv4-sp/hard\libc_nano.a(lib_a-reent.o)
 .debug_info    0x0000000000035f8b      0x286 c:/program files/microchip/xc32/v2.50/bin/bin/../../lib/gcc/pic32c/6.2.1/../../../../pic32c/lib/v7e-m/fpv4-sp/hard\libpic32c.a(sbrk.o)

.debug_abbrev   0x0000000000000000     0x5569
 .debug_abbrev  0x0000000000000000      0x29b build/samd51_lan9253_evb/production/_ext/1884831521/drv_lan9253.o
 .debug_abbrev  0x000000000000029b      0x572 build/samd51_lan9253_evb/production/_ext/1884831521/drv_lan9253_ecat_util.o
 .debug_abbrev  0x000000000000080d      0x181 build/samd51_lan9253_evb/production/_ext/2063103749/plib_adc0.o
 .debug_abbrev  0x000000000000098e      0x114 build/samd51_lan9253_evb/production/_ext/1630087885/plib_clock.o
 .debug_abbrev  0x0000000000000aa2      0x184 build/samd51_lan9253_evb/production/_ext/2063107748/plib_eic.o
 .debug_abbrev  0x0000000000000c26       0x5e build/samd51_lan9253_evb/production/_ext/1627938399/plib_evsys.o
 .debug_abbrev  0x0000000000000c84      0x1cb build/samd51_lan9253_evb/production/_ext/467888355/plib_nvic.o
 .debug_abbrev  0x0000000000000e4f      0x2fd build/samd51_lan9253_evb/production/_ext/1689299083/plib_nvmctrl.o
 .debug_abbrev  0x000000000000114c      0x1bf build/samd51_lan9253_evb/production/_ext/467835204/plib_port.o
 .debug_abbrev  0x000000000000130b      0x2d3 build/samd51_lan9253_evb/production/_ext/467801642/plib_qspi_spi.o
 .debug_abbrev  0x00000000000015de      0x1c7 build/samd51_lan9253_evb/production/_ext/626184342/plib_tc0.o
 .debug_abbrev  0x00000000000017a5      0x17b build/samd51_lan9253_evb/production/_ext/2063121977/plib_tcc0.o
 .debug_abbrev  0x0000000000001920      0x209 build/samd51_lan9253_evb/production/_ext/715110505/initialization.o
 .debug_abbrev  0x0000000000001b29      0x1a4 build/samd51_lan9253_evb/production/_ext/715110505/interrupts.o
 .debug_abbrev  0x0000000000001ccd      0x199 build/samd51_lan9253_evb/production/_ext/715110505/exceptions.o
 .debug_abbrev  0x0000000000001e66      0x1cd build/samd51_lan9253_evb/production/_ext/715110505/startup_xc32.o
 .debug_abbrev  0x0000000000002033      0x24a build/samd51_lan9253_evb/production/_ext/1360937237/app_lan9253.o
 .debug_abbrev  0x000000000000227d      0x1d0 build/samd51_lan9253_evb/production/_ext/1360937237/main.o
 .debug_abbrev  0x000000000000244d      0x370 build/samd51_lan9253_evb/production/_ext/1899521798/plib_sercom2_i2c_master.o
 .debug_abbrev  0x00000000000027bd      0x194 build/samd51_lan9253_evb/production/_ext/1454823985/plib_systick.o
 .debug_abbrev  0x0000000000002951      0x32e build/samd51_lan9253_evb/production/_ext/1544482854/coeappl.o
 .debug_abbrev  0x0000000000002c7f      0x307 build/samd51_lan9253_evb/production/_ext/1544482854/ecatappl.o
 .debug_abbrev  0x0000000000002f86      0x253 build/samd51_lan9253_evb/production/_ext/1544482854/ecatcoe.o
 .debug_abbrev  0x00000000000031d9      0x372 build/samd51_lan9253_evb/production/_ext/1544482854/ecatslv.o
 .debug_abbrev  0x000000000000354b      0x2e5 build/samd51_lan9253_evb/production/_ext/1544482854/emcy.o
 .debug_abbrev  0x0000000000003830      0x35e build/samd51_lan9253_evb/production/_ext/1544482854/mailbox.o
 .debug_abbrev  0x0000000000003b8e      0x365 build/samd51_lan9253_evb/production/_ext/1544482854/objdef.o
 .debug_abbrev  0x0000000000003ef3      0x386 build/samd51_lan9253_evb/production/_ext/1544482854/sample_app.o
 .debug_abbrev  0x0000000000004279      0x3bd build/samd51_lan9253_evb/production/_ext/1544482854/sdoserv.o
 .debug_abbrev  0x0000000000004636       0x2a c:/program files/microchip/xc32/v2.50/bin/bin/../../lib/gcc/pic32c/6.2.1/../../../../pic32c/lib/v7e-m/fpv4-sp/hard\libpic32c.a(data_init.o)
 .debug_abbrev  0x0000000000004660       0xa3 c:/program files/microchip/xc32/v2.50/bin/bin/../../lib/gcc/pic32c/6.2.1/../../../../pic32c/lib/v7e-m/fpv4-sp/hard\libc_nano.a(lib_a-init.o)
 .debug_abbrev  0x0000000000004703      0x1b3 c:/program files/microchip/xc32/v2.50/bin/bin/../../lib/gcc/pic32c/6.2.1/../../../../pic32c/lib/v7e-m/fpv4-sp/hard\libc_nano.a(lib_a-malloc.o)
 .debug_abbrev  0x00000000000048b6      0x17c c:/program files/microchip/xc32/v2.50/bin/bin/../../lib/gcc/pic32c/6.2.1/../../../../pic32c/lib/v7e-m/fpv4-sp/hard\libc_nano.a(lib_a-memcpy-stub.o)
 .debug_abbrev  0x0000000000004a32      0x242 c:/program files/microchip/xc32/v2.50/bin/bin/../../lib/gcc/pic32c/6.2.1/../../../../pic32c/lib/v7e-m/fpv4-sp/hard\libc_nano.a(lib_a-nano-freer.o)
 .debug_abbrev  0x0000000000004c74      0x281 c:/program files/microchip/xc32/v2.50/bin/bin/../../lib/gcc/pic32c/6.2.1/../../../../pic32c/lib/v7e-m/fpv4-sp/hard\libc_nano.a(lib_a-nano-mallocr.o)
 .debug_abbrev  0x0000000000004ef5      0x1a8 c:/program files/microchip/xc32/v2.50/bin/bin/../../lib/gcc/pic32c/6.2.1/../../../../pic32c/lib/v7e-m/fpv4-sp/hard\libc_nano.a(lib_a-sbrkr.o)
 .debug_abbrev  0x000000000000509d       0x14 c:/program files/microchip/xc32/v2.50/bin/bin/../../lib/gcc/pic32c/6.2.1/../../../../pic32c/lib/v7e-m/fpv4-sp/hard\libc_nano.a(lib_a-strlen.o)
 .debug_abbrev  0x00000000000050b1      0x131 c:/program files/microchip/xc32/v2.50/bin/bin/../../lib/gcc/pic32c/6.2.1/../../../../pic32c/lib/v7e-m/fpv4-sp/hard\libc_nano.a(lib_a-impure.o)
 .debug_abbrev  0x00000000000051e2      0x165 c:/program files/microchip/xc32/v2.50/bin/bin/../../lib/gcc/pic32c/6.2.1/../../../../pic32c/lib/v7e-m/fpv4-sp/hard\libc_nano.a(lib_a-mlock.o)
 .debug_abbrev  0x0000000000005347      0x1f8 c:/program files/microchip/xc32/v2.50/bin/bin/../../lib/gcc/pic32c/6.2.1/../../../../pic32c/lib/v7e-m/fpv4-sp/hard\libc_nano.a(lib_a-reent.o)
 .debug_abbrev  0x000000000000553f       0x2a c:/program files/microchip/xc32/v2.50/bin/bin/../../lib/gcc/pic32c/6.2.1/../../../../pic32c/lib/v7e-m/fpv4-sp/hard\libpic32c.a(sbrk.o)

.debug_loc      0x0000000000000000     0xa45d
 .debug_loc     0x0000000000000000      0xae2 build/samd51_lan9253_evb/production/_ext/1884831521/drv_lan9253.o
 .debug_loc     0x0000000000000ae2     0x131d build/samd51_lan9253_evb/production/_ext/1884831521/drv_lan9253_ecat_util.o
 .debug_loc     0x0000000000001dff       0xed build/samd51_lan9253_evb/production/_ext/2063103749/plib_adc0.o
 .debug_loc     0x0000000000001eec       0xda build/samd51_lan9253_evb/production/_ext/2063107748/plib_eic.o
 .debug_loc     0x0000000000001fc6      0x2ba build/samd51_lan9253_evb/production/_ext/467888355/plib_nvic.o
 .debug_loc     0x0000000000002280      0x4f3 build/samd51_lan9253_evb/production/_ext/1689299083/plib_nvmctrl.o
 .debug_loc     0x0000000000002773      0x174 build/samd51_lan9253_evb/production/_ext/467835204/plib_port.o
 .debug_loc     0x00000000000028e7      0x472 build/samd51_lan9253_evb/production/_ext/467801642/plib_qspi_spi.o
 .debug_loc     0x0000000000002d59       0x59 build/samd51_lan9253_evb/production/_ext/626184342/plib_tc0.o
 .debug_loc     0x0000000000002db2      0x189 build/samd51_lan9253_evb/production/_ext/2063121977/plib_tcc0.o
 .debug_loc     0x0000000000002f3b       0x41 build/samd51_lan9253_evb/production/_ext/715110505/initialization.o
 .debug_loc     0x0000000000002f7c       0x34 build/samd51_lan9253_evb/production/_ext/715110505/startup_xc32.o
 .debug_loc     0x0000000000002fb0       0x34 build/samd51_lan9253_evb/production/_ext/1360937237/app_lan9253.o
 .debug_loc     0x0000000000002fe4       0x20 build/samd51_lan9253_evb/production/_ext/1360937237/main.o
 .debug_loc     0x0000000000003004      0xb62 build/samd51_lan9253_evb/production/_ext/1899521798/plib_sercom2_i2c_master.o
 .debug_loc     0x0000000000003b66      0x263 build/samd51_lan9253_evb/production/_ext/1454823985/plib_systick.o
 .debug_loc     0x0000000000003dc9      0x54d build/samd51_lan9253_evb/production/_ext/1544482854/coeappl.o
 .debug_loc     0x0000000000004316      0x2fe build/samd51_lan9253_evb/production/_ext/1544482854/ecatappl.o
 .debug_loc     0x0000000000004614      0x151 build/samd51_lan9253_evb/production/_ext/1544482854/ecatcoe.o
 .debug_loc     0x0000000000004765     0x1885 build/samd51_lan9253_evb/production/_ext/1544482854/ecatslv.o
 .debug_loc     0x0000000000005fea      0x218 build/samd51_lan9253_evb/production/_ext/1544482854/emcy.o
 .debug_loc     0x0000000000006202      0x73f build/samd51_lan9253_evb/production/_ext/1544482854/mailbox.o
 .debug_loc     0x0000000000006941     0x1ce5 build/samd51_lan9253_evb/production/_ext/1544482854/objdef.o
 .debug_loc     0x0000000000008626      0x48e build/samd51_lan9253_evb/production/_ext/1544482854/sample_app.o
 .debug_loc     0x0000000000008ab4     0x11f9 build/samd51_lan9253_evb/production/_ext/1544482854/sdoserv.o
 .debug_loc     0x0000000000009cad       0x74 c:/program files/microchip/xc32/v2.50/bin/bin/../../lib/gcc/pic32c/6.2.1/../../../../pic32c/lib/v7e-m/fpv4-sp/hard\libc_nano.a(lib_a-init.o)
 .debug_loc     0x0000000000009d21       0x58 c:/program files/microchip/xc32/v2.50/bin/bin/../../lib/gcc/pic32c/6.2.1/../../../../pic32c/lib/v7e-m/fpv4-sp/hard\libc_nano.a(lib_a-malloc.o)
 .debug_loc     0x0000000000009d79       0xb2 c:/program files/microchip/xc32/v2.50/bin/bin/../../lib/gcc/pic32c/6.2.1/../../../../pic32c/lib/v7e-m/fpv4-sp/hard\libc_nano.a(lib_a-memcpy-stub.o)
 .debug_loc     0x0000000000009e2b      0x141 c:/program files/microchip/xc32/v2.50/bin/bin/../../lib/gcc/pic32c/6.2.1/../../../../pic32c/lib/v7e-m/fpv4-sp/hard\libc_nano.a(lib_a-nano-freer.o)
 .debug_loc     0x0000000000009f6c      0x326 c:/program files/microchip/xc32/v2.50/bin/bin/../../lib/gcc/pic32c/6.2.1/../../../../pic32c/lib/v7e-m/fpv4-sp/hard\libc_nano.a(lib_a-nano-mallocr.o)
 .debug_loc     0x000000000000a292       0x6d c:/program files/microchip/xc32/v2.50/bin/bin/../../lib/gcc/pic32c/6.2.1/../../../../pic32c/lib/v7e-m/fpv4-sp/hard\libc_nano.a(lib_a-sbrkr.o)
 .debug_loc     0x000000000000a2ff      0x15e c:/program files/microchip/xc32/v2.50/bin/bin/../../lib/gcc/pic32c/6.2.1/../../../../pic32c/lib/v7e-m/fpv4-sp/hard\libc_nano.a(lib_a-reent.o)

.debug_aranges  0x0000000000000000      0xc98
 .debug_aranges
                0x0000000000000000       0x88 build/samd51_lan9253_evb/production/_ext/1884831521/drv_lan9253.o
 .debug_aranges
                0x0000000000000088      0x108 build/samd51_lan9253_evb/production/_ext/1884831521/drv_lan9253_ecat_util.o
 .debug_aranges
                0x0000000000000190       0x80 build/samd51_lan9253_evb/production/_ext/2063103749/plib_adc0.o
 .debug_aranges
                0x0000000000000210       0x20 build/samd51_lan9253_evb/production/_ext/1630087885/plib_clock.o
 .debug_aranges
                0x0000000000000230       0x50 build/samd51_lan9253_evb/production/_ext/2063107748/plib_eic.o
 .debug_aranges
                0x0000000000000280       0x20 build/samd51_lan9253_evb/production/_ext/1627938399/plib_evsys.o
 .debug_aranges
                0x00000000000002a0       0x38 build/samd51_lan9253_evb/production/_ext/467888355/plib_nvic.o
 .debug_aranges
                0x00000000000002d8       0xc0 build/samd51_lan9253_evb/production/_ext/1689299083/plib_nvmctrl.o
 .debug_aranges
                0x0000000000000398       0x70 build/samd51_lan9253_evb/production/_ext/467835204/plib_port.o
 .debug_aranges
                0x0000000000000408       0x58 build/samd51_lan9253_evb/production/_ext/467801642/plib_qspi_spi.o
 .debug_aranges
                0x0000000000000460       0x78 build/samd51_lan9253_evb/production/_ext/626184342/plib_tc0.o
 .debug_aranges
                0x00000000000004d8       0x80 build/samd51_lan9253_evb/production/_ext/2063121977/plib_tcc0.o
 .debug_aranges
                0x0000000000000558       0x20 build/samd51_lan9253_evb/production/_ext/715110505/initialization.o
 .debug_aranges
                0x0000000000000578       0x20 build/samd51_lan9253_evb/production/_ext/715110505/interrupts.o
 .debug_aranges
                0x0000000000000598       0x48 build/samd51_lan9253_evb/production/_ext/715110505/exceptions.o
 .debug_aranges
                0x00000000000005e0       0x28 build/samd51_lan9253_evb/production/_ext/715110505/startup_xc32.o
 .debug_aranges
                0x0000000000000608       0x28 build/samd51_lan9253_evb/production/_ext/1360937237/app_lan9253.o
 .debug_aranges
                0x0000000000000630       0x20 build/samd51_lan9253_evb/production/_ext/1360937237/main.o
 .debug_aranges
                0x0000000000000650       0x68 build/samd51_lan9253_evb/production/_ext/1899521798/plib_sercom2_i2c_master.o
 .debug_aranges
                0x00000000000006b8       0x78 build/samd51_lan9253_evb/production/_ext/1454823985/plib_systick.o
 .debug_aranges
                0x0000000000000730       0x70 build/samd51_lan9253_evb/production/_ext/1544482854/coeappl.o
 .debug_aranges
                0x00000000000007a0       0x70 build/samd51_lan9253_evb/production/_ext/1544482854/ecatappl.o
 .debug_aranges
                0x0000000000000810       0x30 build/samd51_lan9253_evb/production/_ext/1544482854/ecatcoe.o
 .debug_aranges
                0x0000000000000840       0xc8 build/samd51_lan9253_evb/production/_ext/1544482854/ecatslv.o
 .debug_aranges
                0x0000000000000908       0x60 build/samd51_lan9253_evb/production/_ext/1544482854/emcy.o
 .debug_aranges
                0x0000000000000968       0x80 build/samd51_lan9253_evb/production/_ext/1544482854/mailbox.o
 .debug_aranges
                0x00000000000009e8       0x78 build/samd51_lan9253_evb/production/_ext/1544482854/objdef.o
 .debug_aranges
                0x0000000000000a60       0x70 build/samd51_lan9253_evb/production/_ext/1544482854/sample_app.o
 .debug_aranges
                0x0000000000000ad0       0x40 build/samd51_lan9253_evb/production/_ext/1544482854/sdoserv.o
 .debug_aranges
                0x0000000000000b10       0x20 c:/program files/microchip/xc32/v2.50/bin/bin/../../lib/gcc/pic32c/6.2.1/../../../../pic32c/lib/v7e-m/fpv4-sp/hard\libpic32c.a(data_init.o)
 .debug_aranges
                0x0000000000000b30       0x20 c:/program files/microchip/xc32/v2.50/bin/bin/../../lib/gcc/pic32c/6.2.1/../../../../pic32c/lib/v7e-m/fpv4-sp/hard\libc_nano.a(lib_a-init.o)
 .debug_aranges
                0x0000000000000b50       0x28 c:/program files/microchip/xc32/v2.50/bin/bin/../../lib/gcc/pic32c/6.2.1/../../../../pic32c/lib/v7e-m/fpv4-sp/hard\libc_nano.a(lib_a-malloc.o)
 .debug_aranges
                0x0000000000000b78       0x20 c:/program files/microchip/xc32/v2.50/bin/bin/../../lib/gcc/pic32c/6.2.1/../../../../pic32c/lib/v7e-m/fpv4-sp/hard\libc_nano.a(lib_a-memcpy-stub.o)
 .debug_aranges
                0x0000000000000b98       0x20 c:/program files/microchip/xc32/v2.50/bin/bin/../../lib/gcc/pic32c/6.2.1/../../../../pic32c/lib/v7e-m/fpv4-sp/hard\libc_nano.a(lib_a-nano-freer.o)
 .debug_aranges
                0x0000000000000bb8       0x20 c:/program files/microchip/xc32/v2.50/bin/bin/../../lib/gcc/pic32c/6.2.1/../../../../pic32c/lib/v7e-m/fpv4-sp/hard\libc_nano.a(lib_a-nano-mallocr.o)
 .debug_aranges
                0x0000000000000bd8       0x20 c:/program files/microchip/xc32/v2.50/bin/bin/../../lib/gcc/pic32c/6.2.1/../../../../pic32c/lib/v7e-m/fpv4-sp/hard\libc_nano.a(lib_a-sbrkr.o)
 .debug_aranges
                0x0000000000000bf8       0x20 c:/program files/microchip/xc32/v2.50/bin/bin/../../lib/gcc/pic32c/6.2.1/../../../../pic32c/lib/v7e-m/fpv4-sp/hard\libc_nano.a(lib_a-strlen.o)
 .debug_aranges
                0x0000000000000c18       0x18 c:/program files/microchip/xc32/v2.50/bin/bin/../../lib/gcc/pic32c/6.2.1/../../../../pic32c/lib/v7e-m/fpv4-sp/hard\libc_nano.a(lib_a-impure.o)
 .debug_aranges
                0x0000000000000c30       0x20 c:/program files/microchip/xc32/v2.50/bin/bin/../../lib/gcc/pic32c/6.2.1/../../../../pic32c/lib/v7e-m/fpv4-sp/hard\libc_nano.a(lib_a-mlock.o)
 .debug_aranges
                0x0000000000000c50       0x28 c:/program files/microchip/xc32/v2.50/bin/bin/../../lib/gcc/pic32c/6.2.1/../../../../pic32c/lib/v7e-m/fpv4-sp/hard\libc_nano.a(lib_a-reent.o)
 .debug_aranges
                0x0000000000000c78       0x20 c:/program files/microchip/xc32/v2.50/bin/bin/../../lib/gcc/pic32c/6.2.1/../../../../pic32c/lib/v7e-m/fpv4-sp/hard\libpic32c.a(sbrk.o)

.debug_ranges   0x0000000000000000     0x10b0
 .debug_ranges  0x0000000000000000       0x78 build/samd51_lan9253_evb/production/_ext/1884831521/drv_lan9253.o
 .debug_ranges  0x0000000000000078      0x110 build/samd51_lan9253_evb/production/_ext/1884831521/drv_lan9253_ecat_util.o
 .debug_ranges  0x0000000000000188       0x70 build/samd51_lan9253_evb/production/_ext/2063103749/plib_adc0.o
 .debug_ranges  0x00000000000001f8       0x10 build/samd51_lan9253_evb/production/_ext/1630087885/plib_clock.o
 .debug_ranges  0x0000000000000208       0x40 build/samd51_lan9253_evb/production/_ext/2063107748/plib_eic.o
 .debug_ranges  0x0000000000000248       0x10 build/samd51_lan9253_evb/production/_ext/1627938399/plib_evsys.o
 .debug_ranges  0x0000000000000258       0x28 build/samd51_lan9253_evb/production/_ext/467888355/plib_nvic.o
 .debug_ranges  0x0000000000000280       0xb0 build/samd51_lan9253_evb/production/_ext/1689299083/plib_nvmctrl.o
 .debug_ranges  0x0000000000000330       0x60 build/samd51_lan9253_evb/production/_ext/467835204/plib_port.o
 .debug_ranges  0x0000000000000390       0x48 build/samd51_lan9253_evb/production/_ext/467801642/plib_qspi_spi.o
 .debug_ranges  0x00000000000003d8       0x68 build/samd51_lan9253_evb/production/_ext/626184342/plib_tc0.o
 .debug_ranges  0x0000000000000440       0x70 build/samd51_lan9253_evb/production/_ext/2063121977/plib_tcc0.o
 .debug_ranges  0x00000000000004b0       0x10 build/samd51_lan9253_evb/production/_ext/715110505/initialization.o
 .debug_ranges  0x00000000000004c0       0x10 build/samd51_lan9253_evb/production/_ext/715110505/interrupts.o
 .debug_ranges  0x00000000000004d0       0x38 build/samd51_lan9253_evb/production/_ext/715110505/exceptions.o
 .debug_ranges  0x0000000000000508       0x18 build/samd51_lan9253_evb/production/_ext/715110505/startup_xc32.o
 .debug_ranges  0x0000000000000520       0x18 build/samd51_lan9253_evb/production/_ext/1360937237/app_lan9253.o
 .debug_ranges  0x0000000000000538       0x10 build/samd51_lan9253_evb/production/_ext/1360937237/main.o
 .debug_ranges  0x0000000000000548       0xe0 build/samd51_lan9253_evb/production/_ext/1899521798/plib_sercom2_i2c_master.o
 .debug_ranges  0x0000000000000628       0x68 build/samd51_lan9253_evb/production/_ext/1454823985/plib_systick.o
 .debug_ranges  0x0000000000000690       0x98 build/samd51_lan9253_evb/production/_ext/1544482854/coeappl.o
 .debug_ranges  0x0000000000000728       0x78 build/samd51_lan9253_evb/production/_ext/1544482854/ecatappl.o
 .debug_ranges  0x00000000000007a0       0x20 build/samd51_lan9253_evb/production/_ext/1544482854/ecatcoe.o
 .debug_ranges  0x00000000000007c0      0x120 build/samd51_lan9253_evb/production/_ext/1544482854/ecatslv.o
 .debug_ranges  0x00000000000008e0       0x80 build/samd51_lan9253_evb/production/_ext/1544482854/emcy.o
 .debug_ranges  0x0000000000000960       0xe8 build/samd51_lan9253_evb/production/_ext/1544482854/mailbox.o
 .debug_ranges  0x0000000000000a48      0x318 build/samd51_lan9253_evb/production/_ext/1544482854/objdef.o
 .debug_ranges  0x0000000000000d60       0x60 build/samd51_lan9253_evb/production/_ext/1544482854/sample_app.o
 .debug_ranges  0x0000000000000dc0      0x1c8 build/samd51_lan9253_evb/production/_ext/1544482854/sdoserv.o
 .debug_ranges  0x0000000000000f88       0x10 c:/program files/microchip/xc32/v2.50/bin/bin/../../lib/gcc/pic32c/6.2.1/../../../../pic32c/lib/v7e-m/fpv4-sp/hard\libpic32c.a(data_init.o)
 .debug_ranges  0x0000000000000f98       0x10 c:/program files/microchip/xc32/v2.50/bin/bin/../../lib/gcc/pic32c/6.2.1/../../../../pic32c/lib/v7e-m/fpv4-sp/hard\libc_nano.a(lib_a-init.o)
 .debug_ranges  0x0000000000000fa8       0x18 c:/program files/microchip/xc32/v2.50/bin/bin/../../lib/gcc/pic32c/6.2.1/../../../../pic32c/lib/v7e-m/fpv4-sp/hard\libc_nano.a(lib_a-malloc.o)
 .debug_ranges  0x0000000000000fc0       0x10 c:/program files/microchip/xc32/v2.50/bin/bin/../../lib/gcc/pic32c/6.2.1/../../../../pic32c/lib/v7e-m/fpv4-sp/hard\libc_nano.a(lib_a-memcpy-stub.o)
 .debug_ranges  0x0000000000000fd0       0x10 c:/program files/microchip/xc32/v2.50/bin/bin/../../lib/gcc/pic32c/6.2.1/../../../../pic32c/lib/v7e-m/fpv4-sp/hard\libc_nano.a(lib_a-nano-freer.o)
 .debug_ranges  0x0000000000000fe0       0x58 c:/program files/microchip/xc32/v2.50/bin/bin/../../lib/gcc/pic32c/6.2.1/../../../../pic32c/lib/v7e-m/fpv4-sp/hard\libc_nano.a(lib_a-nano-mallocr.o)
 .debug_ranges  0x0000000000001038       0x10 c:/program files/microchip/xc32/v2.50/bin/bin/../../lib/gcc/pic32c/6.2.1/../../../../pic32c/lib/v7e-m/fpv4-sp/hard\libc_nano.a(lib_a-sbrkr.o)
 .debug_ranges  0x0000000000001048       0x10 c:/program files/microchip/xc32/v2.50/bin/bin/../../lib/gcc/pic32c/6.2.1/../../../../pic32c/lib/v7e-m/fpv4-sp/hard\libc_nano.a(lib_a-mlock.o)
 .debug_ranges  0x0000000000001058       0x48 c:/program files/microchip/xc32/v2.50/bin/bin/../../lib/gcc/pic32c/6.2.1/../../../../pic32c/lib/v7e-m/fpv4-sp/hard\libc_nano.a(lib_a-reent.o)
 .debug_ranges  0x00000000000010a0       0x10 c:/program files/microchip/xc32/v2.50/bin/bin/../../lib/gcc/pic32c/6.2.1/../../../../pic32c/lib/v7e-m/fpv4-sp/hard\libpic32c.a(sbrk.o)

.debug_line     0x0000000000000000     0x78d9
 .debug_line    0x0000000000000000      0x432 build/samd51_lan9253_evb/production/_ext/1884831521/drv_lan9253.o
 .debug_line    0x0000000000000432      0x7ac build/samd51_lan9253_evb/production/_ext/1884831521/drv_lan9253_ecat_util.o
 .debug_line    0x0000000000000bde      0x278 build/samd51_lan9253_evb/production/_ext/2063103749/plib_adc0.o
 .debug_line    0x0000000000000e56      0x1ce build/samd51_lan9253_evb/production/_ext/1630087885/plib_clock.o
 .debug_line    0x0000000000001024      0x206 build/samd51_lan9253_evb/production/_ext/2063107748/plib_eic.o
 .debug_line    0x000000000000122a      0x139 build/samd51_lan9253_evb/production/_ext/1627938399/plib_evsys.o
 .debug_line    0x0000000000001363      0x24a build/samd51_lan9253_evb/production/_ext/467888355/plib_nvic.o
 .debug_line    0x00000000000015ad      0x380 build/samd51_lan9253_evb/production/_ext/1689299083/plib_nvmctrl.o
 .debug_line    0x000000000000192d      0x241 build/samd51_lan9253_evb/production/_ext/467835204/plib_port.o
 .debug_line    0x0000000000001b6e      0x320 build/samd51_lan9253_evb/production/_ext/467801642/plib_qspi_spi.o
 .debug_line    0x0000000000001e8e      0x269 build/samd51_lan9253_evb/production/_ext/626184342/plib_tc0.o
 .debug_line    0x00000000000020f7      0x27b build/samd51_lan9253_evb/production/_ext/2063121977/plib_tcc0.o
 .debug_line    0x0000000000002372      0x57b build/samd51_lan9253_evb/production/_ext/715110505/initialization.o
 .debug_line    0x00000000000028ed      0x1ee build/samd51_lan9253_evb/production/_ext/715110505/interrupts.o
 .debug_line    0x0000000000002adb      0x229 build/samd51_lan9253_evb/production/_ext/715110505/exceptions.o
 .debug_line    0x0000000000002d04      0x203 build/samd51_lan9253_evb/production/_ext/715110505/startup_xc32.o
 .debug_line    0x0000000000002f07      0x2cd build/samd51_lan9253_evb/production/_ext/1360937237/app_lan9253.o
 .debug_line    0x00000000000031d4      0x278 build/samd51_lan9253_evb/production/_ext/1360937237/main.o
 .debug_line    0x000000000000344c      0x380 build/samd51_lan9253_evb/production/_ext/1899521798/plib_sercom2_i2c_master.o
 .debug_line    0x00000000000037cc      0x244 build/samd51_lan9253_evb/production/_ext/1454823985/plib_systick.o
 .debug_line    0x0000000000003a10      0x3f0 build/samd51_lan9253_evb/production/_ext/1544482854/coeappl.o
 .debug_line    0x0000000000003e00      0x46c build/samd51_lan9253_evb/production/_ext/1544482854/ecatappl.o
 .debug_line    0x000000000000426c      0x19c build/samd51_lan9253_evb/production/_ext/1544482854/ecatcoe.o
 .debug_line    0x0000000000004408      0x9a6 build/samd51_lan9253_evb/production/_ext/1544482854/ecatslv.o
 .debug_line    0x0000000000004dae      0x314 build/samd51_lan9253_evb/production/_ext/1544482854/emcy.o
 .debug_line    0x00000000000050c2      0x47f build/samd51_lan9253_evb/production/_ext/1544482854/mailbox.o
 .debug_line    0x0000000000005541      0x720 build/samd51_lan9253_evb/production/_ext/1544482854/objdef.o
 .debug_line    0x0000000000005c61      0x422 build/samd51_lan9253_evb/production/_ext/1544482854/sample_app.o
 .debug_line    0x0000000000006083      0x547 build/samd51_lan9253_evb/production/_ext/1544482854/sdoserv.o
 .debug_line    0x00000000000065ca       0xd8 c:/program files/microchip/xc32/v2.50/bin/bin/../../lib/gcc/pic32c/6.2.1/../../../../pic32c/lib/v7e-m/fpv4-sp/hard\libpic32c.a(data_init.o)
 .debug_line    0x00000000000066a2      0x11d c:/program files/microchip/xc32/v2.50/bin/bin/../../lib/gcc/pic32c/6.2.1/../../../../pic32c/lib/v7e-m/fpv4-sp/hard\libc_nano.a(lib_a-init.o)
 .debug_line    0x00000000000067bf      0x21e c:/program files/microchip/xc32/v2.50/bin/bin/../../lib/gcc/pic32c/6.2.1/../../../../pic32c/lib/v7e-m/fpv4-sp/hard\libc_nano.a(lib_a-malloc.o)
 .debug_line    0x00000000000069dd      0x218 c:/program files/microchip/xc32/v2.50/bin/bin/../../lib/gcc/pic32c/6.2.1/../../../../pic32c/lib/v7e-m/fpv4-sp/hard\libc_nano.a(lib_a-memcpy-stub.o)
 .debug_line    0x0000000000006bf5      0x1dc c:/program files/microchip/xc32/v2.50/bin/bin/../../lib/gcc/pic32c/6.2.1/../../../../pic32c/lib/v7e-m/fpv4-sp/hard\libc_nano.a(lib_a-nano-freer.o)
 .debug_line    0x0000000000006dd1      0x257 c:/program files/microchip/xc32/v2.50/bin/bin/../../lib/gcc/pic32c/6.2.1/../../../../pic32c/lib/v7e-m/fpv4-sp/hard\libc_nano.a(lib_a-nano-mallocr.o)
 .debug_line    0x0000000000007028      0x212 c:/program files/microchip/xc32/v2.50/bin/bin/../../lib/gcc/pic32c/6.2.1/../../../../pic32c/lib/v7e-m/fpv4-sp/hard\libc_nano.a(lib_a-sbrkr.o)
 .debug_line    0x000000000000723a       0xb1 c:/program files/microchip/xc32/v2.50/bin/bin/../../lib/gcc/pic32c/6.2.1/../../../../pic32c/lib/v7e-m/fpv4-sp/hard\libc_nano.a(lib_a-strlen.o)
 .debug_line    0x00000000000072eb      0x17e c:/program files/microchip/xc32/v2.50/bin/bin/../../lib/gcc/pic32c/6.2.1/../../../../pic32c/lib/v7e-m/fpv4-sp/hard\libc_nano.a(lib_a-impure.o)
 .debug_line    0x0000000000007469      0x18d c:/program files/microchip/xc32/v2.50/bin/bin/../../lib/gcc/pic32c/6.2.1/../../../../pic32c/lib/v7e-m/fpv4-sp/hard\libc_nano.a(lib_a-mlock.o)
 .debug_line    0x00000000000075f6      0x241 c:/program files/microchip/xc32/v2.50/bin/bin/../../lib/gcc/pic32c/6.2.1/../../../../pic32c/lib/v7e-m/fpv4-sp/hard\libc_nano.a(lib_a-reent.o)
 .debug_line    0x0000000000007837       0xa2 c:/program files/microchip/xc32/v2.50/bin/bin/../../lib/gcc/pic32c/6.2.1/../../../../pic32c/lib/v7e-m/fpv4-sp/hard\libpic32c.a(sbrk.o)

.debug_str      0x0000000000000000     0x10b7
 .debug_str     0x0000000000000000      0x14a build/samd51_lan9253_evb/production/_ext/1884831521/drv_lan9253.o
 .debug_str     0x000000000000014a      0x123 build/samd51_lan9253_evb/production/_ext/1884831521/drv_lan9253_ecat_util.o
 .debug_str     0x000000000000026d       0x19 build/samd51_lan9253_evb/production/_ext/2063103749/plib_adc0.o
 .debug_str     0x0000000000000286       0x1e build/samd51_lan9253_evb/production/_ext/1630087885/plib_clock.o
 .debug_str     0x00000000000002a4        0x9 build/samd51_lan9253_evb/production/_ext/2063107748/plib_eic.o
 .debug_str     0x00000000000002ad        0x0 build/samd51_lan9253_evb/production/_ext/1627938399/plib_evsys.o
 .debug_str     0x00000000000002ad        0xa build/samd51_lan9253_evb/production/_ext/467888355/plib_nvic.o
 .debug_str     0x00000000000002b7       0x29 build/samd51_lan9253_evb/production/_ext/1689299083/plib_nvmctrl.o
 .debug_str     0x00000000000002e0        0xb build/samd51_lan9253_evb/production/_ext/467835204/plib_port.o
 .debug_str     0x00000000000002eb       0x49 build/samd51_lan9253_evb/production/_ext/467801642/plib_qspi_spi.o
 .debug_str     0x0000000000000334       0xbb build/samd51_lan9253_evb/production/_ext/626184342/plib_tc0.o
 .debug_str     0x00000000000003ef        0x7 build/samd51_lan9253_evb/production/_ext/2063121977/plib_tcc0.o
 .debug_str     0x00000000000003f6       0xfd build/samd51_lan9253_evb/production/_ext/715110505/initialization.o
 .debug_str     0x00000000000004f3        0xe build/samd51_lan9253_evb/production/_ext/715110505/interrupts.o
 .debug_str     0x0000000000000501        0xe build/samd51_lan9253_evb/production/_ext/715110505/exceptions.o
 .debug_str     0x000000000000050f       0x2f build/samd51_lan9253_evb/production/_ext/715110505/startup_xc32.o
 .debug_str     0x000000000000053e       0x4a build/samd51_lan9253_evb/production/_ext/1360937237/app_lan9253.o
 .debug_str     0x0000000000000588       0x65 build/samd51_lan9253_evb/production/_ext/1360937237/main.o
 .debug_str     0x00000000000005ed      0x175 build/samd51_lan9253_evb/production/_ext/1899521798/plib_sercom2_i2c_master.o
 .debug_str     0x0000000000000762       0x45 build/samd51_lan9253_evb/production/_ext/1454823985/plib_systick.o
 .debug_str     0x00000000000007a7       0x5f build/samd51_lan9253_evb/production/_ext/1544482854/coeappl.o
 .debug_str     0x0000000000000806      0x17d build/samd51_lan9253_evb/production/_ext/1544482854/ecatappl.o
 .debug_str     0x0000000000000983       0x64 build/samd51_lan9253_evb/production/_ext/1544482854/ecatcoe.o
 .debug_str     0x00000000000009e7      0x244 build/samd51_lan9253_evb/production/_ext/1544482854/ecatslv.o
 .debug_str     0x0000000000000c2b       0x40 build/samd51_lan9253_evb/production/_ext/1544482854/emcy.o
 .debug_str     0x0000000000000c6b      0x12c build/samd51_lan9253_evb/production/_ext/1544482854/mailbox.o
 .debug_str     0x0000000000000d97       0xbd build/samd51_lan9253_evb/production/_ext/1544482854/objdef.o
 .debug_str     0x0000000000000e54       0x84 build/samd51_lan9253_evb/production/_ext/1544482854/sample_app.o
 .debug_str     0x0000000000000ed8      0x147 build/samd51_lan9253_evb/production/_ext/1544482854/sdoserv.o
 .debug_str     0x000000000000101f        0x0 c:/program files/microchip/xc32/v2.50/bin/bin/../../lib/gcc/pic32c/6.2.1/../../../../pic32c/lib/v7e-m/fpv4-sp/hard\libpic32c.a(data_init.o)
 .debug_str     0x000000000000101f        0x0 c:/program files/microchip/xc32/v2.50/bin/bin/../../lib/gcc/pic32c/6.2.1/../../../../pic32c/lib/v7e-m/fpv4-sp/hard\libc_nano.a(lib_a-init.o)
 .debug_str     0x000000000000101f       0x13 c:/program files/microchip/xc32/v2.50/bin/bin/../../lib/gcc/pic32c/6.2.1/../../../../pic32c/lib/v7e-m/fpv4-sp/hard\libc_nano.a(lib_a-malloc.o)
 .debug_str     0x0000000000001032        0x9 c:/program files/microchip/xc32/v2.50/bin/bin/../../lib/gcc/pic32c/6.2.1/../../../../pic32c/lib/v7e-m/fpv4-sp/hard\libc_nano.a(lib_a-memcpy-stub.o)
 .debug_str     0x000000000000103b       0x27 c:/program files/microchip/xc32/v2.50/bin/bin/../../lib/gcc/pic32c/6.2.1/../../../../pic32c/lib/v7e-m/fpv4-sp/hard\libc_nano.a(lib_a-nano-freer.o)
 .debug_str     0x0000000000001062       0x31 c:/program files/microchip/xc32/v2.50/bin/bin/../../lib/gcc/pic32c/6.2.1/../../../../pic32c/lib/v7e-m/fpv4-sp/hard\libc_nano.a(lib_a-nano-mallocr.o)
 .debug_str     0x0000000000001093        0x9 c:/program files/microchip/xc32/v2.50/bin/bin/../../lib/gcc/pic32c/6.2.1/../../../../pic32c/lib/v7e-m/fpv4-sp/hard\libc_nano.a(lib_a-sbrkr.o)
 .debug_str     0x000000000000109c        0x9 c:/program files/microchip/xc32/v2.50/bin/bin/../../lib/gcc/pic32c/6.2.1/../../../../pic32c/lib/v7e-m/fpv4-sp/hard\libc_nano.a(lib_a-impure.o)
 .debug_str     0x00000000000010a5        0x9 c:/program files/microchip/xc32/v2.50/bin/bin/../../lib/gcc/pic32c/6.2.1/../../../../pic32c/lib/v7e-m/fpv4-sp/hard\libc_nano.a(lib_a-mlock.o)
 .debug_str     0x00000000000010ae        0x9 c:/program files/microchip/xc32/v2.50/bin/bin/../../lib/gcc/pic32c/6.2.1/../../../../pic32c/lib/v7e-m/fpv4-sp/hard\libc_nano.a(lib_a-reent.o)
 .debug_str     0x00000000000010b7        0x0 c:/program files/microchip/xc32/v2.50/bin/bin/../../lib/gcc/pic32c/6.2.1/../../../../pic32c/lib/v7e-m/fpv4-sp/hard\libpic32c.a(sbrk.o)

.debug_frame    0x0000000000000000     0x1be0
 .debug_frame   0x0000000000000000      0x1ec build/samd51_lan9253_evb/production/_ext/1884831521/drv_lan9253.o
 .debug_frame   0x00000000000001ec      0x348 build/samd51_lan9253_evb/production/_ext/1884831521/drv_lan9253_ecat_util.o
 .debug_frame   0x0000000000000534       0xe0 build/samd51_lan9253_evb/production/_ext/2063103749/plib_adc0.o
 .debug_frame   0x0000000000000614       0x20 build/samd51_lan9253_evb/production/_ext/1630087885/plib_clock.o
 .debug_frame   0x0000000000000634       0xa8 build/samd51_lan9253_evb/production/_ext/2063107748/plib_eic.o
 .debug_frame   0x00000000000006dc       0x20 build/samd51_lan9253_evb/production/_ext/1627938399/plib_evsys.o
 .debug_frame   0x00000000000006fc       0x50 build/samd51_lan9253_evb/production/_ext/467888355/plib_nvic.o
 .debug_frame   0x000000000000074c      0x180 build/samd51_lan9253_evb/production/_ext/1689299083/plib_nvmctrl.o
 .debug_frame   0x00000000000008cc       0xcc build/samd51_lan9253_evb/production/_ext/467835204/plib_port.o
 .debug_frame   0x0000000000000998       0xb8 build/samd51_lan9253_evb/production/_ext/467801642/plib_qspi_spi.o
 .debug_frame   0x0000000000000a50       0xd8 build/samd51_lan9253_evb/production/_ext/626184342/plib_tc0.o
 .debug_frame   0x0000000000000b28       0xe8 build/samd51_lan9253_evb/production/_ext/2063121977/plib_tcc0.o
 .debug_frame   0x0000000000000c10       0x28 build/samd51_lan9253_evb/production/_ext/715110505/initialization.o
 .debug_frame   0x0000000000000c38       0x20 build/samd51_lan9253_evb/production/_ext/715110505/interrupts.o
 .debug_frame   0x0000000000000c58       0x70 build/samd51_lan9253_evb/production/_ext/715110505/exceptions.o
 .debug_frame   0x0000000000000cc8       0x38 build/samd51_lan9253_evb/production/_ext/715110505/startup_xc32.o
 .debug_frame   0x0000000000000d00       0x38 build/samd51_lan9253_evb/production/_ext/1360937237/app_lan9253.o
 .debug_frame   0x0000000000000d38       0x28 build/samd51_lan9253_evb/production/_ext/1360937237/main.o
 .debug_frame   0x0000000000000d60       0xe0 build/samd51_lan9253_evb/production/_ext/1899521798/plib_sercom2_i2c_master.o
 .debug_frame   0x0000000000000e40       0xf8 build/samd51_lan9253_evb/production/_ext/1454823985/plib_systick.o
 .debug_frame   0x0000000000000f38      0x138 build/samd51_lan9253_evb/production/_ext/1544482854/coeappl.o
 .debug_frame   0x0000000000001070      0x13c build/samd51_lan9253_evb/production/_ext/1544482854/ecatappl.o
 .debug_frame   0x00000000000011ac       0x54 build/samd51_lan9253_evb/production/_ext/1544482854/ecatcoe.o
 .debug_frame   0x0000000000001200      0x26c build/samd51_lan9253_evb/production/_ext/1544482854/ecatslv.o
 .debug_frame   0x000000000000146c       0xc4 build/samd51_lan9253_evb/production/_ext/1544482854/emcy.o
 .debug_frame   0x0000000000001530      0x17c build/samd51_lan9253_evb/production/_ext/1544482854/mailbox.o
 .debug_frame   0x00000000000016ac      0x180 build/samd51_lan9253_evb/production/_ext/1544482854/objdef.o
 .debug_frame   0x000000000000182c       0xf4 build/samd51_lan9253_evb/production/_ext/1544482854/sample_app.o
 .debug_frame   0x0000000000001920       0xd4 build/samd51_lan9253_evb/production/_ext/1544482854/sdoserv.o
 .debug_frame   0x00000000000019f4       0x2c c:/program files/microchip/xc32/v2.50/bin/bin/../../lib/gcc/pic32c/6.2.1/../../../../pic32c/lib/v7e-m/fpv4-sp/hard\libpic32c.a(data_init.o)
 .debug_frame   0x0000000000001a20       0x2c c:/program files/microchip/xc32/v2.50/bin/bin/../../lib/gcc/pic32c/6.2.1/../../../../pic32c/lib/v7e-m/fpv4-sp/hard\libc_nano.a(lib_a-init.o)
 .debug_frame   0x0000000000001a4c       0x30 c:/program files/microchip/xc32/v2.50/bin/bin/../../lib/gcc/pic32c/6.2.1/../../../../pic32c/lib/v7e-m/fpv4-sp/hard\libc_nano.a(lib_a-malloc.o)
 .debug_frame   0x0000000000001a7c       0x28 c:/program files/microchip/xc32/v2.50/bin/bin/../../lib/gcc/pic32c/6.2.1/../../../../pic32c/lib/v7e-m/fpv4-sp/hard\libc_nano.a(lib_a-memcpy-stub.o)
 .debug_frame   0x0000000000001aa4       0x38 c:/program files/microchip/xc32/v2.50/bin/bin/../../lib/gcc/pic32c/6.2.1/../../../../pic32c/lib/v7e-m/fpv4-sp/hard\libc_nano.a(lib_a-nano-freer.o)
 .debug_frame   0x0000000000001adc       0x2c c:/program files/microchip/xc32/v2.50/bin/bin/../../lib/gcc/pic32c/6.2.1/../../../../pic32c/lib/v7e-m/fpv4-sp/hard\libc_nano.a(lib_a-nano-mallocr.o)
 .debug_frame   0x0000000000001b08       0x2c c:/program files/microchip/xc32/v2.50/bin/bin/../../lib/gcc/pic32c/6.2.1/../../../../pic32c/lib/v7e-m/fpv4-sp/hard\libc_nano.a(lib_a-sbrkr.o)
 .debug_frame   0x0000000000001b34       0x30 c:/program files/microchip/xc32/v2.50/bin/bin/../../lib/gcc/pic32c/6.2.1/../../../../pic32c/lib/v7e-m/fpv4-sp/hard\libc_nano.a(lib_a-mlock.o)
 .debug_frame   0x0000000000001b64       0x5c c:/program files/microchip/xc32/v2.50/bin/bin/../../lib/gcc/pic32c/6.2.1/../../../../pic32c/lib/v7e-m/fpv4-sp/hard\libc_nano.a(lib_a-reent.o)
 .debug_frame   0x0000000000001bc0       0x20 c:/program files/microchip/xc32/v2.50/bin/bin/../../lib/gcc/pic32c/6.2.1/../../../../pic32c/lib/v7e-m/fpv4-sp/hard\libpic32c.a(sbrk.o)

.stack          0x00000000200009f0      0x100
 .stack         0x00000000200009f0      0x100 stack

.data.GenObjDic%1
                0x0000000020000268      0x1e0
 .data.GenObjDic
                0x0000000020000268      0x1e0 build/samd51_lan9253_evb/production/_ext/1544482854/coeappl.o
                0x0000000020000268                GenObjDic

.data.ApplicationObjDic%2
                0x0000000020000448      0x118
 .data.ApplicationObjDic
                0x0000000020000448      0x118 build/samd51_lan9253_evb/production/_ext/1544482854/coeappl.o
                0x0000000020000448                ApplicationObjDic

.bss.eicCallbackObject%3
                0x0000000020000560       0xc0
 .bss.eicCallbackObject
                0x0000000020000560       0xc0 build/samd51_lan9253_evb/production/_ext/2063107748/plib_eic.o

.data.impure_data%4
                0x0000000020000620       0x60
 .data.impure_data
                0x0000000020000620       0x60 c:/program files/microchip/xc32/v2.50/bin/bin/../../lib/gcc/pic32c/6.2.1/../../../../pic32c/lib/v7e-m/fpv4-sp/hard\libc_nano.a(lib_a-impure.o)

.bss.sercom2I2CObj%5
                0x0000000020000680       0x2c
 .bss.sercom2I2CObj
                0x0000000020000680       0x2c build/samd51_lan9253_evb/production/_ext/1899521798/plib_sercom2_i2c_master.o

.data.gau8DummyCntArr%6
                0x00000000200006ac       0x27
 .data.gau8DummyCntArr
                0x00000000200006ac       0x27 build/samd51_lan9253_evb/production/_ext/1884831521/drv_lan9253_ecat_util.o
                0x00000000200006ac                gau8DummyCntArr

.bss%7          0x00000000200006d4       0x1c
 .bss           0x00000000200006d4       0x1c c:/program files/microchip/xc32/v2.50/bin/bin/../../lib/gcc/pic32c/6.2.1/v7e-m/fpv4-sp/hard/crtbegin.o

.data.acDevicename%8
                0x00000000200006f0       0x16
 .data.acDevicename
                0x00000000200006f0       0x16 build/samd51_lan9253_evb/production/_ext/1544482854/coeappl.o
                0x00000000200006f0                acDevicename

.data.sIdentity%9
                0x0000000020000708       0x14
 .data.sIdentity
                0x0000000020000708       0x14 build/samd51_lan9253_evb/production/_ext/1544482854/coeappl.o
                0x0000000020000708                sIdentity

.bss.gDrvLan9253UtilObj%10
                0x000000002000071c       0x10
 .bss.gDrvLan9253UtilObj
                0x000000002000071c       0x10 build/samd51_lan9253_evb/production/_ext/1884831521/drv_lan9253_ecat_util.o

.data.aSubindexDesc%11
                0x000000002000072c        0xd
 .data.aSubindexDesc
                0x000000002000072c        0xd build/samd51_lan9253_evb/production/_ext/1544482854/objdef.o
                0x000000002000072c                aSubindexDesc

.bss.systick%12
                0x000000002000073c        0xc
 .bss.systick   0x000000002000073c        0xc build/samd51_lan9253_evb/production/_ext/1454823985/plib_systick.o

.data.sErrorSettings%13
                0x0000000020000748        0xc
 .data.sErrorSettings
                0x0000000020000748        0xc build/samd51_lan9253_evb/production/_ext/1544482854/objdef.o
                0x0000000020000748                sErrorSettings

.data.Inputs0x6000%14
                0x0000000020000754        0xc
 .data.Inputs0x6000
                0x0000000020000754        0xc build/samd51_lan9253_evb/production/_ext/1544482854/sample_app.o
                0x0000000020000754                Inputs0x6000

.data.InputsProcessDataMapping0x1A00%15
                0x0000000020000760        0xc
 .data.InputsProcessDataMapping0x1A00
                0x0000000020000760        0xc build/samd51_lan9253_evb/production/_ext/1544482854/sample_app.o
                0x0000000020000760                InputsProcessDataMapping0x1A00

.data.Outputs0x7010%16
                0x000000002000076c        0xc
 .data.Outputs0x7010
                0x000000002000076c        0xc build/samd51_lan9253_evb/production/_ext/1544482854/sample_app.o
                0x000000002000076c                Outputs0x7010

.data.OutputsProcessDataMapping0x1601%17
                0x0000000020000778        0xc
 .data.OutputsProcessDataMapping0x1601
                0x0000000020000778        0xc build/samd51_lan9253_evb/production/_ext/1544482854/sample_app.o
                0x0000000020000778                OutputsProcessDataMapping0x1601

.bss.TC0_CallbackObject%18
                0x0000000020000784        0x8
 .bss.TC0_CallbackObject
                0x0000000020000784        0x8 build/samd51_lan9253_evb/production/_ext/626184342/plib_tc0.o

.bss.TCC0_CallbackObj%19
                0x000000002000078c        0x8
 .bss.TCC0_CallbackObj
                0x000000002000078c        0x8 build/samd51_lan9253_evb/production/_ext/2063121977/plib_tcc0.o

.bss.u64Timestamp%20
                0x0000000020000798        0x8
 .bss.u64Timestamp
                0x0000000020000798        0x8 build/samd51_lan9253_evb/production/_ext/1544482854/coeappl.o
                0x0000000020000798                u64Timestamp

.data.sSyncmanagertype%21
                0x00000000200007a0        0x6
 .data.sSyncmanagertype
                0x00000000200007a0        0x6 build/samd51_lan9253_evb/production/_ext/1544482854/coeappl.o
                0x00000000200007a0                sSyncmanagertype

.bss.ObjDicList%22
                0x0000000020000794        0x4
 .bss.ObjDicList
                0x0000000020000794        0x4 build/samd51_lan9253_evb/production/_ext/1544482854/coeappl.o
                0x0000000020000794                ObjDicList

.data.acHardwareversion%23
                0x00000000200007a8        0x4
 .data.acHardwareversion
                0x00000000200007a8        0x4 build/samd51_lan9253_evb/production/_ext/1544482854/coeappl.o
                0x00000000200007a8                acHardwareversion

.data.acSoftwareversion%24
                0x00000000200007ac        0x4
 .data.acSoftwareversion
                0x00000000200007ac        0x4 build/samd51_lan9253_evb/production/_ext/1544482854/coeappl.o
                0x00000000200007ac                acSoftwareversion

.data.u32Devicetype%25
                0x00000000200007b0        0x4
 .data.u32Devicetype
                0x00000000200007b0        0x4 build/samd51_lan9253_evb/production/_ext/1544482854/coeappl.o
                0x00000000200007b0                u32Devicetype

.bss.SMActivate%26
                0x00000000200007b4        0x4
 .bss.SMActivate
                0x00000000200007b4        0x4 build/samd51_lan9253_evb/production/_ext/1544482854/ecatslv.o
                0x00000000200007b4                SMActivate

.data.sRxPDOassign%27
                0x00000000200007b8        0x4
 .data.sRxPDOassign
                0x00000000200007b8        0x4 build/samd51_lan9253_evb/production/_ext/1544482854/sample_app.o
                0x00000000200007b8                sRxPDOassign

.data.sTxPDOassign%28
                0x00000000200007bc        0x4
 .data.sTxPDOassign
                0x00000000200007bc        0x4 build/samd51_lan9253_evb/production/_ext/1544482854/sample_app.o
                0x00000000200007bc                sTxPDOassign

.bss.__malloc_free_list%29
                0x00000000200007c0        0x4
 .bss.__malloc_free_list
                0x00000000200007c0        0x4 c:/program files/microchip/xc32/v2.50/bin/bin/../../lib/gcc/pic32c/6.2.1/../../../../pic32c/lib/v7e-m/fpv4-sp/hard\libc_nano.a(lib_a-nano-mallocr.o)
                0x00000000200007c0                __malloc_free_list

.bss.__malloc_sbrk_start%30
                0x00000000200007c4        0x4
 .bss.__malloc_sbrk_start
                0x00000000200007c4        0x4 c:/program files/microchip/xc32/v2.50/bin/bin/../../lib/gcc/pic32c/6.2.1/../../../../pic32c/lib/v7e-m/fpv4-sp/hard\libc_nano.a(lib_a-nano-mallocr.o)
                0x00000000200007c4                __malloc_sbrk_start

.data._impure_ptr%31
                0x00000000200007c8        0x4
 .data._impure_ptr
                0x00000000200007c8        0x4 c:/program files/microchip/xc32/v2.50/bin/bin/../../lib/gcc/pic32c/6.2.1/../../../../pic32c/lib/v7e-m/fpv4-sp/hard\libc_nano.a(lib_a-impure.o)
                0x00000000200007c8                _impure_ptr

.bss%32         0x00000000200007cc        0x4
 .bss           0x00000000200007cc        0x4 c:/program files/microchip/xc32/v2.50/bin/bin/../../lib/gcc/pic32c/6.2.1/../../../../pic32c/lib/v7e-m/fpv4-sp/hard\libpic32c.a(sbrk.o)

.bss.u16ErrorRegister%33
                0x0000000020000706        0x2
 .bss.u16ErrorRegister
                0x0000000020000706        0x2 build/samd51_lan9253_evb/production/_ext/1544482854/coeappl.o
                0x0000000020000706                u16ErrorRegister

.bss.gbALEvtOpEnabled%34
                0x00000000200006d3        0x1
 .bss.gbALEvtOpEnabled
                0x00000000200006d3        0x1 build/samd51_lan9253_evb/production/_ext/1884831521/drv_lan9253.o
                0x00000000200006d3                gbALEvtOpEnabled

.bss.isLastByteTransferInProgress.8079%35
                0x00000000200007a6        0x1
 .bss.isLastByteTransferInProgress.8079
                0x00000000200007a6        0x1 build/samd51_lan9253_evb/production/_ext/467801642/plib_qspi_spi.o

.bss.bInitFinished%36
                0x00000000200007a7        0x1
 .bss.bInitFinished
                0x00000000200007a7        0x1 build/samd51_lan9253_evb/production/_ext/1544482854/ecatappl.o
                0x00000000200007a7                bInitFinished

.bss.EepromLoaded%37
                0x0000000020000739        0x1
 .bss.EepromLoaded
                0x0000000020000739        0x1 build/samd51_lan9253_evb/production/_ext/1544482854/ecatslv.o
                0x0000000020000739                EepromLoaded

.bss.bSdoInWork%38
                0x000000002000073a        0x1
 .bss.bSdoInWork
                0x000000002000073a        0x1 build/samd51_lan9253_evb/production/_ext/1544482854/sdoserv.o
                0x000000002000073a                bSdoInWork

.eh_frame%z1    0x0000000000000000        0x0
 .eh_frame      0x0000000000000000        0x0 c:/program files/microchip/xc32/v2.50/bin/bin/../../lib/gcc/pic32c/6.2.1/v7e-m/fpv4-sp/hard/crtbegin.o

.text.AL_ControlInd%39
                0x0000000000000280      0x870
 .text.AL_ControlInd
                0x0000000000000280      0x870 build/samd51_lan9253_evb/production/_ext/1544482854/ecatslv.o
                0x0000000000000280                AL_ControlInd

.text.SDOS_SdoInd%40
                0x0000000000000af0      0x81c
 .text.SDOS_SdoInd
                0x0000000000000af0      0x81c build/samd51_lan9253_evb/production/_ext/1544482854/sdoserv.o
                0x0000000000000af0                SDOS_SdoInd

.dinit%41       0x000000000000130c      0x690
 .dinit         0x000000000000130c      0x690 data_init

.text.StartInputHandler%42
                0x000000000000199c      0x664
 .text.StartInputHandler
                0x000000000000199c      0x664 build/samd51_lan9253_evb/production/_ext/1544482854/ecatslv.o
                0x000000000000199c                StartInputHandler

.text.OBJ_Write%43
                0x0000000000002000      0x510
 .text.OBJ_Write
                0x0000000000002000      0x510 build/samd51_lan9253_evb/production/_ext/1544482854/objdef.o
                0x0000000000002000                OBJ_Write

.text.OBJ_Read%44
                0x0000000000002510      0x46c
 .text.OBJ_Read
                0x0000000000002510      0x46c build/samd51_lan9253_evb/production/_ext/1544482854/objdef.o
                0x0000000000002510                OBJ_Read

.text.SDOS_SdoInfoInd%45
                0x000000000000297c      0x2c4
 .text.SDOS_SdoInfoInd
                0x000000000000297c      0x2c4 build/samd51_lan9253_evb/production/_ext/1544482854/sdoserv.o
                0x000000000000297c                SDOS_SdoInfoInd

.text.ECAT_Lan925x_SPIFastReadPDRAM%46
                0x0000000000002c40      0x290
 .text.ECAT_Lan925x_SPIFastReadPDRAM
                0x0000000000002c40      0x290 build/samd51_lan9253_evb/production/_ext/1884831521/drv_lan9253_ecat_util.o
                0x0000000000002c40                ECAT_Lan925x_SPIFastReadPDRAM

.text.AL_ControlRes%47
                0x0000000000002ed0      0x24c
 .text.AL_ControlRes
                0x0000000000002ed0      0x24c build/samd51_lan9253_evb/production/_ext/1544482854/ecatslv.o
                0x0000000000002ed0                AL_ControlRes

.text.CheckSmSettings%48
                0x000000000000311c      0x240
 .text.CheckSmSettings
                0x000000000000311c      0x240 build/samd51_lan9253_evb/production/_ext/1544482854/ecatslv.o
                0x000000000000311c                CheckSmSettings

.text.ECAT_Lan925x_SPIWritePDRAM%49
                0x000000000000335c      0x218
 .text.ECAT_Lan925x_SPIWritePDRAM
                0x000000000000335c      0x218 build/samd51_lan9253_evb/production/_ext/1884831521/drv_lan9253_ecat_util.o
                0x000000000000335c                ECAT_Lan925x_SPIWritePDRAM

.text.SERCOM2_I2C_InterruptHandler%50
                0x0000000000003574      0x1b0
 .text.SERCOM2_I2C_InterruptHandler
                0x0000000000003574      0x1b0 build/samd51_lan9253_evb/production/_ext/1899521798/plib_sercom2_i2c_master.o
                0x0000000000003574                SERCOM2_I2C_InterruptHandler

.text.QSPI_InterruptHandler%51
                0x0000000000003724      0x16c
 .text.QSPI_InterruptHandler
                0x0000000000003724      0x16c build/samd51_lan9253_evb/production/_ext/467801642/plib_qspi_spi.o
                0x0000000000003724                QSPI_InterruptHandler

.text.ECAT_Lan925x_SPIFastRead%52
                0x0000000000003890      0x154
 .text.ECAT_Lan925x_SPIFastRead
                0x0000000000003890      0x154 build/samd51_lan9253_evb/production/_ext/1884831521/drv_lan9253_ecat_util.o
                0x0000000000003890                ECAT_Lan925x_SPIFastRead

.text.ECAT_Main%53
                0x00000000000039e4      0x14c
 .text.ECAT_Main
                0x00000000000039e4      0x14c build/samd51_lan9253_evb/production/_ext/1544482854/ecatslv.o
                0x00000000000039e4                ECAT_Main

.text.CheckSyncTypeValue%54
                0x0000000000003b30      0x134
 .text.CheckSyncTypeValue
                0x0000000000003b30      0x134 build/samd51_lan9253_evb/production/_ext/1544482854/objdef.o
                0x0000000000003b30                CheckSyncTypeValue

.text.ECAT_Lan925x_SPIRead%55
                0x0000000000003c64      0x128
 .text.ECAT_Lan925x_SPIRead
                0x0000000000003c64      0x128 build/samd51_lan9253_evb/production/_ext/1884831521/drv_lan9253_ecat_util.o
                0x0000000000003c64                ECAT_Lan925x_SPIRead

.text.CLOCK_Initialize%56
                0x0000000000003d8c      0x128
 .text.CLOCK_Initialize
                0x0000000000003d8c      0x128 build/samd51_lan9253_evb/production/_ext/1630087885/plib_clock.o
                0x0000000000003d8c                CLOCK_Initialize

.text.ECAT_Init%57
                0x0000000000003eb4      0x11c
 .text.ECAT_Init
                0x0000000000003eb4      0x11c build/samd51_lan9253_evb/production/_ext/1544482854/ecatslv.o
                0x0000000000003eb4                ECAT_Init

.text.SetALStatus%58
                0x0000000000003fd0      0x114
 .text.SetALStatus
                0x0000000000003fd0      0x114 build/samd51_lan9253_evb/production/_ext/1544482854/ecatslv.o
                0x0000000000003fd0                SetALStatus

.text.QSPI_WriteRead%59
                0x00000000000040e4      0x110
 .text.QSPI_WriteRead
                0x00000000000040e4      0x110 build/samd51_lan9253_evb/production/_ext/467801642/plib_qspi_spi.o
                0x00000000000040e4                QSPI_WriteRead

.text.PDI_Isr%60
                0x00000000000041f4      0x110
 .text.PDI_Isr  0x00000000000041f4      0x110 build/samd51_lan9253_evb/production/_ext/1544482854/ecatappl.o
                0x00000000000041f4                PDI_Isr

.text.MBX_StopMailboxHandler%61
                0x0000000000004304      0x110
 .text.MBX_StopMailboxHandler
                0x0000000000004304      0x110 build/samd51_lan9253_evb/production/_ext/1544482854/mailbox.o
                0x0000000000004304                MBX_StopMailboxHandler

.text.Sync0_Isr%62
                0x0000000000004414      0x108
 .text.Sync0_Isr
                0x0000000000004414      0x108 build/samd51_lan9253_evb/production/_ext/1544482854/ecatappl.o
                0x0000000000004414                Sync0_Isr

.text.APPL_GenerateMapping%63
                0x000000000000451c      0x108
 .text.APPL_GenerateMapping
                0x000000000000451c      0x108 build/samd51_lan9253_evb/production/_ext/1544482854/sample_app.o
                0x000000000000451c                APPL_GenerateMapping

.rodata.aName0x1C32%64
                0x0000000000004624      0x100
 .rodata.aName0x1C32
                0x0000000000004624      0x100 build/samd51_lan9253_evb/production/_ext/1544482854/coeappl.o
                0x0000000000004624                aName0x1C32

.rodata.aName0x1C33%65
                0x0000000000004724      0x100
 .rodata.aName0x1C33
                0x0000000000004724      0x100 build/samd51_lan9253_evb/production/_ext/1544482854/coeappl.o
                0x0000000000004724                aName0x1C33

.text.MBX_CheckAndCopyMailbox%66
                0x0000000000004824       0xfc
 .text.MBX_CheckAndCopyMailbox
                0x0000000000004824       0xfc build/samd51_lan9253_evb/production/_ext/1544482854/mailbox.o
                0x0000000000004824                MBX_CheckAndCopyMailbox

.text.SendSmFailedEmergency%67
                0x0000000000004920       0xf8
 .text.SendSmFailedEmergency
                0x0000000000004920       0xf8 build/samd51_lan9253_evb/production/_ext/1544482854/ecatslv.o
                0x0000000000004920                SendSmFailedEmergency

.text.ECAT_Lan925x_SPIWrite%68
                0x0000000000004a18       0xf4
 .text.ECAT_Lan925x_SPIWrite
                0x0000000000004a18       0xf4 build/samd51_lan9253_evb/production/_ext/1884831521/drv_lan9253_ecat_util.o
                0x0000000000004a18                ECAT_Lan925x_SPIWrite

.text.SdoRes%69
                0x0000000000004b0c       0xf4
 .text.SdoRes   0x0000000000004b0c       0xf4 build/samd51_lan9253_evb/production/_ext/1544482854/sdoserv.o
                0x0000000000004b0c                SdoRes

.text.COE_ObjInit%70
                0x0000000000004c00       0xec
 .text.COE_ObjInit
                0x0000000000004c00       0xec build/samd51_lan9253_evb/production/_ext/1544482854/coeappl.o
                0x0000000000004c00                COE_ObjInit

.text.OBJ_GetDesc%71
                0x0000000000004cec       0xe0
 .text.OBJ_GetDesc
                0x0000000000004cec       0xe0 build/samd51_lan9253_evb/production/_ext/1544482854/objdef.o
                0x0000000000004cec                OBJ_GetDesc

.text.SDOS_SdoRes%72
                0x0000000000004dcc       0xe0
 .text.SDOS_SdoRes
                0x0000000000004dcc       0xe0 build/samd51_lan9253_evb/production/_ext/1544482854/sdoserv.o
                0x0000000000004dcc                SDOS_SdoRes

.text.HW_EscRead%73
                0x0000000000004eac       0xdc
 .text.HW_EscRead
                0x0000000000004eac       0xdc build/samd51_lan9253_evb/production/_ext/1884831521/drv_lan9253.o
                0x0000000000004eac                HW_EscRead

.text.StopInputHandler%74
                0x0000000000004f88       0xdc
 .text.StopInputHandler
                0x0000000000004f88       0xdc build/samd51_lan9253_evb/production/_ext/1544482854/ecatslv.o
                0x0000000000004f88                StopInputHandler

.text.LAN9253_Init%75
                0x0000000000005064       0xd4
 .text.LAN9253_Init
                0x0000000000005064       0xd4 build/samd51_lan9253_evb/production/_ext/1884831521/drv_lan9253.o
                0x0000000000005064                LAN9253_Init

.text.MainLoop%76
                0x0000000000005138       0xd4
 .text.MainLoop
                0x0000000000005138       0xd4 build/samd51_lan9253_evb/production/_ext/1544482854/ecatappl.o
                0x0000000000005138                MainLoop

.text.DC_CheckWatchdog%77
                0x000000000000520c       0xd0
 .text.DC_CheckWatchdog
                0x000000000000520c       0xd0 build/samd51_lan9253_evb/production/_ext/1544482854/ecatslv.o
                0x000000000000520c                DC_CheckWatchdog

.text.OBJ_GetEntryOffset%78
                0x00000000000052dc       0xd0
 .text.OBJ_GetEntryOffset
                0x00000000000052dc       0xd0 build/samd51_lan9253_evb/production/_ext/1544482854/objdef.o
                0x00000000000052dc                OBJ_GetEntryOffset

.text.EscRead%79
                0x00000000000053ac       0xcc
 .text.EscRead  0x00000000000053ac       0xcc build/samd51_lan9253_evb/production/_ext/1884831521/drv_lan9253.o
                0x00000000000053ac                EscRead

.text.MBX_Init%80
                0x0000000000005478       0xcc
 .text.MBX_Init
                0x0000000000005478       0xcc build/samd51_lan9253_evb/production/_ext/1544482854/mailbox.o
                0x0000000000005478                MBX_Init

.text.MBX_CopyToSendMailbox%81
                0x0000000000005544       0xcc
 .text.MBX_CopyToSendMailbox
                0x0000000000005544       0xcc build/samd51_lan9253_evb/production/_ext/1544482854/mailbox.o
                0x0000000000005544                MBX_CopyToSendMailbox

.rodata.asEntryDesc0x1C3x%82
                0x0000000000005610       0xc8